=== V1 validity: back == base strict ===
traversal: 0 px OK
night: 0 px OK
interior: 0 px OK
sly-closeup: 0 px OK
hero: 0 px OK

=== mask instrument ===
traversal: mask px 7052
night: mask px 3174
interior: mask px 10681
sly-closeup: mask px 66687
hero: mask px 17390

=== V2/V3/V4 ===
traversal: changed 92 mean|dL| 5.78 darker 83.7%  V3 inside 92/92 -> OK  V4 brighter 15 <= 32 -> OK
night: changed 0 mean|dL| 0.00 darker -%  V3 inside 0/0 -> OK  V4 brighter 0 <= 32 -> OK
interior: changed 0 mean|dL| 0.00 darker -%  V3 inside 0/0 -> OK  V4 brighter 0 <= 32 -> OK
sly-closeup: changed 2565 mean|dL| 5.10 darker 97.3%  V3 inside 2565/2565 -> OK  V4 brighter 68 <= 129 -> OK
hero: changed 7 mean|dL| 4.74 darker 57.1%  V3 inside 7/7 -> OK  V4 brighter 3 <= 32 -> OK
V2 (sly-closeup): 2565 px, mean 5.1, darker 97.3% -> OK

=== V5 halo-keep ===
LAMPS: subj1 d 0.000  bloomoff d -33.506
MOON: subj1 d 0.000  bloomoff d -33.340
TORCH_A: subj1 d 0.000  bloomoff d -10.938
TORCH_B: subj1 d 0.000  bloomoff d -14.823
V5 -> OK (bloom-carried ROIs: 4/4, need >=2)

V6 crops written (closeup base/subj1 3x + diffmap x8)
report: traversal SUBJ-DISPLAY d 0.000  BALL d 0.000

verdict (pre-looking): SHIP (pending V6 looking)
wrote /home/user/Demo/shots/c10postfx2/verdict2.json — this file evaluates; the RESULT decides, after the crops have been looked at.
