orig sha c37d5c2df2733ca2202f65d35fdf82bb44d58f48da9b5b8b460294b0f1f36388  cand sha cd8ff982463c0ed0b901198f245011598e1a89a886e65b8883d9cb3b5a2e55c5
treestamp: head 104470d5bb2a91636ea79c85e2b9a18bea3065f3 dirty src: (none)
installed candidate -> /home/user/Demo/src/render/PostFX.js (sha cd8ff982463c0ed0b901198f245011598e1a89a886e65b8883d9cb3b5a2e55c5)
renderer: ANGLE (Google, Vulkan 1.3.0 (SwiftShader Device (Subzero) (0x0000C0DE)), SwiftShader driver)
   ! textures: prewarm 23 recipes in 2.56s at size 1024 on 3 workers (125 MB, 23 baked / 0 generated)
   ! KayKit (props): 36 placed from 11 models, 0 failed, 31064 tris, 29 colliders, 36 contact decals, 0 hulls
   ! SlyModelDLRig: relaxed 6070 glove vertices, max move 17.8 (asset units)
   ! SlyModelDLRig: staff submesh dropped (258 tris), sly-cane.glb (§294) socketed to handR (grip 22.2 mm, 258 tris)
--- traversal.base  326s  t=0.2947 tod=0.77  bloom=true T=[2.2,0.3] subjCut=0  subjBBox=[441,195,735,390] mask:dumped
--- traversal.subj1  70s  t=0.2947 tod=0.77  bloom=true T=[2.2,0.3] subjCut=1  subjBBox=[441,195,735,390]
--- traversal.back  58s  t=0.2947 tod=0.77  bloom=true T=[2.2,0.3] subjCut=0  subjBBox=[441,195,735,390]
--- night.base  349s  t=0.2947 tod=0.02  bloom=true T=[2.2,0.3] subjCut=0  subjBBox=[638,354,846,503] mask:dumped
--- night.subj1  63s  t=0.2947 tod=0.02  bloom=true T=[2.2,0.3] subjCut=1  subjBBox=[638,354,846,503]
--- night.bloomoff  62s  t=0.2947 tod=0.02  bloom=false T=[2.2,0.3] subjCut=1  subjBBox=[638,354,846,503]
--- night.back  65s  t=0.2947 tod=0.02  bloom=true T=[2.2,0.3] subjCut=0  subjBBox=[638,354,846,503]
--- interior.base  144s  t=0.2947 tod=0.5  bloom=true T=[2.2,0.3] subjCut=0  subjBBox=[466,331,820,654] mask:dumped
--- interior.subj1  28s  t=0.2947 tod=0.5  bloom=true T=[2.2,0.3] subjCut=1  subjBBox=[466,331,820,654]
--- interior.bloomoff  25s  t=0.2947 tod=0.5  bloom=false T=[2.2,0.3] subjCut=1  subjBBox=[466,331,820,654]
--- interior.back  25s  t=0.2947 tod=0.5  bloom=true T=[2.2,0.3] subjCut=0  subjBBox=[466,331,820,654]
--- sly-closeup.base  316s  t=0.2947 tod=0.8  bloom=true T=[2.2,0.3] subjCut=0  subjBBox=[220,-38,1211,926] mask:dumped
--- sly-closeup.subj1  56s  t=0.2947 tod=0.8  bloom=true T=[2.2,0.3] subjCut=1  subjBBox=[220,-38,1211,926]
--- sly-closeup.back  57s  t=0.2947 tod=0.8  bloom=true T=[2.2,0.3] subjCut=0  subjBBox=[220,-38,1211,926]
--- hero.base  377s  t=0.2947 tod=0.79  bloom=true T=[2.2,0.3] subjCut=0  subjBBox=[158,96,661,459] mask:dumped
--- hero.subj1  64s  t=0.2947 tod=0.79  bloom=true T=[2.2,0.3] subjCut=1  subjBBox=[158,96,661,459]
--- hero.back  61s  t=0.2947 tod=0.79  bloom=true T=[2.2,0.3] subjCut=0  subjBBox=[158,96,661,459]
restored /home/user/Demo/src/render/PostFX.js (sha c37d5c2df2733ca2202f65d35fdf82bb44d58f48da9b5b8b460294b0f1f36388) == orig OK

critic10postfx2 DONE -> /home/user/Demo/shots/c10postfx2/c10postfx2.json
