orig  /home/user/Demo/src/render/PostFX.js  sha256 c37d5c2df2733ca2202f65d35fdf82bb44d58f48da9b5b8b460294b0f1f36388
cand  /home/user/Demo/progress/records/critic10postfx/PostFX.cand.js sha256 cd8ff982463c0ed0b901198f245011598e1a89a886e65b8883d9cb3b5a2e55c5
· waiting for capture lock (10s, held by pid 24041)
· waiting for capture lock (20s, held by pid 24041)
· waiting for capture lock (31s, held by pid 24041)
· waiting for capture lock (41s, held by pid 24041)
· waiting for capture lock (51s, held by pid 24041)
· waiting for capture lock (62s, held by pid 24041)
· waiting for capture lock (72s, held by pid 24041)
· waiting for capture lock (82s, held by pid 24041)
· waiting for capture lock (93s, held by pid 24041)
· waiting for capture lock (104s, held by pid 24041)
· waiting for capture lock (115s, held by pid 24041)
· waiting for capture lock (125s, held by pid 24041)
· waiting for capture lock (136s, held by pid 24041)
· waiting for capture lock (147s, held by pid 24041)
· waiting for capture lock (157s, held by pid 24041)
· waiting for capture lock (167s, held by pid 24041)
· waiting for capture lock (178s, held by pid 24041)
· waiting for capture lock (189s, held by pid 24041)
· waiting for capture lock (199s, held by pid 24041)
· waiting for capture lock (209s, held by pid 24041)
· waiting for capture lock (220s, held by pid 24041)
· waiting for capture lock (231s, held by pid 24041)
· waiting for capture lock (241s, held by pid 24041)
· waiting for capture lock (252s, held by pid 24041)
· waiting for capture lock (263s, held by pid 24041)
· waiting for capture lock (273s, held by pid 24041)
· waiting for capture lock (283s, held by pid 24041)
· waiting for capture lock (294s, held by pid 24041)
· waiting for capture lock (304s, held by pid 24041)
· waiting for capture lock (315s, held by pid 24041)
· waiting for capture lock (326s, held by pid 24041)
· waiting for capture lock (336s, held by pid 24041)
· waiting for capture lock (347s, held by pid 24041)
· waiting for capture lock (357s, held by pid 24041)
· waiting for capture lock (368s, held by pid 24041)
· waiting for capture lock (379s, held by pid 24041)
· waiting for capture lock (389s, held by pid 24041)
· waiting for capture lock (400s, held by pid 24041)
· waiting for capture lock (411s, held by pid 24041)
· waiting for capture lock (421s, held by pid 24041)
· waiting for capture lock (432s, held by pid 24041)
· waiting for capture lock (442s, held by pid 24041)
· waiting for capture lock (452s, held by pid 24041)
· waiting for capture lock (463s, held by pid 24041)
· waiting for capture lock (473s, held by pid 24041)
· waiting for capture lock (484s, held by pid 24041)
· waiting for capture lock (494s, held by pid 24041)
· waiting for capture lock (505s, held by pid 24041)
· waiting for capture lock (515s, held by pid 24041)
· waiting for capture lock (526s, held by pid 24041)
· waiting for capture lock (537s, held by pid 24041)
· waiting for capture lock (548s, held by pid 24041)
· waiting for capture lock (558s, held by pid 24041)
· waiting for capture lock (569s, held by pid 24041)
· waiting for capture lock (579s, held by pid 24041)
· waiting for capture lock (589s, held by pid 24041)
· waiting for capture lock (599s, held by pid 24041)
· waiting for capture lock (609s, held by pid 24041)
· waiting for capture lock (620s, held by pid 24041)
· waiting for capture lock (630s, held by pid 24041)
· waiting for capture lock (641s, held by pid 24041)
· waiting for capture lock (651s, held by pid 24041)
· waiting for capture lock (662s, held by pid 24041)
· waiting for capture lock (673s, held by pid 24041)
· waiting for capture lock (683s, held by pid 24041)
· waiting for capture lock (694s, held by pid 24041)
· waiting for capture lock (705s, held by pid 24041)
· waiting for capture lock (715s, held by pid 24041)
· waiting for capture lock (725s, held by pid 24041)
· waiting for capture lock (736s, held by pid 24041)
· waiting for capture lock (746s, held by pid 24041)
· waiting for capture lock (757s, held by pid 24041)
· waiting for capture lock (767s, held by pid 24041)
· waiting for capture lock (778s, held by pid 24041)
· waiting for capture lock (789s, held by pid 24041)
· waiting for capture lock (799s, held by pid 24041)
· waiting for capture lock (810s, held by pid 24041)
· waiting for capture lock (820s, held by pid 24041)
· waiting for capture lock (831s, held by pid 24041)
· waiting for capture lock (841s, held by pid 24041)
· waiting for capture lock (851s, held by pid 24041)
· waiting for capture lock (862s, held by pid 24041)
· waiting for capture lock (872s, held by pid 24041)
· waiting for capture lock (883s, held by pid 24041)
· waiting for capture lock (893s, held by pid 24041)
· waiting for capture lock (904s, held by pid 24041)
· waiting for capture lock (915s, held by pid 24041)
· waiting for capture lock (926s, held by pid 24041)
· waiting for capture lock (937s, held by pid 24041)
· waiting for capture lock (947s, held by pid 24041)
· waiting for capture lock (957s, held by pid 24041)
· waiting for capture lock (968s, held by pid 24041)
· waiting for capture lock (978s, held by pid 24041)
· waiting for capture lock (989s, held by pid 24041)
· waiting for capture lock (1000s, held by pid 24041)
· waiting for capture lock (1011s, held by pid 24041)
· waiting for capture lock (1021s, held by pid 24041)
· waiting for capture lock (1032s, held by pid 24041)
· waiting for capture lock (1042s, held by pid 24041)
· waiting for capture lock (1052s, held by pid 24041)
· waiting for capture lock (1063s, held by pid 24041)
· waiting for capture lock (1074s, held by pid 24041)
· waiting for capture lock (1084s, held by pid 24041)
· waiting for capture lock (1094s, held by pid 24041)
· waiting for capture lock (1104s, held by pid 24041)
· waiting for capture lock (1115s, held by pid 24041)
· waiting for capture lock (1125s, held by pid 24041)
· waiting for capture lock (1136s, held by pid 24041)
· waiting for capture lock (1146s, held by pid 24041)
· waiting for capture lock (1157s, held by pid 24041)
· waiting for capture lock (1167s, held by pid 24041)
· waiting for capture lock (1177s, held by pid 24041)
· waiting for capture lock (1188s, held by pid 24041)
· waiting for capture lock (1198s, held by pid 24041)
· waiting for capture lock (1209s, held by pid 24041)
· waiting for capture lock (1219s, held by pid 24041)
· waiting for capture lock (1229s, held by pid 24041)
· waiting for capture lock (1240s, held by pid 24041)
· waiting for capture lock (1250s, held by pid 24041)
· waiting for capture lock (1261s, held by pid 24041)
· waiting for capture lock (1272s, held by pid 24041)
· waiting for capture lock (1282s, held by pid 24041)
· waiting for capture lock (1293s, held by pid 24041)
· waiting for capture lock (1303s, held by pid 24041)
· waiting for capture lock (1314s, held by pid 24041)
· waiting for capture lock (1324s, held by pid 25647)
· waiting for capture lock (1335s, held by pid 25647)
· waiting for capture lock (1345s, held by pid 25647)
· waiting for capture lock (1355s, held by pid 25647)
· waiting for capture lock (1367s, held by pid 25647)
· waiting for capture lock (1377s, held by pid 25647)
· waiting for capture lock (1388s, held by pid 25647)
· waiting for capture lock (1398s, held by pid 25647)
· waiting for capture lock (1409s, held by pid 25647)
· waiting for capture lock (1419s, held by pid 25647)
· waiting for capture lock (1430s, held by pid 25647)
· waiting for capture lock (1441s, held by pid 25647)
· waiting for capture lock (1451s, held by pid 25647)
· waiting for capture lock (1461s, held by pid 25647)
· waiting for capture lock (1472s, held by pid 25647)
· waiting for capture lock (1482s, held by pid 25647)
· waiting for capture lock (1493s, held by pid 25647)
· waiting for capture lock (1504s, held by pid 25647)
· waiting for capture lock (1514s, held by pid 25647)
· waiting for capture lock (1525s, held by pid 25647)
· waiting for capture lock (1535s, held by pid 25647)
· waiting for capture lock (1545s, held by pid 25647)
· waiting for capture lock (1555s, held by pid 25647)
· waiting for capture lock (1566s, held by pid 25647)
· waiting for capture lock (1577s, held by pid 25647)
· waiting for capture lock (1588s, held by pid 25647)
· waiting for capture lock (1599s, held by pid 25647)
· waiting for capture lock (1609s, held by pid 25647)
· waiting for capture lock (1619s, held by pid 25647)
· waiting for capture lock (1630s, held by pid 25647)
· waiting for capture lock (1642s, held by pid 25647)
· waiting for capture lock (1652s, held by pid 25647)
· waiting for capture lock (1662s, held by pid 25647)
· waiting for capture lock (1673s, held by pid 25647)
· waiting for capture lock (1683s, held by pid 25647)
· waiting for capture lock (1694s, held by pid 25647)
· waiting for capture lock (1704s, held by pid 25647)
· waiting for capture lock (1714s, held by pid 25647)
· waiting for capture lock (1725s, held by pid 25647)
· waiting for capture lock (1736s, held by pid 25647)
· waiting for capture lock (1747s, held by pid 25647)
· waiting for capture lock (1757s, held by pid 25647)
· waiting for capture lock (1767s, held by pid 25647)
· waiting for capture lock (1778s, held by pid 25647)
· waiting for capture lock (1788s, held by pid 25647)
· waiting for capture lock (1799s, held by pid 25647)
· waiting for capture lock (1809s, held by pid 25647)
· waiting for capture lock (1820s, held by pid 25647)
· waiting for capture lock (1831s, held by pid 25647)
· waiting for capture lock (1841s, held by pid 25647)
· waiting for capture lock (1852s, held by pid 25647)
· waiting for capture lock (1863s, held by pid 25647)
· waiting for capture lock (1874s, held by pid 25647)
· waiting for capture lock (1885s, held by pid 25647)
· waiting for capture lock (1895s, held by pid 25647)
· waiting for capture lock (1906s, held by pid 25647)
· waiting for capture lock (1916s, held by pid 25647)
· waiting for capture lock (1927s, held by pid 25647)
· waiting for capture lock (1937s, held by pid 25647)
· waiting for capture lock (1948s, held by pid 25647)
· waiting for capture lock (1958s, held by pid 25647)
· waiting for capture lock (1969s, held by pid 25647)
· waiting for capture lock (1979s, held by pid 25647)
· waiting for capture lock (1989s, held by pid 25647)
· waiting for capture lock (2000s, held by pid 25647)
· waiting for capture lock (2011s, held by pid 25647)
· waiting for capture lock (2021s, held by pid 25647)
· waiting for capture lock (2032s, held by pid 25647)
· waiting for capture lock (2042s, held by pid 25647)
· waiting for capture lock (2053s, held by pid 25647)
· waiting for capture lock (2063s, held by pid 25647)
· waiting for capture lock (2074s, held by pid 25647)
· waiting for capture lock (2084s, held by pid 25647)
· waiting for capture lock (2095s, held by pid 25647)
· waiting for capture lock (2106s, held by pid 25647)
· waiting for capture lock (2116s, held by pid 25647)
· waiting for capture lock (2127s, held by pid 25647)
· waiting for capture lock (2137s, held by pid 25647)
· waiting for capture lock (2147s, held by pid 25647)
· waiting for capture lock (2158s, held by pid 25647)
· waiting for capture lock (2169s, held by pid 25647)
· waiting for capture lock (2179s, held by pid 25647)
· waiting for capture lock (2189s, held by pid 25647)
· waiting for capture lock (2199s, held by pid 25647)
· waiting for capture lock (2210s, held by pid 25647)
· waiting for capture lock (2221s, held by pid 25647)
· waiting for capture lock (2231s, held by pid 25647)
· waiting for capture lock (2242s, held by pid 25647)
· waiting for capture lock (2252s, held by pid 25647)
· waiting for capture lock (2263s, held by pid 25647)
· waiting for capture lock (2274s, held by pid 25647)
· waiting for capture lock (2285s, held by pid 25647)
· waiting for capture lock (2295s, held by pid 25647)
· waiting for capture lock (2306s, held by pid 25647)
· waiting for capture lock (2317s, held by pid 25647)
· waiting for capture lock (2328s, held by pid 25647)
· waiting for capture lock (2338s, held by pid 25647)
· waiting for capture lock (2348s, held by pid 25647)
· waiting for capture lock (2359s, held by pid 25647)
· waiting for capture lock (2370s, held by pid 25647)
· waiting for capture lock (2381s, held by pid 25647)
· waiting for capture lock (2391s, held by pid 25647)
· waiting for capture lock (2401s, held by pid 25647)
· waiting for capture lock (2412s, held by pid 25647)
· waiting for capture lock (2422s, held by pid 25647)
· waiting for capture lock (2432s, held by pid 25647)
· waiting for capture lock (2443s, held by pid 25647)
· waiting for capture lock (2453s, held by pid 25647)
· waiting for capture lock (2464s, held by pid 25647)
· waiting for capture lock (2474s, held by pid 25647)
· waiting for capture lock (2484s, held by pid 25647)
· waiting for capture lock (2494s, held by pid 25647)
· waiting for capture lock (2504s, held by pid 25647)
· waiting for capture lock (2515s, held by pid 25647)
· waiting for capture lock (2526s, held by pid 25647)
· waiting for capture lock (2536s, held by pid 25647)
· waiting for capture lock (2547s, held by pid 25647)
· waiting for capture lock (2557s, held by pid 25647)
· waiting for capture lock (2568s, held by pid 25647)
· waiting for capture lock (2579s, held by pid 25647)
· waiting for capture lock (2589s, held by pid 25647)
· waiting for capture lock (2600s, held by pid 25647)
· waiting for capture lock (2610s, held by pid 25647)
· waiting for capture lock (2621s, held by pid 25647)
· waiting for capture lock (2631s, held by pid 25647)
· waiting for capture lock (2641s, held by pid 25647)
· waiting for capture lock (2652s, held by pid 25647)
· waiting for capture lock (2663s, held by pid 25647)
· waiting for capture lock (2673s, held by pid 25647)
· waiting for capture lock (2684s, held by pid 25647)
· waiting for capture lock (2694s, held by pid 25647)
· waiting for capture lock (2705s, held by pid 25647)
· waiting for capture lock (2715s, held by pid 25647)
· waiting for capture lock (2726s, held by pid 25647)
· waiting for capture lock (2737s, held by pid 25647)
· waiting for capture lock (2747s, held by pid 25647)
· waiting for capture lock (2758s, held by pid 25647)
· waiting for capture lock (2768s, held by pid 25647)
· waiting for capture lock (2779s, held by pid 25647)
· waiting for capture lock (2789s, held by pid 25647)
· waiting for capture lock (2799s, held by pid 25647)
treestamp: head eeccb0a22919df38e5ed912d9d78eb120ef3fc7f dirty src: (none)
installed candidate -> /home/user/Demo/src/render/PostFX.js (sha cd8ff982463c0ed0b901198f245011598e1a89a886e65b8883d9cb3b5a2e55c5)
renderer: ANGLE (Google, Vulkan 1.3.0 (SwiftShader Device (Subzero) (0x0000C0DE)), SwiftShader driver)
   ! textures: prewarm 23 recipes in 1.27s at size 1024 on 3 workers (125 MB, 23 baked / 0 generated)
   ! KayKit (props): 36 placed from 11 models, 0 failed, 31064 tris, 29 colliders, 36 contact decals, 0 hulls
   ! SlyModelDLRig: relaxed 6070 glove vertices, max move 17.8 (asset units)
   ! SlyModelDLRig: staff submesh dropped (258 tris), sly-cane.glb (§294) socketed to handR (grip 22.2 mm, 258 tris)
--- traversal.base  299s  t=0.25 tod=0.77  bloom=true T=[2.2,0.3] subjCut=0  subjBBox=[441,195,735,390]
    applied: baseline
--- traversal.subj1  47s  t=0.25 tod=0.77  bloom=true T=[2.2,0.3] subjCut=1  subjBBox=[441,195,735,390]
    applied: bloomSubjectCut=1
--- traversal.T260  46s  t=0.25 tod=0.77  bloom=true T=[2.6,0.3] subjCut=0  subjBBox=[441,195,735,390]
    applied: bloomThreshold=2.6 bloomKnee=0.3
--- traversal.T290  52s  t=0.25 tod=0.77  bloom=true T=[2.9,0.2] subjCut=0  subjBBox=[441,195,735,390]
    applied: bloomThreshold=2.9 bloomKnee=0.2
--- traversal.bloomoff  47s  t=0.25 tod=0.77  bloom=false T=[2.9,0.2] subjCut=0  subjBBox=[441,195,735,390]
    applied: bloom OFF
--- traversal.sparkoff  47s  t=0.25 tod=0.77  bloom=true T=[2.2,0.3] subjCut=0  subjBBox=[441,195,735,390]
    applied: OFF system sparkles
--- traversal.back  45s  t=0.25 tod=0.77  bloom=true T=[2.2,0.3] subjCut=0  subjBBox=[441,195,735,390]
    applied: baseline
