· review set "r7" at 1280x720 q=high
  ✓ hero          draws  238  tris 1844k
  ✓ kaykit        draws  218  tris 1817k
  ✓ temple        draws  217  tris 1816k
  ✓ sly-closeup   draws  241  tris 1769k
  ✓ sly-startle   draws  166  tris 1359k
  ✓ sly-perch     draws  241  tris 1769k
  ✓ sly-arm       draws  158  tris 1343k
  ✓ courtyard     draws  259  tris 1813k
  ✓ dunes         draws  249  tris 1691k
  ✓ interior      draws  145  tris 828k
  ✓ night         draws  263  tris 1946k
  ✓ traversal     draws  231  tris 1855k
  ✓ combat        draws  204  tris 1661k
  ✓ guard         draws  182  tris 1523k
  ✓ sly-profile   draws  221  tris 1731k
  ✓ sly-key       draws  235  tris 1755k
· 3 runtime warning(s):
    ! textures: prewarm took 18.0s at size 1024
    ! KayKit (props): 36 placed from 11 models, 0 failed, 31064 tris, 29 colliders
    ! SlyModelDLRig: relaxed 6070 glove vertices, max move 12.0 (asset units)
· 1 console error(s):
    ! Failed to load resource: the server responded with a status of 404 (Not Found)

→ shots/r7/  (16 frames)
