· waiting for capture lock (10s, held by pid 16832)
· waiting for capture lock (20s, held by pid 16832)
· waiting for capture lock (31s, held by pid 16832)
· waiting for capture lock (41s, held by pid 16832)
· waiting for capture lock (51s, held by pid 16832)
· waiting for capture lock (62s, held by pid 16832)
· waiting for capture lock (72s, held by pid 16832)
· waiting for capture lock (83s, held by pid 16832)
· waiting for capture lock (93s, held by pid 16832)
· waiting for capture lock (103s, held by pid 16832)
· waiting for capture lock (113s, held by pid 16832)
· waiting for capture lock (123s, held by pid 16832)
· waiting for capture lock (134s, held by pid 16832)
· waiting for capture lock (144s, held by pid 16832)
· waiting for capture lock (155s, held by pid 16832)
· waiting for capture lock (166s, held by pid 16832)
· waiting for capture lock (176s, held by pid 16832)
· waiting for capture lock (187s, held by pid 16832)
· waiting for capture lock (197s, held by pid 16832)
· waiting for capture lock (207s, held by pid 16832)
· waiting for capture lock (218s, held by pid 16832)
· waiting for capture lock (228s, held by pid 16832)
· waiting for capture lock (239s, held by pid 16832)
· waiting for capture lock (250s, held by pid 16832)
· waiting for capture lock (260s, held by pid 16832)
· waiting for capture lock (270s, held by pid 16832)
· waiting for capture lock (281s, held by pid 16832)
· waiting for capture lock (292s, held by pid 16832)
· waiting for capture lock (302s, held by pid 16832)
· waiting for capture lock (313s, held by pid 16832)
· waiting for capture lock (323s, held by pid 16832)
· waiting for capture lock (334s, held by pid 16832)
· waiting for capture lock (345s, held by pid 16832)
· waiting for capture lock (355s, held by pid 16832)
· waiting for capture lock (365s, held by pid 16832)
· waiting for capture lock (375s, held by pid 16832)
· waiting for capture lock (385s, held by pid 16832)
· waiting for capture lock (396s, held by pid 16832)
· waiting for capture lock (407s, held by pid 16832)
· waiting for capture lock (417s, held by pid 16832)
· waiting for capture lock (427s, held by pid 16832)
· waiting for capture lock (437s, held by pid 16832)
· waiting for capture lock (448s, held by pid 16832)
· waiting for capture lock (459s, held by pid 16832)
· waiting for capture lock (469s, held by pid 16832)
· waiting for capture lock (480s, held by pid 16832)
· waiting for capture lock (491s, held by pid 16832)
· waiting for capture lock (501s, held by pid 16832)
· waiting for capture lock (512s, held by pid 16832)
· waiting for capture lock (522s, held by pid 16832)
· waiting for capture lock (532s, held by pid 16832)
· waiting for capture lock (543s, held by pid 16832)
· waiting for capture lock (554s, held by pid 16832)
· waiting for capture lock (565s, held by pid 16832)
· waiting for capture lock (575s, held by pid 16832)
· waiting for capture lock (586s, held by pid 16832)
· waiting for capture lock (597s, held by pid 16832)
· waiting for capture lock (607s, held by pid 16832)
· waiting for capture lock (618s, held by pid 16832)
· waiting for capture lock (628s, held by pid 16832)
· waiting for capture lock (639s, held by pid 16832)
· waiting for capture lock (650s, held by pid 16832)
· waiting for capture lock (660s, held by pid 16832)
· waiting for capture lock (670s, held by pid 16832)
· waiting for capture lock (680s, held by pid 16832)
· waiting for capture lock (691s, held by pid 16832)
· waiting for capture lock (701s, held by pid 16832)
· waiting for capture lock (711s, held by pid 16832)
· waiting for capture lock (722s, held by pid 16832)
· waiting for capture lock (732s, held by pid 16832)
· waiting for capture lock (743s, held by pid 16832)
· waiting for capture lock (753s, held by pid 16832)
· waiting for capture lock (764s, held by pid 16832)
· waiting for capture lock (774s, held by pid 16832)
· waiting for capture lock (785s, held by pid 16832)
· waiting for capture lock (796s, held by pid 16832)
· waiting for capture lock (806s, held by pid 16832)
· waiting for capture lock (816s, held by pid 16832)
· waiting for capture lock (827s, held by pid 16832)
· waiting for capture lock (837s, held by pid 16832)
· waiting for capture lock (848s, held by pid 16832)
· waiting for capture lock (858s, held by pid 16832)
· waiting for capture lock (869s, held by pid 16832)
· waiting for capture lock (879s, held by pid 16832)
· waiting for capture lock (890s, held by pid 16832)
· waiting for capture lock (900s, held by pid 16832)
· waiting for capture lock (910s, held by pid 16832)
· waiting for capture lock (921s, held by pid 16832)
· waiting for capture lock (931s, held by pid 16832)
· waiting for capture lock (942s, held by pid 16832)
· waiting for capture lock (952s, held by pid 16832)
· waiting for capture lock (963s, held by pid 16832)
· waiting for capture lock (973s, held by pid 16832)
· waiting for capture lock (984s, held by pid 16832)
· waiting for capture lock (994s, held by pid 16832)
· waiting for capture lock (1005s, held by pid 16832)
· waiting for capture lock (1015s, held by pid 16832)
· waiting for capture lock (1026s, held by pid 16832)
· waiting for capture lock (1037s, held by pid 16832)
· waiting for capture lock (1047s, held by pid 16832)
· waiting for capture lock (1057s, held by pid 16832)
· waiting for capture lock (1068s, held by pid 16832)
· waiting for capture lock (1078s, held by pid 16832)
· waiting for capture lock (1088s, held by pid 16832)
· waiting for capture lock (1098s, held by pid 16832)
· waiting for capture lock (1109s, held by pid 16832)
· waiting for capture lock (1120s, held by pid 16832)
· waiting for capture lock (1130s, held by pid 16832)
· waiting for capture lock (1141s, held by pid 16832)
· waiting for capture lock (1152s, held by pid 16832)
· waiting for capture lock (1162s, held by pid 16832)
· waiting for capture lock (1173s, held by pid 16832)
· waiting for capture lock (1184s, held by pid 16832)
· waiting for capture lock (1194s, held by pid 16832)
· waiting for capture lock (1205s, held by pid 16832)
· waiting for capture lock (1215s, held by pid 16832)
· waiting for capture lock (1226s, held by pid 16832)
· waiting for capture lock (1236s, held by pid 16832)
· waiting for capture lock (1246s, held by pid 16832)
· waiting for capture lock (1257s, held by pid 16832)
· waiting for capture lock (1268s, held by pid 16832)
· waiting for capture lock (1279s, held by pid 16832)
· waiting for capture lock (1289s, held by pid 16832)
· waiting for capture lock (1300s, held by pid 16832)
· waiting for capture lock (1310s, held by pid 16832)
· waiting for capture lock (1321s, held by pid 16832)
· waiting for capture lock (1331s, held by pid 16832)
· waiting for capture lock (1341s, held by pid 16832)
· waiting for capture lock (1352s, held by pid 16832)
· waiting for capture lock (1362s, held by pid 16832)
· waiting for capture lock (1373s, held by pid 16832)
· waiting for capture lock (1384s, held by pid 16832)
· waiting for capture lock (1395s, held by pid 16832)
· waiting for capture lock (1406s, held by pid 16832)
· waiting for capture lock (1416s, held by pid 16832)
· waiting for capture lock (1428s, held by pid 16832)
· waiting for capture lock (1438s, held by pid 16832)
· waiting for capture lock (1448s, held by pid 16832)
· waiting for capture lock (1459s, held by pid 16832)
· waiting for capture lock (1470s, held by pid 16832)
· waiting for capture lock (1481s, held by pid 16832)
· waiting for capture lock (1491s, held by pid 16832)
· waiting for capture lock (1501s, held by pid 16832)
· waiting for capture lock (1511s, held by pid 16832)
· waiting for capture lock (1521s, held by pid 16832)
· waiting for capture lock (1532s, held by pid 16832)
· waiting for capture lock (1542s, held by pid 16832)
· waiting for capture lock (1553s, held by pid 16832)
· waiting for capture lock (1564s, held by pid 16832)
· waiting for capture lock (1574s, held by pid 16832)
· waiting for capture lock (1584s, held by pid 16832)
· waiting for capture lock (1594s, held by pid 16832)
· waiting for capture lock (1604s, held by pid 16832)
· waiting for capture lock (1615s, held by pid 16832)
[1725s] boot ok — renderer ANGLE (Google, Vulkan 1.3.0 (SwiftShader Device (Subzero) (0x0000C0DE)), SwiftShader driver); warnings 2
[1725s]    ! textures: prewarm took 28.1s at size 1024
[1725s]    ! SlyModelDL: dropped 16 triangle(s) with non-finite corners (OBJLoader forward-reference; see dropNonFiniteTriangles)
[1725s] identity: root="slydl" mesh="slydl:mesh" bones=31 verts=39915 mats=4
[2290s]   sly-closeup  564s -> sly-closeup.dl.png
