
=== courtyard: strict 660 px (ΣRGB>=4: 500), max single-channel Δ 131, bbox x61-1052 y157-625
  behind-after vs REGISTERED backdrop rule (graded units, luma<60 AND R/B<0.5):
    IN population:  402 px (60.9 %)  [core (luma<52 & rb<0.42): 387; inside soft-ramp edge zone: 15]
    OUT of population: 258 px (39.1 %)
  behind-after luma histogram (30-wide bins from 0): [35, 507, 89, 22, 5, 2, 0, 0]
  OUT-of-population pixels (sorted by behind-after luma, up to 40 shown):
    (235,343) base rgb(192,157,113) -> after rgb(192,156,112)  luma 160.5 R/B 1.71  removed dL +0.79  ΣΔ 2
    (236,343) base rgb(194,158,115) -> after rgb(188,153,111)  luma 157.4 R/B 1.69  removed dL +5.14  ΣΔ 15
    (237,343) base rgb(179,143,104) -> after rgb(161,129,102)  luma 133.9 R/B 1.58  removed dL +13.98  ΣΔ 34
    (962,198) base rgb(165,132,94) -> after rgb(153,124,91)  luma 127.8 R/B 1.68  removed dL +8.49  ΣΔ 23
    (965,198) base rgb(162,139,105) -> after rgb(147,125,95)  luma 127.5 R/B 1.55  removed dL +13.92  ΣΔ 39
    (966,198) base rgb(143,121,92) -> after rgb(143,123,96)  luma 125.3 R/B 1.49  removed dL -1.72  ΣΔ 6
    (234,343) base rgb(122,94,80) -> after rgb(151,120,89)  luma 124.4 R/B 1.7  removed dL -25.41  ΣΔ 64
    (963,198) base rgb(175,141,101) -> after rgb(137,112,87)  luma 115.5 R/B 1.57  removed dL +29.83  ΣΔ 81
    (234,342) base rgb(163,129,95) -> after rgb(137,110,91)  luma 114.4 R/B 1.51  removed dL +19.41  ΣΔ 49
    (122,614) base rgb(155,103,66) -> after rgb(153,101,65)  luma 109.5 R/B 2.35  removed dL +1.93  ΣΔ 5
    (238,343) base rgb(103,79,74) -> after rgb(132,103,93)  luma 108.4 R/B 1.42  removed dL -24.7  ΣΔ 72
    (964,198) base rgb(167,142,106) -> after rgb(124,105,87)  luma 107.7 R/B 1.43  removed dL +36.98  ΣΔ 99
    (961,198) base rgb(131,108,83) -> after rgb(128,104,80)  luma 107.4 R/B 1.6  removed dL +3.72  ΣΔ 10
    (123,612) base rgb(149,99,64) -> after rgb(149,99,65)  luma 107.2 R/B 2.29  removed dL -0.07  ΣΔ 1
    (120,615) base rgb(151,107,78) -> after rgb(142,99,74)  luma 106.3 R/B 1.92  removed dL +7.92  ΣΔ 21
    (967,198) base rgb(90,76,68) -> after rgb(118,103,85)  luma 104.9 R/B 1.39  removed dL -26.49  ΣΔ 72
    (120,612) base rgb(141,99,70) -> after rgb(140,98,70)  luma 104.9 R/B 2  removed dL +0.93  ΣΔ 2
    (123,613) base rgb(149,97,61) -> after rgb(148,96,60)  luma 104.5 R/B 2.47  removed dL +1  ΣΔ 3
    (124,612) base rgb(144,94,61) -> after rgb(143,94,61)  luma 102 R/B 2.34  removed dL +0.21  ΣΔ 1
    (121,615) base rgb(148,105,77) -> after rgb(136,94,72)  luma 101.3 R/B 1.89  removed dL +10.78  ΣΔ 28
    (71,161) base rgb(123,100,84) -> after rgb(112,96,86)  luma 98.7 R/B 1.3  removed dL +5.06  ΣΔ 17
    (233,342) base rgb(108,83,76) -> after rgb(118,93,80)  luma 97.4 R/B 1.48  removed dL -9.57  ΣΔ 24
    (122,615) base rgb(146,103,76) -> after rgb(131,90,70)  luma 97.3 R/B 1.87  removed dL +12.92  ΣΔ 34
    (70,161) base rgb(133,114,102) -> after rgb(101,96,95)  luma 97 R/B 1.06  removed dL +20.18  ΣΔ 57
    (125,612) base rgb(142,92,60) -> after rgb(137,88,59)  luma 96.3 R/B 2.32  removed dL +4  ΣΔ 10
    (124,613) base rgb(147,95,60) -> after rgb(134,83,53)  luma 91.7 R/B 2.53  removed dL +11.85  ΣΔ 32
    (235,342) base rgb(193,157,113) -> after rgb(107,87,86)  luma 91.2 R/B 1.24  removed dL +70.3  ΣΔ 183
    (123,614) base rgb(153,101,65) -> after rgb(122,84,60)  luma 90.3 R/B 2.03  removed dL +19.11  ΣΔ 53
    (68,622) base rgb(124,84,62) -> after rgb(124,83,62)  luma 90.2 R/B 2  removed dL +0.72  ΣΔ 1
    (69,161) base rgb(99,80,80) -> after rgb(98,86,94)  luma 89.1 R/B 1.04  removed dL -5.09  ΣΔ 21
    (123,615) base rgb(137,97,71) -> after rgb(122,82,63)  luma 89.1 R/B 1.94  removed dL +14.49  ΣΔ 38
    (964,197) base rgb(152,133,103) -> after rgb(89,89,89)  luma 89 R/B 1  removed dL +45.87  ΣΔ 121
    (72,161) base rgb(119,92,77) -> after rgb(97,84,88)  luma 87.1 R/B 1.1  removed dL +9.6  ΣΔ 41
    (237,342) base rgb(175,140,105) -> after rgb(100,83,84)  luma 86.7 R/B 1.19  removed dL +58.23  ΣΔ 153
    (131,614) base rgb(107,81,69) -> after rgb(108,80,69)  luma 85.2 R/B 1.57  removed dL +0.5  ΣΔ 2
    (236,342) base rgb(194,159,115) -> after rgb(98,81,85)  luma 84.9 R/B 1.15  removed dL +78.36  ΣΔ 204
    (1049,159) base rgb(100,82,74) -> after rgb(100,81,74)  luma 84.5 R/B 1.35  removed dL +0.72  ΣΔ 1
    (133,611) base rgb(105,82,74) -> after rgb(102,79,74)  luma 83.5 R/B 1.38  removed dL +2.78  ΣΔ 6
    (1048,160) base rgb(101,85,84) -> after rgb(90,81,82)  luma 83 R/B 1.1  removed dL +5.34  ΣΔ 17
    (124,614) base rgb(149,98,63) -> after rgb(120,74,53)  luma 82.3 R/B 2.26  removed dL +24.05  ΣΔ 63
    ... and 218 more
  OUT pixels group into 17 16px-grid cells:
    cell 14,21: 75 px, box (229,336)-(239,344)
    cell 7,38: 50 px, box (120,610)-(127,618)
    cell 8,38: 30 px, box (128,609)-(133,618)
    cell 4,38: 22 px, box (64,620)-(71,623)
    cell 60,12: 19 px, box (960,197)-(969,199)
    cell 15,21: 17 px, box (240,338)-(245,343)
    cell 4,10: 11 px, box (68,160)-(77,162)
    cell 65,10: 8 px, box (1042,160)-(1049,160)
    cell 65,9: 7 px, box (1042,157)-(1050,159)
    cell 4,9: 5 px, box (66,158)-(76,159)
    cell 58,17: 4 px, box (931,282)-(935,285)
    cell 3,38: 4 px, box (61,621)-(63,622)
    cell 4,39: 2 px, box (65,625)-(66,625)
    cell 59,12: 1 px, box (959,198)-(959,198)
    cell 60,23: 1 px, box (965,369)-(965,369)
    cell 60,22: 1 px, box (967,366)-(967,366)
    cell 3,9: 1 px, box (61,159)-(61,159)

=== interior: strict 19 px (ΣRGB>=4: 1), max single-channel Δ 2, bbox x293-300 y143-146
  behind-after vs REGISTERED backdrop rule (graded units, luma<60 AND R/B<0.5):
    IN population:  0 px (0.0 %)  [core (luma<52 & rb<0.42): 0; inside soft-ramp edge zone: 0]
    OUT of population: 19 px (100.0 %)
  behind-after luma histogram (30-wide bins from 0): [0, 18, 1, 0, 0, 0, 0, 0]
  OUT-of-population pixels (sorted by behind-after luma, up to 40 shown):
    (298,143) base rgb(69,58,67) -> after rgb(68,58,67)  luma 60.8 R/B 1.01  removed dL +0.21  ΣΔ 1
    (298,146) base rgb(61,55,74) -> after rgb(60,56,75)  luma 58.2 R/B 0.8  removed dL -0.57  ΣΔ 3
    (293,146) base rgb(62,55,74) -> after rgb(61,55,74)  luma 57.6 R/B 0.82  removed dL +0.21  ΣΔ 1
    (294,146) base rgb(60,53,71) -> after rgb(60,53,72)  luma 55.9 R/B 0.83  removed dL -0.07  ΣΔ 1
    (297,146) base rgb(60,54,72) -> after rgb(60,53,72)  luma 55.9 R/B 0.83  removed dL +0.72  ΣΔ 1
    (299,146) base rgb(58,53,72) -> after rgb(56,51,71)  luma 53.5 R/B 0.79  removed dL +1.93  ΣΔ 5
    (294,143) base rgb(56,49,59) -> after rgb(57,50,59)  luma 52.1 R/B 0.97  removed dL -0.93  ΣΔ 2
    (297,145) base rgb(57,50,63) -> after rgb(57,49,63)  luma 51.7 R/B 0.9  removed dL +0.72  ΣΔ 1
    (297,144) base rgb(58,48,57) -> after rgb(57,48,57)  luma 50.6 R/B 1  removed dL +0.21  ΣΔ 1
    (293,145) base rgb(48,46,65) -> after rgb(47,46,65)  luma 47.6 R/B 0.72  removed dL +0.21  ΣΔ 1
    (300,144) base rgb(49,45,63) -> after rgb(48,45,63)  luma 46.9 R/B 0.76  removed dL +0.21  ΣΔ 1
    (298,144) base rgb(49,43,58) -> after rgb(50,44,59)  luma 46.4 R/B 0.85  removed dL -1  ΣΔ 3
    (298,145) base rgb(50,44,61) -> after rgb(49,44,61)  luma 46.3 R/B 0.8  removed dL +0.21  ΣΔ 1
    (296,145) base rgb(48,44,62) -> after rgb(47,44,61)  luma 45.9 R/B 0.77  removed dL +0.28  ΣΔ 2
    (300,145) base rgb(47,43,62) -> after rgb(46,43,62)  luma 45 R/B 0.74  removed dL +0.21  ΣΔ 1
    (295,145) base rgb(46,43,63) -> after rgb(45,43,63)  luma 44.9 R/B 0.71  removed dL +0.21  ΣΔ 1
    (296,144) base rgb(43,41,60) -> after rgb(42,41,60)  luma 42.6 R/B 0.7  removed dL +0.21  ΣΔ 1
    (293,143) base rgb(40,40,60) -> after rgb(41,40,60)  luma 41.7 R/B 0.68  removed dL -0.21  ΣΔ 1
    (294,144) base rgb(40,39,59) -> after rgb(39,39,59)  luma 40.4 R/B 0.66  removed dL +0.21  ΣΔ 1
  OUT pixels group into 2 16px-grid cells:
    cell 18,9: 16 px, box (293,144)-(300,146)
    cell 18,8: 3 px, box (293,143)-(298,143)

=== night: strict 12263 px (ΣRGB>=4: 8314), max single-channel Δ 80, bbox x0-1279 y5-719
  behind-after vs REGISTERED backdrop rule (graded units, luma<60 AND R/B<0.5):
    IN population:  9671 px (78.9 %)  [core (luma<52 & rb<0.42): 8114; inside soft-ramp edge zone: 1557]
    OUT of population: 2592 px (21.1 %)
  behind-after luma histogram (30-wide bins from 0): [4333, 6890, 986, 46, 8, 0, 0, 0]

=== temple: strict 5409 px (ΣRGB>=4: 4504), max single-channel Δ 151, bbox x382-860 y0-244
  behind-after vs REGISTERED backdrop rule (graded units, luma<60 AND R/B<0.5):
    IN population:  2963 px (54.8 %)  [core (luma<52 & rb<0.42): 2899; inside soft-ramp edge zone: 64]
    OUT of population: 2446 px (45.2 %)
  behind-after luma histogram (30-wide bins from 0): [18, 3020, 871, 249, 830, 421, 0, 0]
