· waiting for capture lock (10s, held by pid 5852)
· waiting for capture lock (22s, held by pid 5852)
· waiting for capture lock (33s, held by pid 5852)
· waiting for capture lock (43s, held by pid 5852)
· waiting for capture lock (54s, held by pid 5852)
· waiting for capture lock (65s, held by pid 5852)
· waiting for capture lock (75s, held by pid 5852)
· waiting for capture lock (86s, held by pid 5852)
· waiting for capture lock (96s, held by pid 5852)
· waiting for capture lock (107s, held by pid 5852)
· waiting for capture lock (117s, held by pid 5852)
· waiting for capture lock (128s, held by pid 5852)
· waiting for capture lock (139s, held by pid 5852)
· waiting for capture lock (149s, held by pid 5852)
· waiting for capture lock (159s, held by pid 5852)
· waiting for capture lock (170s, held by pid 5852)
· waiting for capture lock (180s, held by pid 5852)
· waiting for capture lock (191s, held by pid 5852)
· waiting for capture lock (202s, held by pid 5852)
· waiting for capture lock (213s, held by pid 5852)
· waiting for capture lock (223s, held by pid 5852)
· waiting for capture lock (234s, held by pid 5852)
· waiting for capture lock (244s, held by pid 5852)
· waiting for capture lock (255s, held by pid 5852)
· waiting for capture lock (266s, held by pid 5852)
· waiting for capture lock (276s, held by pid 5852)
· waiting for capture lock (287s, held by pid 5852)
· waiting for capture lock (297s, held by pid 5852)
· waiting for capture lock (307s, held by pid 5852)
· waiting for capture lock (318s, held by pid 5852)
· waiting for capture lock (328s, held by pid 5852)
· waiting for capture lock (340s, held by pid 5852)
· waiting for capture lock (350s, held by pid 5852)
· waiting for capture lock (361s, held by pid 5852)
· waiting for capture lock (371s, held by pid 5852)
· waiting for capture lock (382s, held by pid 5852)
· waiting for capture lock (392s, held by pid 5852)
· waiting for capture lock (402s, held by pid 5852)
· waiting for capture lock (412s, held by pid 5852)
· waiting for capture lock (423s, held by pid 5852)
· waiting for capture lock (434s, held by pid 5852)
· waiting for capture lock (444s, held by pid 5852)
· waiting for capture lock (455s, held by pid 5852)
· waiting for capture lock (466s, held by pid 5852)
· waiting for capture lock (477s, held by pid 5852)
· waiting for capture lock (488s, held by pid 5852)
· waiting for capture lock (499s, held by pid 5852)
· waiting for capture lock (509s, held by pid 5852)
· waiting for capture lock (519s, held by pid 6064)
· waiting for capture lock (530s, held by pid 6064)
· waiting for capture lock (541s, held by pid 6064)
· waiting for capture lock (552s, held by pid 6064)
· waiting for capture lock (562s, held by pid 6064)
· waiting for capture lock (573s, held by pid 6064)
· waiting for capture lock (583s, held by pid 6064)
· waiting for capture lock (594s, held by pid 6064)
· waiting for capture lock (605s, held by pid 6064)
· waiting for capture lock (615s, held by pid 6064)
· waiting for capture lock (626s, held by pid 6064)
· waiting for capture lock (636s, held by pid 6064)
· waiting for capture lock (647s, held by pid 6064)
· waiting for capture lock (658s, held by pid 6064)
· waiting for capture lock (669s, held by pid 6064)
· waiting for capture lock (679s, held by pid 6064)
· waiting for capture lock (690s, held by pid 6064)
· waiting for capture lock (701s, held by pid 6064)
· waiting for capture lock (711s, held by pid 6064)
· waiting for capture lock (722s, held by pid 6064)
· waiting for capture lock (733s, held by pid 6064)
· waiting for capture lock (744s, held by pid 6064)
· waiting for capture lock (754s, held by pid 6064)
· waiting for capture lock (765s, held by pid 6064)
· waiting for capture lock (775s, held by pid 6064)
· waiting for capture lock (786s, held by pid 6064)
· waiting for capture lock (796s, held by pid 6064)
· waiting for capture lock (807s, held by pid 6064)
· waiting for capture lock (818s, held by pid 6064)
· waiting for capture lock (828s, held by pid 6064)
· waiting for capture lock (838s, held by pid 6064)
· waiting for capture lock (849s, held by pid 6064)
· waiting for capture lock (859s, held by pid 6064)
· waiting for capture lock (869s, held by pid 6064)
· waiting for capture lock (879s, held by pid 6064)
· waiting for capture lock (890s, held by pid 6064)
· waiting for capture lock (900s, held by pid 6064)
· waiting for capture lock (911s, held by pid 6064)
· waiting for capture lock (922s, held by pid 6064)
· waiting for capture lock (933s, held by pid 6064)
· waiting for capture lock (943s, held by pid 6064)
· waiting for capture lock (954s, held by pid 6064)
· waiting for capture lock (964s, held by pid 6064)
· waiting for capture lock (975s, held by pid 6064)
· waiting for capture lock (985s, held by pid 6064)
· waiting for capture lock (996s, held by pid 6064)
· waiting for capture lock (1006s, held by pid 6064)
· waiting for capture lock (1016s, held by pid 6064)
renderer: ANGLE (Google, Vulkan 1.3.0 (SwiftShader Device (Subzero) (0x0000C0DE)), SwiftShader driver)
   ! textures: prewarm took 20.2s at size 1024

--- hero [base]  402s -> /home/user/Demo/shots/fx22/hero.base.png
    gate=OFF  sandHigh={"live":900,"vis":true}  rt={"w":320,"h":180,"type":1009,"colorSpace":"","bound":true}
    centre disc: raw [33,37,27] enc [100.7,106,91.9] bl=103.88 rb=1.096 wl=0 wr=0 factor=1 fires=false
    centre nonartefact: raw [6,7,11] enc [46.4,49.8,61.1] bl=49.85 rb=0.759 wl=1 wr=0 factor=1 fires=false

--- hero [gated]  68s -> /home/user/Demo/shots/fx22/hero.gated.png
    gate=ON  sandHigh={"live":900,"vis":true}  rt={"w":320,"h":180,"type":1009,"colorSpace":"","bound":true}
    centre disc: raw [33,37,27] enc [100.7,106,91.9] bl=103.88 rb=1.096 wl=0 wr=0 factor=1 fires=false
    centre nonartefact: raw [6,7,11] enc [46.4,49.8,61.1] bl=49.85 rb=0.759 wl=1 wr=0 factor=1 fires=false

--- dunes [base]  325s -> /home/user/Demo/shots/fx22/dunes.base.png
    gate=OFF  sandHigh={"live":900,"vis":true}  rt={"w":320,"h":180,"type":1009,"colorSpace":"","bound":true}
    centre disc: raw [148,97,53] enc [199.1,164.3,124.9] bl=168.88 rb=1.595 wl=0 wr=0 factor=1 fires=false
    centre nonartefact: raw [169,36,11] enc [211.5,104.7,61.1] bl=124.28 rb=3.462 wl=0 wr=0 factor=1 fires=false

--- dunes [gated]  47s -> /home/user/Demo/shots/fx22/dunes.gated.png
    gate=ON  sandHigh={"live":900,"vis":true}  rt={"w":320,"h":180,"type":1009,"colorSpace":"","bound":true}
    centre disc: raw [148,97,53] enc [199.1,164.3,124.9] bl=168.88 rb=1.595 wl=0 wr=0 factor=1 fires=false
    centre nonartefact: raw [169,36,11] enc [211.5,104.7,61.1] bl=124.28 rb=3.462 wl=0 wr=0 factor=1 fires=false

fx22 DONE — wrote /home/user/Demo/shots/fx22/fx22.json (7 jobs total, this chunk: hero+dunes)
