pins OK. expected src hashes: install ccd5fc7dbc2035b6  restore 2052d5642163f62e
HEAD 693681d20783; frames -> /home/user/Demo/progress/records/fxartifact1
· waiting for capture lock (10s, held by pid 4615)
· waiting for capture lock (20s, held by pid 4615)
· waiting for capture lock (30s, held by pid 4615)
· waiting for capture lock (41s, held by pid 4615)
· waiting for capture lock (52s, held by pid 4615)
· waiting for capture lock (62s, held by pid 4615)
· waiting for capture lock (73s, held by pid 4615)
· waiting for capture lock (83s, held by pid 4615)
· waiting for capture lock (94s, held by pid 4615)
· waiting for capture lock (104s, held by pid 4615)
· waiting for capture lock (114s, held by pid 4615)
· waiting for capture lock (125s, held by pid 4615)
· waiting for capture lock (136s, held by pid 4615)
· waiting for capture lock (147s, held by pid 4615)
· waiting for capture lock (157s, held by pid 4615)
· waiting for capture lock (167s, held by pid 4615)
· waiting for capture lock (178s, held by pid 4615)
· waiting for capture lock (189s, held by pid 4615)
· waiting for capture lock (200s, held by pid 4615)
· waiting for capture lock (211s, held by pid 4615)
· waiting for capture lock (222s, held by pid 4615)
· waiting for capture lock (232s, held by pid 4615)
· waiting for capture lock (243s, held by pid 4615)
· waiting for capture lock (254s, held by pid 4615)
· waiting for capture lock (264s, held by pid 4615)
· waiting for capture lock (275s, held by pid 4615)
· waiting for capture lock (286s, held by pid 4615)
· waiting for capture lock (296s, held by pid 4615)
· waiting for capture lock (306s, held by pid 4615)
· waiting for capture lock (317s, held by pid 4615)
· waiting for capture lock (327s, held by pid 4615)
· waiting for capture lock (338s, held by pid 4615)
· waiting for capture lock (349s, held by pid 4615)
· waiting for capture lock (359s, held by pid 4615)
· waiting for capture lock (370s, held by pid 4615)
· waiting for capture lock (380s, held by pid 4615)
· waiting for capture lock (391s, held by pid 4615)
· waiting for capture lock (401s, held by pid 4615)
· waiting for capture lock (413s, held by pid 4615)
· waiting for capture lock (423s, held by pid 4615)
· waiting for capture lock (433s, held by pid 4615)
· waiting for capture lock (444s, held by pid 4615)
· waiting for capture lock (454s, held by pid 4615)
· waiting for capture lock (465s, held by pid 4615)
· waiting for capture lock (475s, held by pid 4615)
· waiting for capture lock (485s, held by pid 4615)
· waiting for capture lock (495s, held by pid 4615)
· waiting for capture lock (506s, held by pid 4615)
· waiting for capture lock (517s, held by pid 4615)
· waiting for capture lock (527s, held by pid 4615)
· waiting for capture lock (538s, held by pid 4615)
· waiting for capture lock (548s, held by pid 4615)
· waiting for capture lock (559s, held by pid 4615)
· waiting for capture lock (569s, held by pid 4615)
· waiting for capture lock (580s, held by pid 4615)
· waiting for capture lock (591s, held by pid 4615)
· waiting for capture lock (601s, held by pid 4615)
· waiting for capture lock (611s, held by pid 4615)
· waiting for capture lock (621s, held by pid 4615)
· waiting for capture lock (632s, held by pid 4615)
· waiting for capture lock (643s, held by pid 4615)
· waiting for capture lock (653s, held by pid 4615)
· waiting for capture lock (663s, held by pid 4615)
· waiting for capture lock (673s, held by pid 4615)
· waiting for capture lock (684s, held by pid 4615)
· waiting for capture lock (694s, held by pid 4615)
· waiting for capture lock (705s, held by pid 4615)
· waiting for capture lock (715s, held by pid 4615)
· waiting for capture lock (726s, held by pid 4615)
· waiting for capture lock (736s, held by pid 4615)
· waiting for capture lock (747s, held by pid 4615)
· waiting for capture lock (757s, held by pid 4615)
· waiting for capture lock (768s, held by pid 4615)
· waiting for capture lock (779s, held by pid 4615)
· waiting for capture lock (789s, held by pid 4615)
· waiting for capture lock (800s, held by pid 4615)
· waiting for capture lock (810s, held by pid 4615)
· waiting for capture lock (821s, held by pid 4615)
· waiting for capture lock (831s, held by pid 4615)
· waiting for capture lock (842s, held by pid 4615)
· waiting for capture lock (852s, held by pid 4615)
· waiting for capture lock (863s, held by pid 4615)
· waiting for capture lock (873s, held by pid 4615)
· waiting for capture lock (883s, held by pid 4615)
· waiting for capture lock (894s, held by pid 4615)
· waiting for capture lock (905s, held by pid 4615)
· waiting for capture lock (915s, held by pid 4615)
· waiting for capture lock (926s, held by pid 4615)
· waiting for capture lock (937s, held by pid 4615)
· waiting for capture lock (947s, held by pid 4615)
· waiting for capture lock (958s, held by pid 4615)
· waiting for capture lock (969s, held by pid 4615)
· waiting for capture lock (979s, held by pid 4615)
· waiting for capture lock (990s, held by pid 4615)
· waiting for capture lock (1000s, held by pid 4615)
· waiting for capture lock (1011s, held by pid 4615)
· waiting for capture lock (1021s, held by pid 4615)
· waiting for capture lock (1032s, held by pid 4615)
· waiting for capture lock (1043s, held by pid 4615)
· waiting for capture lock (1053s, held by pid 4615)
· waiting for capture lock (1063s, held by pid 4615)
· waiting for capture lock (1074s, held by pid 4615)
· waiting for capture lock (1084s, held by pid 4615)
· waiting for capture lock (1094s, held by pid 4615)
· waiting for capture lock (1105s, held by pid 4615)
· waiting for capture lock (1115s, held by pid 4615)
· waiting for capture lock (1125s, held by pid 4615)
· waiting for capture lock (1136s, held by pid 4615)
· waiting for capture lock (1147s, held by pid 4615)
· waiting for capture lock (1158s, held by pid 4615)
· waiting for capture lock (1168s, held by pid 4615)
· waiting for capture lock (1178s, held by pid 4615)
· waiting for capture lock (1188s, held by pid 4615)
· waiting for capture lock (1199s, held by pid 4615)
· waiting for capture lock (1209s, held by pid 4615)
· waiting for capture lock (1219s, held by pid 4615)
· waiting for capture lock (1230s, held by pid 4615)
· waiting for capture lock (1241s, held by pid 4615)
· waiting for capture lock (1252s, held by pid 4615)
· waiting for capture lock (1263s, held by pid 4615)
· waiting for capture lock (1273s, held by pid 4615)
· waiting for capture lock (1284s, held by pid 4615)
· waiting for capture lock (1294s, held by pid 4615)
· waiting for capture lock (1305s, held by pid 4615)
· waiting for capture lock (1315s, held by pid 4615)
· waiting for capture lock (1325s, held by pid 4615)
· waiting for capture lock (1336s, held by pid 4615)
· waiting for capture lock (1346s, held by pid 4615)
· waiting for capture lock (1357s, held by pid 4615)
· waiting for capture lock (1367s, held by pid 4615)
· waiting for capture lock (1378s, held by pid 4615)
· waiting for capture lock (1389s, held by pid 4615)
· waiting for capture lock (1400s, held by pid 4615)
· waiting for capture lock (1410s, held by pid 4615)
· waiting for capture lock (1420s, held by pid 4615)
· waiting for capture lock (1430s, held by pid 4615)
· waiting for capture lock (1441s, held by pid 4615)
· waiting for capture lock (1451s, held by pid 4615)
· waiting for capture lock (1461s, held by pid 4615)
· waiting for capture lock (1472s, held by pid 4615)
· waiting for capture lock (1482s, held by pid 4615)
· waiting for capture lock (1493s, held by pid 4615)
· waiting for capture lock (1504s, held by pid 4615)
· waiting for capture lock (1514s, held by pid 4615)
· waiting for capture lock (1525s, held by pid 4615)
· waiting for capture lock (1535s, held by pid 4615)
· waiting for capture lock (1545s, held by pid 4615)
· waiting for capture lock (1555s, held by pid 4615)
· waiting for capture lock (1565s, held by pid 4615)
· waiting for capture lock (1576s, held by pid 4615)
· waiting for capture lock (1587s, held by pid 4615)
· waiting for capture lock (1597s, held by pid 4615)
· waiting for capture lock (1607s, held by pid 4615)
· waiting for capture lock (1618s, held by pid 4615)
· waiting for capture lock (1628s, held by pid 4615)
· waiting for capture lock (1638s, held by pid 4615)
· waiting for capture lock (1649s, held by pid 4615)
· waiting for capture lock (1659s, held by pid 4615)
· waiting for capture lock (1670s, held by pid 4615)
· waiting for capture lock (1680s, held by pid 4615)
· waiting for capture lock (1691s, held by pid 4615)
· waiting for capture lock (1701s, held by pid 4615)
· waiting for capture lock (1711s, held by pid 4615)
· waiting for capture lock (1722s, held by pid 4615)
· waiting for capture lock (1732s, held by pid 4615)
· waiting for capture lock (1743s, held by pid 4615)
· waiting for capture lock (1753s, held by pid 4615)
· waiting for capture lock (1764s, held by pid 4615)
· waiting for capture lock (1774s, held by pid 4615)
· waiting for capture lock (1784s, held by pid 4615)
· waiting for capture lock (1794s, held by pid 4615)
· waiting for capture lock (1805s, held by pid 4615)
· waiting for capture lock (1816s, held by pid 4615)
· waiting for capture lock (1826s, held by pid 4615)
· waiting for capture lock (1837s, held by pid 4615)
· waiting for capture lock (1847s, held by pid 4615)
· waiting for capture lock (1858s, held by pid 4615)
· waiting for capture lock (1869s, held by pid 4615)
· waiting for capture lock (1879s, held by pid 4615)
· waiting for capture lock (1889s, held by pid 4615)
· waiting for capture lock (1899s, held by pid 4615)
· waiting for capture lock (1910s, held by pid 4615)
· waiting for capture lock (1921s, held by pid 4615)
· waiting for capture lock (1931s, held by pid 4615)
· waiting for capture lock (1942s, held by pid 4615)
· waiting for capture lock (1952s, held by pid 4615)
· waiting for capture lock (1962s, held by pid 4615)
· waiting for capture lock (1973s, held by pid 4615)
· waiting for capture lock (1983s, held by pid 4615)
· waiting for capture lock (1994s, held by pid 4615)
· waiting for capture lock (2004s, held by pid 4615)
· waiting for capture lock (2015s, held by pid 4615)
· waiting for capture lock (2026s, held by pid 4615)
· waiting for capture lock (2036s, held by pid 4615)
· waiting for capture lock (2047s, held by pid 4615)
· waiting for capture lock (2058s, held by pid 4615)
· waiting for capture lock (2068s, held by pid 4615)
· waiting for capture lock (2079s, held by pid 4615)
· waiting for capture lock (2089s, held by pid 4615)
· waiting for capture lock (2100s, held by pid 4615)
· waiting for capture lock (2110s, held by pid 4615)
· waiting for capture lock (2120s, held by pid 4615)
· waiting for capture lock (2131s, held by pid 4615)
· waiting for capture lock (2141s, held by pid 4615)
· waiting for capture lock (2152s, held by pid 4615)
· waiting for capture lock (2162s, held by pid 4615)
· waiting for capture lock (2173s, held by pid 4615)
· waiting for capture lock (2183s, held by pid 4615)
· waiting for capture lock (2194s, held by pid 4615)
· waiting for capture lock (2205s, held by pid 4615)
· waiting for capture lock (2216s, held by pid 4615)
· waiting for capture lock (2227s, held by pid 4615)
· waiting for capture lock (2237s, held by pid 4615)
· waiting for capture lock (2247s, held by pid 4615)
· waiting for capture lock (2257s, held by pid 4615)
· waiting for capture lock (2268s, held by pid 4615)
· waiting for capture lock (2278s, held by pid 4615)
· waiting for capture lock (2289s, held by pid 4615)
· waiting for capture lock (2300s, held by pid 4615)
· waiting for capture lock (2310s, held by pid 4615)
· waiting for capture lock (2321s, held by pid 4615)
· waiting for capture lock (2332s, held by pid 4615)
· waiting for capture lock (2343s, held by pid 4615)
· waiting for capture lock (2353s, held by pid 4615)
· waiting for capture lock (2364s, held by pid 4615)
· waiting for capture lock (2374s, held by pid 4615)
· waiting for capture lock (2384s, held by pid 4615)
· waiting for capture lock (2394s, held by pid 4615)
· waiting for capture lock (2405s, held by pid 4615)
· waiting for capture lock (2416s, held by pid 4615)
· waiting for capture lock (2426s, held by pid 4615)
· waiting for capture lock (2437s, held by pid 4615)
· waiting for capture lock (2447s, held by pid 4615)
· waiting for capture lock (2458s, held by pid 4615)
· waiting for capture lock (2468s, held by pid 4615)
· waiting for capture lock (2478s, held by pid 4615)
· waiting for capture lock (2489s, held by pid 4615)
· waiting for capture lock (2500s, held by pid 4615)
· waiting for capture lock (2511s, held by pid 4615)
· waiting for capture lock (2521s, held by pid 4615)
· waiting for capture lock (2531s, held by pid 4615)
· waiting for capture lock (2542s, held by pid 4615)
· waiting for capture lock (2553s, held by pid 4615)
· waiting for capture lock (2564s, held by pid 4615)
· waiting for capture lock (2575s, held by pid 4615)
· waiting for capture lock (2585s, held by pid 4615)
· waiting for capture lock (2596s, held by pid 4615)
· waiting for capture lock (2606s, held by pid 4615)
· waiting for capture lock (2616s, held by pid 4615)
· waiting for capture lock (2627s, held by pid 4615)
· waiting for capture lock (2638s, held by pid 4615)
· waiting for capture lock (2648s, held by pid 4615)
· waiting for capture lock (2658s, held by pid 4615)
· waiting for capture lock (2669s, held by pid 4615)
· waiting for capture lock (2679s, held by pid 4615)
· waiting for capture lock (2690s, held by pid 4615)
· waiting for capture lock (2701s, held by pid 4615)
· waiting for capture lock (2712s, held by pid 4615)
· waiting for capture lock (2722s, held by pid 4615)
· waiting for capture lock (2733s, held by pid 4615)
· waiting for capture lock (2743s, held by pid 4615)
· waiting for capture lock (2754s, held by pid 4615)
· waiting for capture lock (2764s, held by pid 4615)
· waiting for capture lock (2775s, held by pid 4615)
· waiting for capture lock (2785s, held by pid 4615)
· waiting for capture lock (2795s, held by pid 4615)
· waiting for capture lock (2806s, held by pid 4615)
· waiting for capture lock (2816s, held by pid 4615)
· waiting for capture lock (2826s, held by pid 4615)
· waiting for capture lock (2837s, held by pid 4615)
· waiting for capture lock (2847s, held by pid 4615)
· waiting for capture lock (2858s, held by pid 4615)
· waiting for capture lock (2869s, held by pid 4615)
· waiting for capture lock (2880s, held by pid 4615)
· waiting for capture lock (2890s, held by pid 4615)
· waiting for capture lock (2901s, held by pid 4615)
· waiting for capture lock (2911s, held by pid 4615)
· waiting for capture lock (2921s, held by pid 4615)
· waiting for capture lock (2931s, held by pid 4615)
· waiting for capture lock (2942s, held by pid 4615)
· waiting for capture lock (2952s, held by pid 4615)
· waiting for capture lock (2963s, held by pid 4615)
· waiting for capture lock (2973s, held by pid 4615)
· waiting for capture lock (2983s, held by pid 4615)
· waiting for capture lock (2993s, held by pid 4615)
· waiting for capture lock (3003s, held by pid 4615)
· waiting for capture lock (3015s, held by pid 4615)
· waiting for capture lock (3025s, held by pid 4615)
· waiting for capture lock (3036s, held by pid 4615)
· waiting for capture lock (3046s, held by pid 4615)
· waiting for capture lock (3057s, held by pid 4615)
· waiting for capture lock (3067s, held by pid 4615)
· waiting for capture lock (3078s, held by pid 4615)
· waiting for capture lock (3089s, held by pid 4615)
· waiting for capture lock (3099s, held by pid 4615)
· waiting for capture lock (3110s, held by pid 4615)
· waiting for capture lock (3121s, held by pid 4615)
· waiting for capture lock (3131s, held by pid 4615)
· waiting for capture lock (3141s, held by pid 4615)
· waiting for capture lock (3151s, held by pid 4615)
· waiting for capture lock (3161s, held by pid 4615)
· waiting for capture lock (3173s, held by pid 4615)
· waiting for capture lock (3183s, held by pid 4615)
· waiting for capture lock (3194s, held by pid 4615)
· waiting for capture lock (3204s, held by pid 4615)
· waiting for capture lock (3214s, held by pid 4615)
· waiting for capture lock (3225s, held by pid 4615)
· waiting for capture lock (3235s, held by pid 4615)
· waiting for capture lock (3246s, held by pid 4615)
· waiting for capture lock (3256s, held by pid 4615)
· waiting for capture lock (3267s, held by pid 4615)
· waiting for capture lock (3278s, held by pid 4615)
· waiting for capture lock (3288s, held by pid 4615)
· waiting for capture lock (3298s, held by pid 4615)
· waiting for capture lock (3308s, held by pid 4615)
· waiting for capture lock (3319s, held by pid 4615)
· waiting for capture lock (3330s, held by pid 4615)
· waiting for capture lock (3341s, held by pid 4615)
· waiting for capture lock (3351s, held by pid 4615)
· waiting for capture lock (3362s, held by pid 4615)
· waiting for capture lock (3373s, held by pid 4615)
· waiting for capture lock (3384s, held by pid 4615)
· waiting for capture lock (3394s, held by pid 4615)
· waiting for capture lock (3405s, held by pid 4615)
· waiting for capture lock (3415s, held by pid 4615)
· waiting for capture lock (3425s, held by pid 4615)
· waiting for capture lock (3435s, held by pid 4615)
· waiting for capture lock (3446s, held by pid 4615)
· waiting for capture lock (3457s, held by pid 4615)
· waiting for capture lock (3468s, held by pid 4615)
· waiting for capture lock (3478s, held by pid 4615)
· waiting for capture lock (3488s, held by pid 4615)
· waiting for capture lock (3499s, held by pid 4615)
· waiting for capture lock (3510s, held by pid 4615)
· waiting for capture lock (3520s, held by pid 4615)
· waiting for capture lock (3531s, held by pid 4615)
· waiting for capture lock (3541s, held by pid 4615)
· waiting for capture lock (3551s, held by pid 4615)
· waiting for capture lock (3561s, held by pid 4615)
· waiting for capture lock (3572s, held by pid 4615)
· waiting for capture lock (3582s, held by pid 4615)
· waiting for capture lock (3593s, held by pid 4615)
· waiting for capture lock (3603s, held by pid 4615)
· waiting for capture lock (3613s, held by pid 4615)
· waiting for capture lock (3624s, held by pid 4615)
· waiting for capture lock (3634s, held by pid 4615)
· waiting for capture lock (3644s, held by pid 4615)
· waiting for capture lock (3655s, held by pid 4615)
· waiting for capture lock (3665s, held by pid 4615)
· waiting for capture lock (3675s, held by pid 4615)
· waiting for capture lock (3686s, held by pid 4615)
· waiting for capture lock (3697s, held by pid 4615)
· waiting for capture lock (3708s, held by pid 4615)
· waiting for capture lock (3718s, held by pid 4615)
· waiting for capture lock (3729s, held by pid 4615)
· waiting for capture lock (3739s, held by pid 4615)
· waiting for capture lock (3749s, held by pid 4615)
· waiting for capture lock (3760s, held by pid 4615)
· waiting for capture lock (3771s, held by pid 4615)
· waiting for capture lock (3781s, held by pid 4615)
· waiting for capture lock (3791s, held by pid 4615)
· waiting for capture lock (3802s, held by pid 4615)
· waiting for capture lock (3813s, held by pid 4615)
· waiting for capture lock (3823s, held by pid 4615)
· waiting for capture lock (3834s, held by pid 4615)
· waiting for capture lock (3844s, held by pid 4615)
· waiting for capture lock (3855s, held by pid 4615)
· waiting for capture lock (3865s, held by pid 4615)
· waiting for capture lock (3876s, held by pid 4615)
· waiting for capture lock (3887s, held by pid 4615)
· waiting for capture lock (3898s, held by pid 4615)
· waiting for capture lock (3908s, held by pid 4615)
· waiting for capture lock (3919s, held by pid 4615)
· waiting for capture lock (3929s, held by pid 4615)
· waiting for capture lock (3940s, held by pid 4615)
· waiting for capture lock (3951s, held by pid 4615)
· waiting for capture lock (3962s, held by pid 4615)
· waiting for capture lock (3972s, held by pid 4615)
· waiting for capture lock (3982s, held by pid 4615)
· waiting for capture lock (3992s, held by pid 4615)
· waiting for capture lock (4003s, held by pid 4615)
· waiting for capture lock (4014s, held by pid 4615)
· waiting for capture lock (4024s, held by pid 4615)
· waiting for capture lock (4035s, held by pid 4615)
· waiting for capture lock (4046s, held by pid 4615)
· waiting for capture lock (4057s, held by pid 4615)
· waiting for capture lock (4068s, held by pid 4615)
· waiting for capture lock (4079s, held by pid 4615)
· waiting for capture lock (4089s, held by pid 4615)
· waiting for capture lock (4099s, held by pid 4615)
· waiting for capture lock (4110s, held by pid 4615)
· waiting for capture lock (4120s, held by pid 4615)
· waiting for capture lock (4131s, held by pid 4615)
· waiting for capture lock (4141s, held by pid 4615)
· waiting for capture lock (4152s, held by pid 4615)
· waiting for capture lock (4162s, held by pid 4615)
· waiting for capture lock (4173s, held by pid 4615)
· waiting for capture lock (4184s, held by pid 4615)
· waiting for capture lock (4194s, held by pid 4615)
· waiting for capture lock (4205s, held by pid 4615)
· waiting for capture lock (4215s, held by pid 4615)
· waiting for capture lock (4226s, held by pid 4615)
· waiting for capture lock (4237s, held by pid 4615)
· waiting for capture lock (4248s, held by pid 4615)
· waiting for capture lock (4258s, held by pid 4615)
· waiting for capture lock (4269s, held by pid 4615)
· waiting for capture lock (4279s, held by pid 4615)
· waiting for capture lock (4290s, held by pid 4615)
· waiting for capture lock (4300s, held by pid 4615)
· waiting for capture lock (4310s, held by pid 4615)
· waiting for capture lock (4321s, held by pid 4615)
· waiting for capture lock (4331s, held by pid 4615)
· waiting for capture lock (4342s, held by pid 4615)
· waiting for capture lock (4353s, held by pid 4615)
· waiting for capture lock (4363s, held by pid 4615)
· waiting for capture lock (4374s, held by pid 4615)
· waiting for capture lock (4385s, held by pid 4615)
· waiting for capture lock (4396s, held by pid 4615)
· waiting for capture lock (4407s, held by pid 4615)
· waiting for capture lock (4417s, held by pid 4615)
· waiting for capture lock (4428s, held by pid 4615)
· waiting for capture lock (4438s, held by pid 4615)
· waiting for capture lock (4449s, held by pid 4615)
· waiting for capture lock (4460s, held by pid 4615)
· waiting for capture lock (4470s, held by pid 4615)
· waiting for capture lock (4481s, held by pid 4615)
· waiting for capture lock (4491s, held by pid 4615)
· waiting for capture lock (4501s, held by pid 4615)
· waiting for capture lock (4511s, held by pid 4615)
· waiting for capture lock (4522s, held by pid 4615)
· waiting for capture lock (4533s, held by pid 4615)
· waiting for capture lock (4543s, held by pid 4615)
· waiting for capture lock (4554s, held by pid 4615)
· waiting for capture lock (4564s, held by pid 4615)
· waiting for capture lock (4575s, held by pid 4615)
· waiting for capture lock (4585s, held by pid 4615)
· waiting for capture lock (4596s, held by pid 4615)
· waiting for capture lock (4606s, held by pid 4615)
· waiting for capture lock (4616s, held by pid 4615)
· waiting for capture lock (4627s, held by pid 4615)
· waiting for capture lock (4638s, held by pid 4615)
· waiting for capture lock (4648s, held by pid 4615)
· waiting for capture lock (4659s, held by pid 4615)
· waiting for capture lock (4669s, held by pid 4615)
· waiting for capture lock (4680s, held by pid 4615)
· waiting for capture lock (4691s, held by pid 4615)
· waiting for capture lock (4701s, held by pid 4615)
· waiting for capture lock (4712s, held by pid 4615)
· waiting for capture lock (4722s, held by pid 4615)
· waiting for capture lock (4732s, held by pid 4615)
· waiting for capture lock (4743s, held by pid 4615)
· waiting for capture lock (4754s, held by pid 4615)
· waiting for capture lock (4765s, held by pid 4615)
· waiting for capture lock (4775s, held by pid 4615)
· waiting for capture lock (4786s, held by pid 4615)
· waiting for capture lock (4796s, held by pid 4615)
· waiting for capture lock (4807s, held by pid 4615)
· waiting for capture lock (4817s, held by pid 4615)
· waiting for capture lock (4827s, held by pid 4615)
· waiting for capture lock (4837s, held by pid 4615)
· waiting for capture lock (4848s, held by pid 4615)
· waiting for capture lock (4859s, held by pid 4615)
· waiting for capture lock (4869s, held by pid 4615)
· waiting for capture lock (4879s, held by pid 4615)
· waiting for capture lock (4890s, held by pid 4615)
· waiting for capture lock (4900s, held by pid 4615)
· waiting for capture lock (4911s, held by pid 4615)
· waiting for capture lock (4922s, held by pid 4615)
· waiting for capture lock (4933s, held by pid 4615)
· waiting for capture lock (4943s, held by pid 4615)
· waiting for capture lock (4954s, held by pid 4615)
· waiting for capture lock (4965s, held by pid 4615)
· waiting for capture lock (4975s, held by pid 4615)
· waiting for capture lock (4986s, held by pid 4615)
· waiting for capture lock (4996s, held by pid 4615)
· waiting for capture lock (5006s, held by pid 4615)
· waiting for capture lock (5016s, held by pid 4615)
· waiting for capture lock (5027s, held by pid 4615)
· waiting for capture lock (5037s, held by pid 4615)
· waiting for capture lock (5048s, held by pid 4615)
· waiting for capture lock (5058s, held by pid 4615)
· waiting for capture lock (5069s, held by pid 4615)
· waiting for capture lock (5079s, held by pid 4615)
· waiting for capture lock (5089s, held by pid 4615)
· waiting for capture lock (5099s, held by pid 4615)
· waiting for capture lock (5110s, held by pid 4615)
· waiting for capture lock (5121s, held by pid 4615)
· waiting for capture lock (5132s, held by pid 4615)
· waiting for capture lock (5142s, held by pid 4615)
· waiting for capture lock (5153s, held by pid 4615)
· waiting for capture lock (5163s, held by pid 4615)
· waiting for capture lock (5174s, held by pid 4615)
· waiting for capture lock (5185s, held by pid 4615)
· waiting for capture lock (5196s, held by pid 4615)
· waiting for capture lock (5206s, held by pid 4615)
· waiting for capture lock (5216s, held by pid 4615)
· waiting for capture lock (5226s, held by pid 4615)
· waiting for capture lock (5237s, held by pid 4615)
· waiting for capture lock (5247s, held by pid 4615)
· waiting for capture lock (5258s, held by pid 4615)
· waiting for capture lock (5269s, held by pid 4615)
· waiting for capture lock (5280s, held by pid 4615)
· waiting for capture lock (5290s, held by pid 4615)
· waiting for capture lock (5301s, held by pid 4615)
· waiting for capture lock (5311s, held by pid 4615)
· waiting for capture lock (5322s, held by pid 4615)
· waiting for capture lock (5333s, held by pid 4615)
· waiting for capture lock (5344s, held by pid 4615)
· waiting for capture lock (5354s, held by pid 4615)
· waiting for capture lock (5364s, held by pid 4615)
· waiting for capture lock (5375s, held by pid 4615)
· waiting for capture lock (5385s, held by pid 4615)
· waiting for capture lock (5395s, held by pid 4615)
· waiting for capture lock (5405s, held by pid 4615)
· waiting for capture lock (5416s, held by pid 4615)
· waiting for capture lock (5426s, held by pid 4615)
· waiting for capture lock (5436s, held by pid 4615)
· waiting for capture lock (5447s, held by pid 4615)
· waiting for capture lock (5457s, held by pid 4615)
· waiting for capture lock (5468s, held by pid 4615)
· waiting for capture lock (5478s, held by pid 4615)
· waiting for capture lock (5488s, held by pid 4615)
· waiting for capture lock (5499s, held by pid 4615)
· waiting for capture lock (5509s, held by pid 4615)
· waiting for capture lock (5520s, held by pid 4615)
· waiting for capture lock (5530s, held by pid 4615)
· waiting for capture lock (5541s, held by pid 4615)
· waiting for capture lock (5552s, held by pid 4615)
· waiting for capture lock (5563s, held by pid 4615)
· waiting for capture lock (5574s, held by pid 4615)
candidate installed & verified under the lock — src ccd5fc7dbc2035b6
renderer: ANGLE (Google, Vulkan 1.3.0 (SwiftShader Device (Subzero) (0x0000C0DE)), SwiftShader driver)
-- staged hero (1/11, 52s, t=0.2876000000005588)
  # 1 hero.off  sha dd61344dcb1509d4  lit=0.52 cut=0 floor=0.55 sfloor=0.45 sandVis=true fxVis=true
  # 2 hero.ahide  sha 73c683ed9f31640e  lit=0.52 cut=0 floor=0.55 sfloor=0.45 sandVis=false fxVis=true
  # 3 hero.a26  sha 6e2f520bfbd65218  lit=0.26 cut=0 floor=0.55 sfloor=0.45 sandVis=true fxVis=true
  # 4 hero.a13  sha ca1ccd5f997a9dd4  lit=0.13 cut=0 floor=0.55 sfloor=0.45 sandVis=true fxVis=true
  # 5 hero.a00  sha 8014138756e95c73  lit=0 cut=0 floor=0.55 sfloor=0.45 sandVis=true fxVis=true
  # 6 hero.bfx0  sha f2034adf7487611b  lit=0.52 cut=0 floor=0.55 sfloor=0.45 sandVis=true fxVis=false
  # 7 hero.bon  sha a7ae46386c94844b  lit=0.52 cut=1 floor=0.55 sfloor=0.45 sandVis=true fxVis=true
  # 8 hero.c20  sha e1377036dcc2d4d2  lit=0.52 cut=0 floor=0.2 sfloor=0.45 sandVis=true fxVis=true
  # 9 hero.c10  sha 018f405ae516b37c  lit=0.52 cut=0 floor=0.1 sfloor=0.45 sandVis=true fxVis=true
  #10 hero.back  sha dd61344dcb1509d4  lit=0.52 cut=0 floor=0.55 sfloor=0.45 sandVis=true fxVis=true
-- staged temple (2/11, 0s, t=0.2876000000005588)
  #11 temple.off  sha 98c1174fbc5fd46b  lit=0.52 cut=0 floor=0.55 sfloor=0.45 sandVis=true fxVis=true
  #12 temple.ahide  sha be5d0e77d777ad42  lit=0.52 cut=0 floor=0.55 sfloor=0.45 sandVis=false fxVis=true
  #13 temple.a26  sha 53b7a631ddde42df  lit=0.26 cut=0 floor=0.55 sfloor=0.45 sandVis=true fxVis=true
  #14 temple.a13  sha 0e866cce98deb5b0  lit=0.13 cut=0 floor=0.55 sfloor=0.45 sandVis=true fxVis=true
  #15 temple.a00  sha e9622da9382c6e4d  lit=0 cut=0 floor=0.55 sfloor=0.45 sandVis=true fxVis=true
  #16 temple.bfx0  sha 32ebd44327000784  lit=0.52 cut=0 floor=0.55 sfloor=0.45 sandVis=true fxVis=false
  #17 temple.bon  sha 1d8b227b2259b39e  lit=0.52 cut=1 floor=0.55 sfloor=0.45 sandVis=true fxVis=true
  #18 temple.back  sha 98c1174fbc5fd46b  lit=0.52 cut=0 floor=0.55 sfloor=0.45 sandVis=true fxVis=true
-- staged sly-closeup (3/11, 33s, t=0.2876000000005588)
  #19 sly-closeup.off  sha 5b95493cac60cc20  lit=0.52 cut=0 floor=0.55 sfloor=0.45 sandVis=true fxVis=true
  #20 sly-closeup.bfx0  sha 45f01a1e7e3accfd  lit=0.52 cut=0 floor=0.55 sfloor=0.45 sandVis=true fxVis=false
  #21 sly-closeup.bon  sha 60249942527b153b  lit=0.52 cut=1 floor=0.55 sfloor=0.45 sandVis=true fxVis=true
  #22 sly-closeup.c20  sha 61c871d04d4478f7  lit=0.52 cut=0 floor=0.2 sfloor=0.45 sandVis=true fxVis=true
  #23 sly-closeup.c10  sha 82afa3d388a5003a  lit=0.52 cut=0 floor=0.1 sfloor=0.45 sandVis=true fxVis=true
  #24 sly-closeup.back  sha 5b95493cac60cc20  lit=0.52 cut=0 floor=0.55 sfloor=0.45 sandVis=true fxVis=true
-- staged courtyard (4/11, 33s, t=0.2876000000005588)
  #25 courtyard.off  sha 0a3c3a069956c78f  lit=0.52 cut=0 floor=0.55 sfloor=0.45 sandVis=true fxVis=true
  #26 courtyard.ahide  sha c6d61bf1048fc74a  lit=0.52 cut=0 floor=0.55 sfloor=0.45 sandVis=false fxVis=true
  #27 courtyard.a26  sha f0f050fe6875d5f8  lit=0.26 cut=0 floor=0.55 sfloor=0.45 sandVis=true fxVis=true
  #28 courtyard.a13  sha 42cb2554babd6079  lit=0.13 cut=0 floor=0.55 sfloor=0.45 sandVis=true fxVis=true
  #29 courtyard.a00  sha b77b2355e38d4067  lit=0 cut=0 floor=0.55 sfloor=0.45 sandVis=true fxVis=true
  #30 courtyard.bfx0  sha cfdfb14e927f444a  lit=0.52 cut=0 floor=0.55 sfloor=0.45 sandVis=true fxVis=false
  #31 courtyard.bon  sha e6d90915e2f4c0d5  lit=0.52 cut=1 floor=0.55 sfloor=0.45 sandVis=true fxVis=true
  #32 courtyard.c20  sha e2f452c571c77383  lit=0.52 cut=0 floor=0.2 sfloor=0.45 sandVis=true fxVis=true
  #33 courtyard.c10  sha 4fc6c1e8a7d6b2a3  lit=0.52 cut=0 floor=0.1 sfloor=0.45 sandVis=true fxVis=true
  #34 courtyard.back  sha 0a3c3a069956c78f  lit=0.52 cut=0 floor=0.55 sfloor=0.45 sandVis=true fxVis=true
-- staged dunes (5/11, 17s, t=0.2876000000005588)
  #35 dunes.off  sha fd8be69c7588f8b3  lit=0.52 cut=0 floor=0.55 sfloor=0.45 sandVis=true fxVis=true
  #36 dunes.ahide  sha bc61a79d6d8d53fd  lit=0.52 cut=0 floor=0.55 sfloor=0.45 sandVis=false fxVis=true
  #37 dunes.a26  sha bd0e8293ebbaa908  lit=0.26 cut=0 floor=0.55 sfloor=0.45 sandVis=true fxVis=true
  #38 dunes.a13  sha 0d37ccd5b5592106  lit=0.13 cut=0 floor=0.55 sfloor=0.45 sandVis=true fxVis=true
  #39 dunes.a00  sha bc8fce557fdfc4a5  lit=0 cut=0 floor=0.55 sfloor=0.45 sandVis=true fxVis=true
  #40 dunes.bfx0  sha cc57d05f31bbd067  lit=0.52 cut=0 floor=0.55 sfloor=0.45 sandVis=true fxVis=false
  #41 dunes.bon  sha a264731b1f9d99eb  lit=0.52 cut=1 floor=0.55 sfloor=0.45 sandVis=true fxVis=true
  #42 dunes.c20  sha 7390ec6030393064  lit=0.52 cut=0 floor=0.2 sfloor=0.45 sandVis=true fxVis=true
  #43 dunes.c10  sha 8505a45157019f97  lit=0.52 cut=0 floor=0.1 sfloor=0.45 sandVis=true fxVis=true
  #44 dunes.s10  sha 4cd12819546ba0c9  lit=0.52 cut=0 floor=0.55 sfloor=0.1 sandVis=true fxVis=true
  #45 dunes.back  sha fd8be69c7588f8b3  lit=0.52 cut=0 floor=0.55 sfloor=0.45 sandVis=true fxVis=true
-- staged interior (6/11, 0s, t=0.2876000000005588)
  #46 interior.off  sha 969824037dda21e3  lit=0.52 cut=0 floor=0.55 sfloor=0.45 sandVis=true fxVis=true
  #47 interior.ahide  sha 23bc87ffe8ec6448  lit=0.52 cut=0 floor=0.55 sfloor=0.45 sandVis=false fxVis=true
  #48 interior.a26  sha e13493d084c1ef47  lit=0.26 cut=0 floor=0.55 sfloor=0.45 sandVis=true fxVis=true
  #49 interior.a13  sha 210577966b6cde44  lit=0.13 cut=0 floor=0.55 sfloor=0.45 sandVis=true fxVis=true
  #50 interior.a00  sha b0dafa3c7935c1d3  lit=0 cut=0 floor=0.55 sfloor=0.45 sandVis=true fxVis=true
  #51 interior.bfx0  sha 76624ac7a00f96d5  lit=0.52 cut=0 floor=0.55 sfloor=0.45 sandVis=true fxVis=false
  #52 interior.bon  sha 1cf9d7492fa74bbc  lit=0.52 cut=1 floor=0.55 sfloor=0.45 sandVis=true fxVis=true
  #53 interior.back  sha 969824037dda21e3  lit=0.52 cut=0 floor=0.55 sfloor=0.45 sandVis=true fxVis=true
-- staged night (7/11, 34s, t=0.2876000000005588)
  #54 night.off  sha a5f4701594d45846  lit=0.52 cut=0 floor=0.55 sfloor=0.45 sandVis=true fxVis=true
  #55 night.ahide  sha 3487c23f7d5ffb49  lit=0.52 cut=0 floor=0.55 sfloor=0.45 sandVis=false fxVis=true
  #56 night.a26  sha ccffd65b33048b32  lit=0.26 cut=0 floor=0.55 sfloor=0.45 sandVis=true fxVis=true
  #57 night.a13  sha e7224e1fa24cd6fc  lit=0.13 cut=0 floor=0.55 sfloor=0.45 sandVis=true fxVis=true
  #58 night.a00  sha d3b1eff63ea38b31  lit=0 cut=0 floor=0.55 sfloor=0.45 sandVis=true fxVis=true
  #59 night.bfx0  sha 657de6d0aa386785  lit=0.52 cut=0 floor=0.55 sfloor=0.45 sandVis=true fxVis=false
  #60 night.bon  sha 781568910a18ed99  lit=0.52 cut=1 floor=0.55 sfloor=0.45 sandVis=true fxVis=true
  #61 night.c20  sha 02ba49f578defc4d  lit=0.52 cut=0 floor=0.2 sfloor=0.45 sandVis=true fxVis=true
  #62 night.c10  sha 654e9a919d64b608  lit=0.52 cut=0 floor=0.1 sfloor=0.45 sandVis=true fxVis=true
  #63 night.s10  sha 5319525aad06e7df  lit=0.52 cut=0 floor=0.55 sfloor=0.1 sandVis=true fxVis=true
  #64 night.back  sha a5f4701594d45846  lit=0.52 cut=0 floor=0.55 sfloor=0.45 sandVis=true fxVis=true
-- staged traversal (8/11, 15s, t=0.2876000000005588)
  #65 traversal.off  sha 89cf7a4294dc976d  lit=0.52 cut=0 floor=0.55 sfloor=0.45 sandVis=true fxVis=true
  #66 traversal.bfx0  sha 5595025a788c1191  lit=0.52 cut=0 floor=0.55 sfloor=0.45 sandVis=true fxVis=false
  #67 traversal.bon  sha 18705d54d7737d8a  lit=0.52 cut=1 floor=0.55 sfloor=0.45 sandVis=true fxVis=true
  #68 traversal.back  sha 89cf7a4294dc976d  lit=0.52 cut=0 floor=0.55 sfloor=0.45 sandVis=true fxVis=true
-- staged guard (9/11, 0s, t=0.2876000000005588)
  #69 guard.off  sha 05421cbdff6a9225  lit=0.52 cut=0 floor=0.55 sfloor=0.45 sandVis=true fxVis=true
  #70 guard.bfx0  sha af605e9a88b210e3  lit=0.52 cut=0 floor=0.55 sfloor=0.45 sandVis=true fxVis=false
  #71 guard.bon  sha 740e0fc13d0927de  lit=0.52 cut=1 floor=0.55 sfloor=0.45 sandVis=true fxVis=true
  #72 guard.c20  sha 869ca0538a979606  lit=0.52 cut=0 floor=0.2 sfloor=0.45 sandVis=true fxVis=true
  #73 guard.c10  sha 15ca89463b43ea06  lit=0.52 cut=0 floor=0.1 sfloor=0.45 sandVis=true fxVis=true
  #74 guard.back  sha 05421cbdff6a9225  lit=0.52 cut=0 floor=0.55 sfloor=0.45 sandVis=true fxVis=true
-- staged sly-profile (10/11, 0s, t=0.2876000000005588)
  #75 sly-profile.off  sha f09a12f438f6ba67  lit=0.52 cut=0 floor=0.55 sfloor=0.45 sandVis=true fxVis=true
  #76 sly-profile.ahide  sha b2747884390ef765  lit=0.52 cut=0 floor=0.55 sfloor=0.45 sandVis=false fxVis=true
  #77 sly-profile.a26  sha 3e4ab39d67cddcc7  lit=0.26 cut=0 floor=0.55 sfloor=0.45 sandVis=true fxVis=true
  #78 sly-profile.a13  sha 8aa5946537d4c0e1  lit=0.13 cut=0 floor=0.55 sfloor=0.45 sandVis=true fxVis=true
  #79 sly-profile.a00  sha 84efcbbd5c2c1d13  lit=0 cut=0 floor=0.55 sfloor=0.45 sandVis=true fxVis=true
  #80 sly-profile.bfx0  sha 86c72f7cb31950c1  lit=0.52 cut=0 floor=0.55 sfloor=0.45 sandVis=true fxVis=false
  #81 sly-profile.bon  sha 0fcb8df331934804  lit=0.52 cut=1 floor=0.55 sfloor=0.45 sandVis=true fxVis=true
  #82 sly-profile.back  sha f09a12f438f6ba67  lit=0.52 cut=0 floor=0.55 sfloor=0.45 sandVis=true fxVis=true
-- staged combat (11/11, 0s, t=0.2833333333333333)
  #83 combat.off  sha 02c76432564dda36  lit=0.52 cut=0 floor=0.55 sfloor=0.45 sandVis=true fxVis=true
  #84 combat.bfx0  sha d44e66bc9bb2381f  lit=0.52 cut=0 floor=0.55 sfloor=0.45 sandVis=true fxVis=false
  #85 combat.bon  sha 2fa0452acfc2f778  lit=0.52 cut=1 floor=0.55 sfloor=0.45 sandVis=true fxVis=true
  #86 combat.back  sha 02c76432564dda36  lit=0.52 cut=0 floor=0.55 sfloor=0.45 sandVis=true fxVis=true
HEAD restored before lock release — src 2052d5642163f62e == expected OK
DONE. Score with:
  node progress/records/fxartifact/fxghost-score.mjs
  node progress/records/fxartifact/fxink-score.mjs
  node progress/records/fxartifact/seamglint-score.mjs
