HEAD a81b98942232; src 2b5c7c49ad9c4668; frames -> /home/user/Demo/progress/records/fxfix1
src/ clean at launch
renderer: ANGLE (Google, Vulkan 1.3.0 (SwiftShader Device (Subzero) (0x0000C0DE)), SwiftShader driver)
probe: {"postfxOk":true,"hasAmbGain":true,"hasAlphaGain":true,"hasOffCut":true,"hasTuneOffCut":true,"sandLive":900,"batches":["dust","smoke","spark","ring","sandLow","sandHigh","airMotes","shimmer","motes"]}
-- staged hero (1/9, 28s, t=0.33479999999981375)
  # 1 hero.off  sha 293b7979c6667b86  amb=1 alp=1 sandVis=true  arch=0.55 sfloor=0.45 offCut=0  ok=true
  # 2 hero.ahide  sha 352307ab104a3a2b  amb=1 alp=1 sandVis=false  arch=0.55 sfloor=0.45 offCut=0  ok=true
  # 3 hero.g25  sha bd355e1ce463c40c  amb=0.25 alp=1 sandVis=true  arch=0.55 sfloor=0.45 offCut=0  ok=true
  # 4 hero.g00  sha 8307156bcc3c6fb8  amb=0 alp=1 sandVis=true  arch=0.55 sfloor=0.45 offCut=0  ok=true
  # 5 hero.t30  sha 4c27cf45db285361  amb=1 alp=0.3 sandVis=true  arch=0.55 sfloor=0.45 offCut=0  ok=true
  # 6 hero.t18  sha bf4c61eadfd0440d  amb=1 alp=0.18 sandVis=true  arch=0.55 sfloor=0.45 offCut=0  ok=true
  # 7 hero.k10  sha 56ee97f8052e0a3a  amb=1 alp=1 sandVis=true  arch=0.1 sfloor=0.45 offCut=0  ok=true
  # 8 hero.rimz  sha 2d1a2cb0fc38b856  amb=1 alp=1 sandVis=true  arch=0.55 sfloor=0 offCut=0  ok=true
  # 9 hero.w35  sha bbcc37c01e71fbce  amb=1 alp=1 sandVis=true  arch=0.55 sfloor=0.45 offCut=0.35  ok=true
  #10 hero.w45  sha bacd4836af747241  amb=1 alp=1 sandVis=true  arch=0.55 sfloor=0.45 offCut=0.45  ok=true
  #11 hero.b35  sha eadf576a12851c67  amb=1 alp=1 sandVis=true  arch=0.1 sfloor=0.45 offCut=0.35  ok=true
  #12 hero.b45  sha 5e893bef09f3691e  amb=1 alp=1 sandVis=true  arch=0.1 sfloor=0.45 offCut=0.45  ok=true
  #13 hero.back  sha 293b7979c6667b86  amb=1 alp=1 sandVis=true  arch=0.55 sfloor=0.45 offCut=0  ok=true
-- staged temple (2/9, 0s, t=0.33479999999981375)
  #14 temple.off  sha be29e222b68023a7  amb=1 alp=1 sandVis=true  arch=0.55 sfloor=0.45 offCut=0  ok=true
  #15 temple.ahide  sha 7d8920c5cd6bc5b4  amb=1 alp=1 sandVis=false  arch=0.55 sfloor=0.45 offCut=0  ok=true
  #16 temple.g25  sha 1bbb0ef74faa3a19  amb=0.25 alp=1 sandVis=true  arch=0.55 sfloor=0.45 offCut=0  ok=true
  #17 temple.g00  sha 94e835e9a33ba35c  amb=0 alp=1 sandVis=true  arch=0.55 sfloor=0.45 offCut=0  ok=true
  #18 temple.t30  sha c3acf55a28082536  amb=1 alp=0.3 sandVis=true  arch=0.55 sfloor=0.45 offCut=0  ok=true
  #19 temple.t18  sha 4fa7bd52ac434cf7  amb=1 alp=0.18 sandVis=true  arch=0.55 sfloor=0.45 offCut=0  ok=true
  #20 temple.back  sha be29e222b68023a7  amb=1 alp=1 sandVis=true  arch=0.55 sfloor=0.45 offCut=0  ok=true
-- staged sly-closeup (3/9, 42s, t=0.33479999999981375)
  #21 sly-closeup.off  sha c50dab73bc6f55fd  amb=1 alp=1 sandVis=true  arch=0.55 sfloor=0.45 offCut=0  ok=true
  #22 sly-closeup.k10  sha e3f1878cbb4feda6  amb=1 alp=1 sandVis=true  arch=0.1 sfloor=0.45 offCut=0  ok=true
  #23 sly-closeup.rimz  sha 578bddc716d4a63c  amb=1 alp=1 sandVis=true  arch=0.55 sfloor=0 offCut=0  ok=true
  #24 sly-closeup.w35  sha af3b99bc1a4f2e18  amb=1 alp=1 sandVis=true  arch=0.55 sfloor=0.45 offCut=0.35  ok=true
  #25 sly-closeup.w45  sha 17d12ea5ecf478c6  amb=1 alp=1 sandVis=true  arch=0.55 sfloor=0.45 offCut=0.45  ok=true
  #26 sly-closeup.b35  sha bb82ac39f7c57db1  amb=1 alp=1 sandVis=true  arch=0.1 sfloor=0.45 offCut=0.35  ok=true
  #27 sly-closeup.b45  sha 80a8b8b2a0f535ee  amb=1 alp=1 sandVis=true  arch=0.1 sfloor=0.45 offCut=0.45  ok=true
  #28 sly-closeup.back  sha c50dab73bc6f55fd  amb=1 alp=1 sandVis=true  arch=0.55 sfloor=0.45 offCut=0  ok=true
-- staged courtyard (4/9, 30s, t=0.33479999999981375)
  #29 courtyard.off  sha 02bf36937285cc8d  amb=1 alp=1 sandVis=true  arch=0.55 sfloor=0.45 offCut=0  ok=true
  #30 courtyard.ahide  sha 929aa30836d2ef7f  amb=1 alp=1 sandVis=false  arch=0.55 sfloor=0.45 offCut=0  ok=true
  #31 courtyard.g25  sha 95d9281ef85091da  amb=0.25 alp=1 sandVis=true  arch=0.55 sfloor=0.45 offCut=0  ok=true
  #32 courtyard.g00  sha a42f8d41069f7987  amb=0 alp=1 sandVis=true  arch=0.55 sfloor=0.45 offCut=0  ok=true
  #33 courtyard.t30  sha ab81f247a41acf53  amb=1 alp=0.3 sandVis=true  arch=0.55 sfloor=0.45 offCut=0  ok=true
  #34 courtyard.t18  sha 6ac7d5f8dad862d4  amb=1 alp=0.18 sandVis=true  arch=0.55 sfloor=0.45 offCut=0  ok=true
  #35 courtyard.k10  sha 83bee4750af40574  amb=1 alp=1 sandVis=true  arch=0.1 sfloor=0.45 offCut=0  ok=true
  #36 courtyard.rimz  sha 38f487b39e73074f  amb=1 alp=1 sandVis=true  arch=0.55 sfloor=0 offCut=0  ok=true
  #37 courtyard.w35  sha 259952f57e61b6ca  amb=1 alp=1 sandVis=true  arch=0.55 sfloor=0.45 offCut=0.35  ok=true
  #38 courtyard.w45  sha b9a8548ccd76d9f9  amb=1 alp=1 sandVis=true  arch=0.55 sfloor=0.45 offCut=0.45  ok=true
  #39 courtyard.b35  sha 4caf32b50ad6338b  amb=1 alp=1 sandVis=true  arch=0.1 sfloor=0.45 offCut=0.35  ok=true
  #40 courtyard.b45  sha 17ca79edd7e268bc  amb=1 alp=1 sandVis=true  arch=0.1 sfloor=0.45 offCut=0.45  ok=true
  #41 courtyard.back  sha 02bf36937285cc8d  amb=1 alp=1 sandVis=true  arch=0.55 sfloor=0.45 offCut=0  ok=true
-- staged dunes (5/9, 28s, t=0.33479999999981375)
  #42 dunes.off  sha 9a8df7e8923a952a  amb=1 alp=1 sandVis=true  arch=0.55 sfloor=0.45 offCut=0  ok=true
  #43 dunes.ahide  sha 20cf9257b07e609f  amb=1 alp=1 sandVis=false  arch=0.55 sfloor=0.45 offCut=0  ok=true
  #44 dunes.g25  sha 4c49dd5b5f9e9628  amb=0.25 alp=1 sandVis=true  arch=0.55 sfloor=0.45 offCut=0  ok=true
  #45 dunes.g00  sha 3623f3e9f4800ef8  amb=0 alp=1 sandVis=true  arch=0.55 sfloor=0.45 offCut=0  ok=true
  #46 dunes.t30  sha eb10213e70c99f1f  amb=1 alp=0.3 sandVis=true  arch=0.55 sfloor=0.45 offCut=0  ok=true
  #47 dunes.t18  sha 98754c04b6c7345a  amb=1 alp=0.18 sandVis=true  arch=0.55 sfloor=0.45 offCut=0  ok=true
  #48 dunes.k10  sha 8df08651079e41f5  amb=1 alp=1 sandVis=true  arch=0.1 sfloor=0.45 offCut=0  ok=true
  #49 dunes.rimz  sha 7b43d4a0486f590a  amb=1 alp=1 sandVis=true  arch=0.55 sfloor=0 offCut=0  ok=true
  #50 dunes.w35  sha 1f574f4f9352bdf4  amb=1 alp=1 sandVis=true  arch=0.55 sfloor=0.45 offCut=0.35  ok=true
  #51 dunes.w45  sha 5a986023587d6cbd  amb=1 alp=1 sandVis=true  arch=0.55 sfloor=0.45 offCut=0.45  ok=true
  #52 dunes.b35  sha d646d5a4ac7a6f0e  amb=1 alp=1 sandVis=true  arch=0.1 sfloor=0.45 offCut=0.35  ok=true
  #53 dunes.b45  sha a1deb22ae43b2583  amb=1 alp=1 sandVis=true  arch=0.1 sfloor=0.45 offCut=0.45  ok=true
  #54 dunes.back  sha 9a8df7e8923a952a  amb=1 alp=1 sandVis=true  arch=0.55 sfloor=0.45 offCut=0  ok=true
-- staged interior (6/9, 0s, t=0.33479999999981375)
  #55 interior.off  sha 52494433a02546df  amb=1 alp=1 sandVis=true  arch=0.55 sfloor=0.45 offCut=0  ok=true
  #56 interior.ahide  sha 7b467c0b0ac20b1c  amb=1 alp=1 sandVis=false  arch=0.55 sfloor=0.45 offCut=0  ok=true
  #57 interior.g25  sha c2d62d9f4de52e1c  amb=0.25 alp=1 sandVis=true  arch=0.55 sfloor=0.45 offCut=0  ok=true
  #58 interior.g00  sha 6ab38205145e8010  amb=0 alp=1 sandVis=true  arch=0.55 sfloor=0.45 offCut=0  ok=true
  #59 interior.t30  sha 3e91bd414be8c83e  amb=1 alp=0.3 sandVis=true  arch=0.55 sfloor=0.45 offCut=0  ok=true
  #60 interior.t18  sha 0e4535ea771c3b98  amb=1 alp=0.18 sandVis=true  arch=0.55 sfloor=0.45 offCut=0  ok=true
  #61 interior.back  sha 52494433a02546df  amb=1 alp=1 sandVis=true  arch=0.55 sfloor=0.45 offCut=0  ok=true
-- staged night (7/9, 15s, t=0.33479999999981375)
  #62 night.off  sha 4c12691d2d856608  amb=1 alp=1 sandVis=true  arch=0.55 sfloor=0.45 offCut=0  ok=true
  #63 night.ahide  sha 8df928005a1313b3  amb=1 alp=1 sandVis=false  arch=0.55 sfloor=0.45 offCut=0  ok=true
  #64 night.g25  sha 3c663cd41284c816  amb=0.25 alp=1 sandVis=true  arch=0.55 sfloor=0.45 offCut=0  ok=true
  #65 night.g00  sha a84e7fcb6d9effbe  amb=0 alp=1 sandVis=true  arch=0.55 sfloor=0.45 offCut=0  ok=true
  #66 night.t30  sha d9fc956779e04b70  amb=1 alp=0.3 sandVis=true  arch=0.55 sfloor=0.45 offCut=0  ok=true
  #67 night.t18  sha e094c8eb0d00b668  amb=1 alp=0.18 sandVis=true  arch=0.55 sfloor=0.45 offCut=0  ok=true
  #68 night.k10  sha 82b95599141d1c41  amb=1 alp=1 sandVis=true  arch=0.1 sfloor=0.45 offCut=0  ok=true
  #69 night.rimz  sha 173ee9583bf59cc5  amb=1 alp=1 sandVis=true  arch=0.55 sfloor=0 offCut=0  ok=true
  #70 night.w35  sha fd01b8ee0657e269  amb=1 alp=1 sandVis=true  arch=0.55 sfloor=0.45 offCut=0.35  ok=true
  #71 night.w45  sha 888107e114592bc3  amb=1 alp=1 sandVis=true  arch=0.55 sfloor=0.45 offCut=0.45  ok=true
  #72 night.b35  sha 78a06feca3029162  amb=1 alp=1 sandVis=true  arch=0.1 sfloor=0.45 offCut=0.35  ok=true
  #73 night.b45  sha 66cc77cec24b2a5f  amb=1 alp=1 sandVis=true  arch=0.1 sfloor=0.45 offCut=0.45  ok=true
  #74 night.back  sha 4c12691d2d856608  amb=1 alp=1 sandVis=true  arch=0.55 sfloor=0.45 offCut=0  ok=true
-- staged guard (8/9, 0s, t=0.33479999999981375)
  #75 guard.off  sha 5e85356a7f60debf  amb=1 alp=1 sandVis=true  arch=0.55 sfloor=0.45 offCut=0  ok=true
  #76 guard.k10  sha 6c730f012ab73ece  amb=1 alp=1 sandVis=true  arch=0.1 sfloor=0.45 offCut=0  ok=true
  #77 guard.rimz  sha 0cd0e660dbd86c78  amb=1 alp=1 sandVis=true  arch=0.55 sfloor=0 offCut=0  ok=true
  #78 guard.w35  sha b4b7b42da7c45e4e  amb=1 alp=1 sandVis=true  arch=0.55 sfloor=0.45 offCut=0.35  ok=true
  #79 guard.w45  sha 48417ad8ab34fc89  amb=1 alp=1 sandVis=true  arch=0.55 sfloor=0.45 offCut=0.45  ok=true
  #80 guard.b35  sha bd0f95418fa4f7d4  amb=1 alp=1 sandVis=true  arch=0.1 sfloor=0.45 offCut=0.35  ok=true
  #81 guard.b45  sha b8e70c93c0ae1408  amb=1 alp=1 sandVis=true  arch=0.1 sfloor=0.45 offCut=0.45  ok=true
  #82 guard.back  sha 5e85356a7f60debf  amb=1 alp=1 sandVis=true  arch=0.55 sfloor=0.45 offCut=0  ok=true
-- staged sly-profile (9/9, 0s, t=0.33479999999981375)
  #83 sly-profile.off  sha 67011aca831832d1  amb=1 alp=1 sandVis=true  arch=0.55 sfloor=0.45 offCut=0  ok=true
  #84 sly-profile.ahide  sha 66b4c1175824ade4  amb=1 alp=1 sandVis=false  arch=0.55 sfloor=0.45 offCut=0  ok=true
  #85 sly-profile.g00  sha e51ba998a6c80091  amb=0 alp=1 sandVis=true  arch=0.55 sfloor=0.45 offCut=0  ok=true
  #86 sly-profile.t18  sha 13be983076779a49  amb=1 alp=0.18 sandVis=true  arch=0.55 sfloor=0.45 offCut=0  ok=true
  #87 sly-profile.k10  sha e89f6cfe9c8a67f8  amb=1 alp=1 sandVis=true  arch=0.1 sfloor=0.45 offCut=0  ok=true
  #88 sly-profile.rimz  sha 5f9ddb467dd3f02c  amb=1 alp=1 sandVis=true  arch=0.55 sfloor=0 offCut=0  ok=true
  #89 sly-profile.w35  sha f2ef1501c4e3d48f  amb=1 alp=1 sandVis=true  arch=0.55 sfloor=0.45 offCut=0.35  ok=true
  #90 sly-profile.w45  sha 71110b63e3edc05a  amb=1 alp=1 sandVis=true  arch=0.55 sfloor=0.45 offCut=0.45  ok=true
  #91 sly-profile.b35  sha 0e4ae7d6718ef1bf  amb=1 alp=1 sandVis=true  arch=0.1 sfloor=0.45 offCut=0.35  ok=true
  #92 sly-profile.b45  sha 3f43b30ea1cb62f9  amb=1 alp=1 sandVis=true  arch=0.1 sfloor=0.45 offCut=0.45  ok=true
  #93 sly-profile.back  sha 67011aca831832d1  amb=1 alp=1 sandVis=true  arch=0.55 sfloor=0.45 offCut=0  ok=true
DONE. Score with:
  node progress/records/fxfix/fxghost2-score.mjs
  node progress/records/fxfix/rimfloor2-score.mjs
