HEAD 1d94776f9232 verified (cone mechanism inert; §309 guard-model levers inert); expected src hash 2b5c7c49ad9c4668
frames -> /home/user/Demo/progress/records/guardcone1
HEAD tree verified under the lock — src 2b5c7c49ad9c4668 (no install; the cone mechanism is inert in HEAD)
renderer: ANGLE (Google, Vulkan 1.3.0 (SwiftShader Device (Subzero) (0x0000C0DE)), SwiftShader driver)
§309 parking verified at boot: guardArt 0, guardSkin 0, unpainted, unshifted
-- staged hero (1/16, 15s)
  # 1 hero.off             sha 1a8009c6a956  cone=0 lampW=0.00 park=0/0/clean inframe=7
  # 2 hero.bon             sha a954cef25aaf  cone=1 lampW=8.50 park=0/0/clean inframe=7
  # 3 hero.back            sha 1a8009c6a956  cone=0 lampW=0.00 park=0/0/clean inframe=7
-- staged kaykit (2/16, 0s)
  # 4 kaykit.off           sha 65d28269a44c  cone=0 lampW=0.00 park=0/0/clean inframe=6
  # 5 kaykit.bon           sha 34dd416d735d  cone=1 lampW=0.00 park=0/0/clean inframe=6
  # 6 kaykit.back          sha 65d28269a44c  cone=0 lampW=0.00 park=0/0/clean inframe=6
-- staged temple (3/16, 0s)
  # 7 temple.off           sha cd99a07da0f6  cone=0 lampW=0.00 park=0/0/clean inframe=2
  # 8 temple.bon           sha 2eebab3fb33b  cone=1 lampW=0.00 park=0/0/clean inframe=2
  # 9 temple.back          sha cd99a07da0f6  cone=0 lampW=0.00 park=0/0/clean inframe=2
-- staged sly-closeup (4/16, 28s)
  #10 sly-closeup.off      sha e1e2d15ccde5  cone=0 lampW=0.00 park=0/0/clean inframe=8
  #11 sly-closeup.bon      sha 1ea8cbb6ce27  cone=1 lampW=8.50 park=0/0/clean inframe=8
  #12 sly-closeup.back     sha e1e2d15ccde5  cone=0 lampW=0.00 park=0/0/clean inframe=8
-- staged sly-startle (5/16, 0s)
