PREREG-guardcone + AMENDMENT A1 (cone-only; PREREG-guardart WAIVED-UNSCORED per §309) + AMENDMENT A2 (chunked)
chunk "traversal" (off -> bon -> back) — HEAD 01abc774d71b verified (cone mechanism inert; §309 guard-model levers inert); expected src hash 317fd7305bab0f01
frames -> /home/user/Demo/progress/records/guardcone1
HEAD tree verified under the lock — src 317fd7305bab0f01 (no install; the cone mechanism is inert in HEAD)
renderer: ANGLE (Google, Vulkan 1.3.0 (SwiftShader Device (Subzero) (0x0000C0DE)), SwiftShader driver)
§309 parking verified at boot: guardArt 0, guardSkin 0, unpainted, unshifted
-- staged traversal (43s) — setShot(name, { dt: 0 }) — clock frozen through staging (A2.8, sealed runner); then step(3,0) + renderFrame(0), uncaptured
   4 engine warning(s) at staging, recorded verbatim in manifest.traversal.json
   ! textures: prewarm 23 recipes in 1.14s at size 1024 on 3 workers (125 MB, 23 baked / 0 generated)
   ! KayKit (props): 36 placed from 11 models, 0 failed, 31064 tris, 29 colliders, 36 contact decals, 0 hulls
   ! SlyModelDLRig: relaxed 6070 glove vertices, max move 17.8 (asset units)
   ! SlyModelDLRig: staff submesh dropped (258 tris), sly-cane.glb (§294) socketed to handR (grip 22.2 mm, 258 tris)
-- warm-up 2 render(s) discarded (§331: the first render after staging is unconverged; 1125 px at maxD 21, and every render after it bit-exact). `off` is render #4 after staging.
  # 1 traversal.off        sha 255e882ce02b  cone=0 glow=0.34 col=0xfff0c2 base=0.3 pool=0.24 core=1 lampToon=0 lampW=0.00 park=0/0/clean inframe=6
  # 2 traversal.bon        sha 0f955456c068  cone=1 glow=0.42 col=0xffd9a0 base=0.26 pool=0.3 core=0.62 lampToon=1 lampW=0.00 park=0/0/clean inframe=6
  # 3 traversal.back       sha 255e882ce02b  cone=0 glow=0.34 col=0xfff0c2 base=0.3 pool=0.24 core=1 lampToon=0 lampW=0.00 park=0/0/clean inframe=6
-- arm states distinct: off != bon; off == back
src/ clean at release (nothing was installed).

3 frames -> /home/user/Demo/progress/records/guardcone1   (36/49 rows across 12/16 chunks)

FORCE-ADD NOW, BEFORE THE NEXT CHUNK LAUNCHES (A2.6/§329.1 — these PNGs are gitignored):
  git add -f progress/records/guardcone1/traversal.*.png progress/records/guardcone1/manifest.traversal.json progress/records/guardcone1/manifest.json
  git commit --no-gpg-sign -m "guardcone chunk traversal: 3 frames (AMENDMENT A2)"
  git push

remaining chunks (4): combat, guard, sly-profile, sly-key
  next: bash tools/launch.sh progress/records/guardcone/guardcone.mjs /home/user/Demo/progress/records/logs/guardcone-combat.log /tmp/sands-of-ra/guardcone-combat.pid combat
