propshull2 chunk [guard+night+hero]  pid 9915
src tree COMMITTED (pre-edit): 4bf8b093c5b2ed808ccfda70af5f073cb81ab57b6de52cd70d2e2086df7dbd04   [src/player src/fx src/textures src/render src/world src/core]
lock ACQUIRED — ticket held; applying the registered one-line edit
edit APPLIED inside held ticket: Props.js:135 const HULL_KEYS = new Set(); -> const HULL_KEYS = new Set(['gold']);
src tree EDITED (capture tree): 0aaea246cfb9ca90716b8d3b7578e30bc1caedc2378ecf324320b22e87f91924
boot OK — renderer: ANGLE (Google, Vulkan 1.3.0 (SwiftShader Device (Subzero) (0x0000C0DE)), SwiftShader driver); 1 boot warning(s)

props hull shells found: 1
  props_gold_ink         host props_gold          11972 tris  castShadow false noShadow true isOutlineShell true
ink clone: 1 material(s) cloned onto 1 shell(s) (0 reuse)  basePx 2.5  private uniforms per clone: [uThickness]

capturing guard [base hull] (dt pinned to 0 on every step):
  ✓ base     live  0 (moved 1)  ink readback: clone 2.500 / cache 2.500
      counted-column stats (arm-to-arm sanity ONLY, never vs 250/1.2M — §153.1): draws 204  tris 1416k
      srcAtArm 0aaea246cfb9ca90…  -> progress/records/hullkerb/frames/guard-base.png
  ✓ hull     live  1 (moved 1)  ink readback: clone 2.500 / cache 2.500
      counted-column stats (arm-to-arm sanity ONLY, never vs 250/1.2M — §153.1): draws 205  tris 1428k
      srcAtArm 0aaea246cfb9ca90…  -> progress/records/hullkerb/frames/guard-hull.png

capturing night [base hull] (dt pinned to 0 on every step):
  ✓ base     live  0 (moved 0)  ink readback: clone 2.500 / cache 2.500
      counted-column stats (arm-to-arm sanity ONLY, never vs 250/1.2M — §153.1): draws 280  tris 1816k
      srcAtArm 0aaea246cfb9ca90…  -> progress/records/hullkerb/frames/night-base.png
  ✓ hull     live  1 (moved 1)  ink readback: clone 2.500 / cache 2.500
      counted-column stats (arm-to-arm sanity ONLY, never vs 250/1.2M — §153.1): draws 281  tris 1828k
      srcAtArm 0aaea246cfb9ca90…  -> progress/records/hullkerb/frames/night-hull.png

capturing hero [base] (dt pinned to 0 on every step):
  ✓ base     live  0 (moved 0)  ink readback: clone 2.500 / cache 2.500
      counted-column stats (arm-to-arm sanity ONLY, never vs 250/1.2M — §153.1): draws 252  tris 1701k
      srcAtArm 0aaea246cfb9ca90…  -> progress/records/hullkerb/frames/hero-base.png

CHUNK guard+night+hero DONE — 5 frames on the durable path
· 1 console error(s):
    ! Failed to load resource: the server responded with a status of 404 (Not Found)
edit REVERTED — src/world/Props.js byte-identical to pre-run snapshot: true
src tree AFTER revert: 4bf8b093c5b2ed808ccfda70af5f073cb81ab57b6de52cd70d2e2086df7dbd04  MATCHES COMMITTED: true
lock RELEASED
edit REVERTED — src/world/Props.js byte-identical to pre-run snapshot: true
