[03:53:24 +   0s] chunk N (night): srcTree 85bab2d30f5f7b59 — booting (own lock hold)
[03:55:19 + 115s]   boot ok — warnings 1
[03:55:19 + 115s]   POPULATION {"pinnedCount":13,"pinnedNames":["arch:paving_courtyard","arch:gold_leaf","arch:column_papyrus","arch:sandstone_worn","arch:sandstone_block","arch:granite_pink","arch:limestone_polished","arch:hieroglyph_gilded","arch:hieroglyph_wall","arch:mudbrick","arch:ceiling_stars","arch:bronze_dark","arch:rope_fibre"],"pinnedSss":[0.3,0.3,0.3,0.3,0.3,0.3,0.3,0.3,0.3,0.3,0.3,0.3,0.3],"pinnedNightPin":[0,0,0,0,0,0,0,0,0,0,0,0,0],"pinnedInArch":13,"pinnedOnSkinned":[],"archMatCount":13,"skinMatCount":16,"hasPublish":true,"hasInkNight":true}
[03:55:41 + 137s]   setShot(night) 22s  tod 0.02  draws 288 tris 1855983
[04:04:17 + 653s]   settle(night) 516s (10 frozen frames + throwaway capture)
[04:04:17 + 653s]   P-F7 ok: night live nightAmount 1 (= 1 exactly)
[04:04:48 + 684s]   night.base     31s  slySss→0  uSss seen by shader [0] (want exactly 0)  inkNight 1  uSubjW 0.5  applied ok
[04:05:17 + 713s]   night.C        29s  slySss→0.3  uSss seen by shader [0] (want exactly 0)  inkNight 1  uSubjW 0.5  applied ok
[04:05:47 + 743s]   night.restore  30s  slySss→0  uSss seen by shader [0] (want exactly 0)  inkNight 1  uSubjW 0.5  applied ok
[04:05:47 + 743s]   chunk N done — srcTree after 85bab2d30f5f7b59 (STABLE)
[04:05:47 + 743s] chunk N: lock released
[04:05:47 + 743s] chunk N2 (guard): srcTree 85bab2d30f5f7b59 — booting (own lock hold)
· waiting for capture lock (10s, held by pid 15982)
· waiting for capture lock (20s, held by pid 15982)
· waiting for capture lock (31s, held by pid 15982)
· waiting for capture lock (41s, held by pid 15982)
· waiting for capture lock (52s, held by pid 15982)
· waiting for capture lock (62s, held by pid 15982)
· waiting for capture lock (72s, held by pid 15982)
· waiting for capture lock (82s, held by pid 15982)
· waiting for capture lock (93s, held by pid 15982)
· waiting for capture lock (103s, held by pid 15982)
· waiting for capture lock (114s, held by pid 15982)
· waiting for capture lock (125s, held by pid 15982)
· waiting for capture lock (135s, held by pid 15982)
· waiting for capture lock (145s, held by pid 15982)
· waiting for capture lock (156s, held by pid 15982)
· waiting for capture lock (166s, held by pid 15982)
· waiting for capture lock (178s, held by pid 15982)
· waiting for capture lock (188s, held by pid 15982)
· waiting for capture lock (198s, held by pid 15982)
· waiting for capture lock (209s, held by pid 15982)
· waiting for capture lock (219s, held by pid 15982)
· waiting for capture lock (230s, held by pid 15982)
· waiting for capture lock (241s, held by pid 15982)
· waiting for capture lock (252s, held by pid 15982)
· waiting for capture lock (262s, held by pid 15982)
· waiting for capture lock (272s, held by pid 15982)
· waiting for capture lock (282s, held by pid 15982)
· waiting for capture lock (293s, held by pid 15982)
· waiting for capture lock (303s, held by pid 15982)
· waiting for capture lock (313s, held by pid 15982)
· waiting for capture lock (324s, held by pid 15982)
· waiting for capture lock (335s, held by pid 15982)
· waiting for capture lock (345s, held by pid 15982)
· waiting for capture lock (355s, held by pid 15982)
· waiting for capture lock (366s, held by pid 15982)
· waiting for capture lock (376s, held by pid 15982)
· waiting for capture lock (386s, held by pid 15982)
· waiting for capture lock (397s, held by pid 15982)
· waiting for capture lock (407s, held by pid 15982)
· waiting for capture lock (417s, held by pid 15982)
· waiting for capture lock (428s, held by pid 15982)
· waiting for capture lock (439s, held by pid 15982)
· waiting for capture lock (449s, held by pid 15982)
· waiting for capture lock (459s, held by pid 15982)
· waiting for capture lock (470s, held by pid 15982)
· waiting for capture lock (481s, held by pid 15982)
· waiting for capture lock (491s, held by pid 15982)
· waiting for capture lock (502s, held by pid 15982)
· waiting for capture lock (513s, held by pid 15982)
· waiting for capture lock (523s, held by pid 15982)
· waiting for capture lock (534s, held by pid 15982)
· waiting for capture lock (545s, held by pid 15982)
· waiting for capture lock (556s, held by pid 15982)
· waiting for capture lock (566s, held by pid 15982)
· waiting for capture lock (577s, held by pid 15982)
· waiting for capture lock (587s, held by pid 15982)
· waiting for capture lock (598s, held by pid 15982)
· waiting for capture lock (608s, held by pid 15982)
· waiting for capture lock (619s, held by pid 15982)
· waiting for capture lock (630s, held by pid 15982)
· waiting for capture lock (641s, held by pid 15982)
