R hero         off-vs-back 0 px
R kaykit       off-vs-back 0 px
R temple       off-vs-back 0 px
R sly-closeup  off-vs-back 0 px
R sly-startle  off-vs-back 0 px
R sly-perch    off-vs-back 0 px
R sly-arm      off-vs-back 0 px
R courtyard    off-vs-back 0 px
R dunes        off-vs-back 0 px
R interior     off-vs-back 0 px
R night        off-vs-back 0 px
R traversal    off-vs-back 0 px
R combat       off-vs-back 0 px
R guard        off-vs-back 0 px
R sly-profile  off-vs-back 0 px
R sly-key      off-vs-back 0 px
B hero         off-vs-don  0 px
B kaykit       off-vs-don  0 px
B temple       off-vs-don  0 px
B sly-closeup  off-vs-don  0 px
B sly-startle  off-vs-don  0 px
B sly-perch    off-vs-don  0 px
B sly-arm      off-vs-don  0 px
B courtyard    off-vs-don  0 px
B dunes        off-vs-don  0 px
B interior     off-vs-don  0 px
B traversal    off-vs-don  0 px
B combat       off-vs-don  0 px
B sly-profile  off-vs-don  0 px
B sly-key      off-vs-don  0 px
night.off  WALL L 20.8 R-B -36.7 hue 221.5 dark% 89.1   MASS L 18.2 R-B -31.6 hue 222.2 dark% 91.7
night.don  WALL L 21.8 R-B -37.6 hue 220.5 dark% 87.9   MASS L 19.3 R-B -32.6 hue 221.0 dark% 90.4
night.dko  WALL L 24.4 R-B -39.7 hue 218.3 dark% 81.6   MASS L 22.2 R-B -35.0 hue 218.4 dark% 81.3
guard.off  GWALL L 17.4 R-B -17.7 hue 245.1 dark% 88.6
guard.don  GWALL L 18.4 R-B -18.4 hue 243.2 dark% 87.7
N1  WALL dL 1.01 (want +1.0..+5.0)
N2  MASS dL 1.14 (want +0.8..+5.0)
N3  WALL hue drift 1.0 (want <= 4)  R-B(don) -37.6 (want <= -15)
G1  GWALL dL 0.99 (want +0.5..+6.0)
KO_d  WALL dL dko 3.60 vs don 1.01 (want >= 1.8x and >= don+1.5)
dark%(L<26) WALL 89.1 -> 87.9 -> 81.6 (dko)   MASS 91.7 -> 90.4
trees: {0ff46d1cb8457d8b} expected 0ff46d1cb8457d8b; rows 83 (want 83)

  R_hero         PASS
  R_kaykit       PASS
  R_temple       PASS
  R_sly-closeup  PASS
  R_sly-startle  PASS
  R_sly-perch    PASS
  R_sly-arm      PASS
  R_courtyard    PASS
  R_dunes        PASS
  R_interior     PASS
  R_night        PASS
  R_traversal    PASS
  R_combat       PASS
  R_guard        PASS
  R_sly-profile  PASS
  R_sly-key      PASS
  B_hero         PASS
  B_kaykit       PASS
  B_temple       PASS
  B_sly-closeup  PASS
  B_sly-startle  PASS
  B_sly-perch    PASS
  B_sly-arm      PASS
  B_courtyard    PASS
  B_dunes        PASS
  B_interior     PASS
  B_traversal    PASS
  B_combat       PASS
  B_sly-profile  PASS
  B_sly-key      PASS
  BG_d           PASS
  N1             PASS
  N2             PASS
  N3             PASS
  G1             PASS
  KO_d           PASS
  VD             PASS
  V4             PASS

==> SHIP TUNE.shadowFloorNight = 0.14 (nightfloor — shared gradetrio boot; LOOK gate §8 still binds before any write)
