########## PREVIEW ONLY - stride 12, NOT the registered stride-4 acceptance ##########
archShade 4757  archLit 376  sky 1025
roi-night.json  tod=0.02  sun=[0.442, -0.862, -0.249]  stride=12

--- night / archShade  (4757 samples) ---
arm         hueP50  dHue   satP50   R/G    B/max   meanR meanG meanB   G-darkest%
base         224.1 +0.00   0.800   0.548  2.068    12.2  22.2  46.0     6.5%
rimfloor0    225.0 +0.88   0.806   0.535  2.227    10.5  19.7  43.8     6.4%
sbm040       237.1 +13.03  0.667   0.838  2.157    18.0  21.4  46.2    35.5%
compose      226.0 +1.88   0.778   0.595  2.080    13.2  22.1  46.0     7.6%
base2        224.1 +0.00   0.800   0.548  2.068    12.2  22.2  46.0     6.5%

--- night / archLit  (376 samples) ---
arm         hueP50  dHue   satP50   R/G    B/max   meanR meanG meanB   G-darkest%
base         221.8 +0.00   0.780   0.569  1.892    15.5  27.3  51.6     6.9%
rimfloor0    223.1 +1.34   0.800   0.548  2.081    12.8  23.4  48.7     6.4%
sbm040       230.8 +8.98   0.644   0.771  1.950    20.5  26.6  51.9    20.5%
compose      223.4 +1.66   0.750   0.611  1.899    16.6  27.1  51.5     8.0%
base2        221.8 +0.00   0.780   0.569  1.892    15.5  27.3  51.6     6.9%

--- night / sky  (1025 samples) ---
arm         hueP50  dHue   satP50   R/G    B/max   meanR meanG meanB   G-darkest%
base         215.6 +0.00   0.776   0.547  1.663    38.6  70.6 117.4     1.3%
rimfloor0    215.6 +0.00   0.776   0.547  1.664    38.6  70.6 117.5     1.2%
sbm040       215.6 +0.02   0.769   0.551  1.665    38.9  70.6 117.5     2.0%
compose      215.6 +0.00   0.775   0.547  1.664    38.6  70.6 117.5     1.3%
base2        215.6 +0.00   0.776   0.547  1.663    38.6  70.6 117.4     1.3%

=== WARM-WARD SIGN CHECK (derived, not assumed) ===
sbm040 mixes 8x ship's warm sand bounce into the shadow term (0.05 -> 0.40).
  its archShade dHue = +13.03 deg,  R/G 0.548 -> 0.838,  B/max 2.068 -> 2.157
  => WARM-WARD is dHue POSITIVE (+) on this shot's archShade pixels.
  corroboration (must agree, else the sign is not established):
    R/G rises warm-ward?  YES   B/max falls warm-ward?  NO

=== PREREG-pnight 3.3 — CALIBRATION AND LINE ===
|dHue(rimfloor0)| = 0.882 deg
|dHue(sbm040)|    = 13.025 deg
S = min = 0.882 deg     S/5 = 0.176 deg
compose archShade dHue = +1.882 deg   |dHue| = 1.882
  magnitude <= S/5 ?  NO
sky control: compose dHue = +0.000 deg  (must not move)
sky base2  : dHue = 0.000 (bit-identity floor, must be exactly 0)
=== pchain done ===
