[04:20:02 +   0s] provenance sha a35e37e  srcTree bc13c4632863fc15  renderTree 5b075ca0b494f8d2  dirty 5 file(s)
· waiting for capture lock (10s, held by pid 5554)
· waiting for capture lock (21s, held by pid 5554)
· waiting for capture lock (32s, held by pid 5554)
· waiting for capture lock (43s, held by pid 5554)
· waiting for capture lock (53s, held by pid 5554)
· waiting for capture lock (63s, held by pid 5554)
· waiting for capture lock (74s, held by pid 5554)
· waiting for capture lock (84s, held by pid 5554)
· waiting for capture lock (95s, held by pid 5554)
· waiting for capture lock (105s, held by pid 5554)
· waiting for capture lock (115s, held by pid 5554)
· waiting for capture lock (126s, held by pid 5554)
· waiting for capture lock (136s, held by pid 5554)
· waiting for capture lock (147s, held by pid 5554)
· waiting for capture lock (157s, held by pid 5554)
· waiting for capture lock (168s, held by pid 5554)
· waiting for capture lock (178s, held by pid 5554)
· waiting for capture lock (189s, held by pid 5554)
· waiting for capture lock (199s, held by pid 5554)
· waiting for capture lock (209s, held by pid 5554)
· waiting for capture lock (220s, held by pid 5554)
· waiting for capture lock (230s, held by pid 5554)
· waiting for capture lock (240s, held by pid 5554)
· waiting for capture lock (251s, held by pid 5554)
· waiting for capture lock (262s, held by pid 5554)
· waiting for capture lock (272s, held by pid 5554)
· waiting for capture lock (283s, held by pid 5554)
· waiting for capture lock (293s, held by pid 5554)
· waiting for capture lock (304s, held by pid 5554)
· waiting for capture lock (314s, held by pid 5554)
· waiting for capture lock (325s, held by pid 5554)
· waiting for capture lock (336s, held by pid 5554)
· waiting for capture lock (346s, held by pid 5554)
· waiting for capture lock (357s, held by pid 5554)
· waiting for capture lock (368s, held by pid 5554)
· waiting for capture lock (379s, held by pid 5554)
· waiting for capture lock (390s, held by pid 5554)
· waiting for capture lock (400s, held by pid 5554)
· waiting for capture lock (411s, held by pid 5554)
· waiting for capture lock (421s, held by pid 5554)
· waiting for capture lock (431s, held by pid 5554)
· waiting for capture lock (442s, held by pid 5852)
· waiting for capture lock (452s, held by pid 5852)
· waiting for capture lock (463s, held by pid 5852)
· waiting for capture lock (474s, held by pid 5852)
· waiting for capture lock (484s, held by pid 5852)
· waiting for capture lock (494s, held by pid 5852)
· waiting for capture lock (504s, held by pid 5852)
· waiting for capture lock (514s, held by pid 5852)
· waiting for capture lock (525s, held by pid 5852)
· waiting for capture lock (535s, held by pid 5852)
· waiting for capture lock (546s, held by pid 5852)
· waiting for capture lock (556s, held by pid 5852)
· waiting for capture lock (567s, held by pid 5852)
· waiting for capture lock (577s, held by pid 5852)
· waiting for capture lock (588s, held by pid 5852)
· waiting for capture lock (598s, held by pid 5852)
· waiting for capture lock (609s, held by pid 5852)
· waiting for capture lock (620s, held by pid 5852)
· waiting for capture lock (630s, held by pid 5852)
· waiting for capture lock (641s, held by pid 5852)
· waiting for capture lock (652s, held by pid 5852)
· waiting for capture lock (663s, held by pid 5852)
· waiting for capture lock (673s, held by pid 5852)
· waiting for capture lock (683s, held by pid 5852)
· waiting for capture lock (693s, held by pid 5852)
· waiting for capture lock (703s, held by pid 5852)
· waiting for capture lock (714s, held by pid 5852)
· waiting for capture lock (725s, held by pid 5852)
· waiting for capture lock (736s, held by pid 5852)
· waiting for capture lock (746s, held by pid 5852)
· waiting for capture lock (757s, held by pid 5852)
· waiting for capture lock (768s, held by pid 5852)
· waiting for capture lock (778s, held by pid 5852)
· waiting for capture lock (789s, held by pid 5852)
· waiting for capture lock (799s, held by pid 5852)
· waiting for capture lock (810s, held by pid 5852)
· waiting for capture lock (820s, held by pid 5852)
· waiting for capture lock (831s, held by pid 5852)
· waiting for capture lock (841s, held by pid 5852)
· waiting for capture lock (852s, held by pid 5852)
· waiting for capture lock (862s, held by pid 5852)
· waiting for capture lock (873s, held by pid 5852)
· waiting for capture lock (884s, held by pid 5852)
· waiting for capture lock (894s, held by pid 5852)
· waiting for capture lock (904s, held by pid 5852)
· waiting for capture lock (915s, held by pid 5852)
· waiting for capture lock (925s, held by pid 5852)
· waiting for capture lock (935s, held by pid 5852)
· waiting for capture lock (946s, held by pid 5852)
· waiting for capture lock (957s, held by pid 5852)
· waiting for capture lock (968s, held by pid 5852)
· waiting for capture lock (979s, held by pid 5852)
· waiting for capture lock (989s, held by pid 5852)
· waiting for capture lock (999s, held by pid 5852)
· waiting for capture lock (1010s, held by pid 5852)
· waiting for capture lock (1020s, held by pid 5852)
[04:38:46 +1124s] boot ok — ANGLE (Google, Vulkan 1.3.0 (SwiftShader Device (Subzero) (0x0000C0DE)), SwiftShader driver)  warnings 1
[04:38:46 +1124s]   WARN textures: prewarm took 19.8s at size 1024
[04:38:47 +1124s] LEVER PROBE {"hasFill":true,"shipFill":0.7,"tuneSbm":0.05,"tuneSbmLit":0.05,"rimFloorShip":0.55}
[04:38:47 +1124s] ===== night =====
[04:40:09 +1206s]   staged 82s  draws 287 tris 1844065
[04:43:44 +1421s]   base     215s  sbm 0.05/0.05 fill 0.7 rimFloor 0.55  md5 a46bae328c6c  applied ok
[04:44:08 +1445s]   sbm020   24s  sbm 0.2/0.2 fill 0.7 rimFloor 0.55  md5 351c1d17be3b  applied ok
[04:44:31 +1469s]   sbm040   24s  sbm 0.4/0.4 fill 0.7 rimFloor 0.55  md5 a68ba204b537  applied ok
[04:44:55 +1493s]   compose  24s  sbm 0.1/0.1 fill 0 rimFloor 0.55  md5 c27eb3fe1a9d  applied ok
[04:45:19 +1517s]   base2    24s  sbm 0.05/0.05 fill 0.7 rimFloor 0.55  md5 a46bae328c6c  applied ok
[04:45:19 +1517s] srcTree after bc13c4632863fc15 (STABLE)  renderTree after 5b075ca0b494f8d2 (STABLE)
[04:45:32 +1530s] done
