HEAD 693681d20783 verified (inert mechanism present); expected src hash 2052d5642163f62e
frames -> /home/user/Demo/progress/records/redkey
HEAD tree verified under the lock — src 2052d5642163f62e (no install; the mechanism is inert in HEAD)
renderer: ANGLE (Google, Vulkan 1.3.0 (SwiftShader Device (Subzero) (0x0000C0DE)), SwiftShader driver)
-- staged hero (1/16, 50s)
  # 1 hero.off  sha 4f928e617b3b3f51  sat=0.6485 keySatMax=1
  # 2 hero.on  sha 63db9107572d1c6a  sat=0.4500 keySatMax=0.45
  # 3 hero.back  sha 4f928e617b3b3f51  sat=0.6485 keySatMax=1
-- staged kaykit (2/16, 0s)
  # 4 kaykit.off  sha 52f8345db45fcc42  sat=0.6485 keySatMax=1
  # 5 kaykit.on  sha 521f3877f358729b  sat=0.4500 keySatMax=0.45
  # 6 kaykit.back  sha 52f8345db45fcc42  sat=0.6485 keySatMax=1
-- staged temple (3/16, 0s)
  # 7 temple.off  sha 3e5c5521eb2fc77b  sat=0.6093 keySatMax=1
  # 8 temple.on  sha 141a25bf41345182  sat=0.4500 keySatMax=0.45
  # 9 temple.back  sha 3e5c5521eb2fc77b  sat=0.6093 keySatMax=1
-- staged sly-closeup (4/16, 16s)
  #10 sly-closeup.off  sha 31b5692640608ec9  sat=0.6499 keySatMax=1
  #11 sly-closeup.on  sha 3b7126d904b7008a  sat=0.4500 keySatMax=0.45
  #12 sly-closeup.back  sha 31b5692640608ec9  sat=0.6499 keySatMax=1
-- staged sly-startle (5/16, 0s)
  #13 sly-startle.off  sha 473979d9481042cd  sat=0.6499 keySatMax=1
  #14 sly-startle.on  sha 044b1782e9ac2d0d  sat=0.4500 keySatMax=0.45
  #15 sly-startle.back  sha 473979d9481042cd  sat=0.6499 keySatMax=1
-- staged sly-perch (6/16, 15s)
  #16 sly-perch.off  sha d68778de83816c94  sat=0.6499 keySatMax=1
  #17 sly-perch.on  sha dfc46603a51f46f1  sat=0.4500 keySatMax=0.45
  #18 sly-perch.back  sha d68778de83816c94  sat=0.6499 keySatMax=1
-- staged sly-arm (7/16, 0s)
  #19 sly-arm.off  sha 434979fe472ee10d  sat=0.6499 keySatMax=1
  #20 sly-arm.on  sha 508732e1b2024f68  sat=0.4500 keySatMax=0.45
  #21 sly-arm.ko  sha 0b683a01d381c774  sat=0.3500 keySatMax=0.35
  #22 sly-arm.back  sha 434979fe472ee10d  sat=0.6499 keySatMax=1
-- staged courtyard (8/16, 32s)
  #23 courtyard.off  sha d7e154792518fecc  sat=0.6428 keySatMax=1
  #24 courtyard.on  sha 144d22aa481cb32f  sat=0.4500 keySatMax=0.45
  #25 courtyard.back  sha d7e154792518fecc  sat=0.6428 keySatMax=1
-- staged dunes (9/16, 20s)
  #26 dunes.off  sha ff8a10b02c482c65  sat=0.7001 keySatMax=1
  #27 dunes.on  sha 8ea6767626048002  sat=0.4500 keySatMax=0.45
  #28 dunes.back  sha ff8a10b02c482c65  sat=0.7001 keySatMax=1
-- staged interior (10/16, 0s)
  #29 interior.off  sha 6ea1f07a0a39c241  sat=0.2843 keySatMax=1
  #30 interior.on  sha 6ea1f07a0a39c241  sat=0.2843 keySatMax=0.45
  #31 interior.back  sha 6ea1f07a0a39c241  sat=0.2843 keySatMax=1
-- staged night (11/16, 33s)
  #32 night.off  sha e45e744fb99de0cb  sat=0.6581 keySatMax=1
  #33 night.on  sha e45e744fb99de0cb  sat=0.6581 keySatMax=0.45
  #34 night.back  sha e45e744fb99de0cb  sat=0.6581 keySatMax=1
-- staged traversal (12/16, 0s)
  #35 traversal.off  sha 4a5745683053ea91  sat=0.6452 keySatMax=1
  #36 traversal.on  sha f385adba50a184c4  sat=0.4500 keySatMax=0.45
  #37 traversal.back  sha 4a5745683053ea91  sat=0.6452 keySatMax=1
-- staged combat (13/16, 0s)
  #38 combat.off  sha 8cd7ef15898ce669  sat=0.6293 keySatMax=1
  #39 combat.on  sha 79682d350ce12497  sat=0.4500 keySatMax=0.45
  #40 combat.back  sha 8cd7ef15898ce669  sat=0.6293 keySatMax=1
-- staged guard (14/16, 0s)
  #41 guard.off  sha 24b7247850002458  sat=0.6581 keySatMax=1
  #42 guard.on  sha 24b7247850002458  sat=0.6581 keySatMax=0.45
  #43 guard.back  sha 24b7247850002458  sat=0.6581 keySatMax=1
-- staged sly-profile (15/16, 0s)
  #44 sly-profile.off  sha 426698a2dae074ed  sat=0.6499 keySatMax=1
  #45 sly-profile.on  sha af1653750d9f98ba  sat=0.4500 keySatMax=0.45
  #46 sly-profile.back  sha 426698a2dae074ed  sat=0.6499 keySatMax=1
-- staged sly-key (16/16, 31s)
  #47 sly-key.off  sha 4ce7e77e1c57f7ba  sat=0.6499 keySatMax=1
  #48 sly-key.on  sha e3803359bdb1c3c8  sat=0.4500 keySatMax=0.45
  #49 sly-key.back  sha 4ce7e77e1c57f7ba  sat=0.6499 keySatMax=1
src/ clean at release (nothing was installed).
DONE. Score with: node progress/records/redkey-score.mjs
