BASE 926f0ee verified: src delta is exactly the three registered files.
note: src/ dirty at LAUNCH (another lane's under-lock arm?) — proceeding; every boot re-checks at its own lock grant:
M src/render/PostFX.js
expected src hashes: base 18a2e1e292b8ac2b  cand f9a77726b2a5ece0
HEAD 104470d5bb2a; frames -> /home/user/Demo/progress/records/torchlight1
· waiting for capture lock (10s, held by pid 14442)
· waiting for capture lock (20s, held by pid 14442)
· waiting for capture lock (31s, held by pid 14442)
· waiting for capture lock (41s, held by pid 14442)
· waiting for capture lock (53s, held by pid 14442)
· waiting for capture lock (63s, held by pid 14442)
· waiting for capture lock (73s, held by pid 14442)
· waiting for capture lock (84s, held by pid 14442)
· waiting for capture lock (94s, held by pid 14442)
· waiting for capture lock (104s, held by pid 14442)
· waiting for capture lock (115s, held by pid 14442)
· waiting for capture lock (126s, held by pid 14442)
· waiting for capture lock (136s, held by pid 14442)
· waiting for capture lock (146s, held by pid 14442)
· waiting for capture lock (157s, held by pid 14442)
· waiting for capture lock (167s, held by pid 14442)
· waiting for capture lock (178s, held by pid 14442)
· waiting for capture lock (189s, held by pid 14442)
· waiting for capture lock (199s, held by pid 14442)
· waiting for capture lock (210s, held by pid 14442)
· waiting for capture lock (220s, held by pid 14442)
· waiting for capture lock (231s, held by pid 14442)
· waiting for capture lock (242s, held by pid 14442)
· waiting for capture lock (253s, held by pid 14442)
· waiting for capture lock (264s, held by pid 14442)
· waiting for capture lock (274s, held by pid 14442)
· waiting for capture lock (284s, held by pid 14442)
· waiting for capture lock (294s, held by pid 14442)
· waiting for capture lock (305s, held by pid 14442)
· waiting for capture lock (315s, held by pid 14442)
· waiting for capture lock (326s, held by pid 14442)
· waiting for capture lock (338s, held by pid 14442)
· waiting for capture lock (348s, held by pid 14442)
· waiting for capture lock (358s, held by pid 14442)
· waiting for capture lock (369s, held by pid 14442)
· waiting for capture lock (379s, held by pid 14442)
· waiting for capture lock (390s, held by pid 14442)
· waiting for capture lock (400s, held by pid 14442)
· waiting for capture lock (411s, held by pid 14442)
· waiting for capture lock (422s, held by pid 14442)
· waiting for capture lock (432s, held by pid 14442)
· waiting for capture lock (443s, held by pid 14442)
· waiting for capture lock (453s, held by pid 14442)
· waiting for capture lock (464s, held by pid 14442)
· waiting for capture lock (474s, held by pid 14442)
· waiting for capture lock (484s, held by pid 14442)
· waiting for capture lock (494s, held by pid 14442)
· waiting for capture lock (505s, held by pid 14442)
· waiting for capture lock (516s, held by pid 14442)
· waiting for capture lock (526s, held by pid 14442)
· waiting for capture lock (536s, held by pid 14442)
· waiting for capture lock (547s, held by pid 14442)
· waiting for capture lock (557s, held by pid 14442)
· waiting for capture lock (568s, held by pid 14442)
· waiting for capture lock (578s, held by pid 14442)
· waiting for capture lock (589s, held by pid 14442)
· waiting for capture lock (600s, held by pid 14442)
· waiting for capture lock (610s, held by pid 14442)
· waiting for capture lock (621s, held by pid 14442)
· waiting for capture lock (631s, held by pid 14442)
· waiting for capture lock (642s, held by pid 14442)
· waiting for capture lock (652s, held by pid 14442)
· waiting for capture lock (662s, held by pid 14442)
· waiting for capture lock (672s, held by pid 14442)
· waiting for capture lock (683s, held by pid 14442)
· waiting for capture lock (693s, held by pid 14442)
· waiting for capture lock (704s, held by pid 14442)
· waiting for capture lock (715s, held by pid 14442)
· waiting for capture lock (725s, held by pid 14442)
· waiting for capture lock (736s, held by pid 14442)
· waiting for capture lock (746s, held by pid 14442)
· waiting for capture lock (757s, held by pid 14442)
· waiting for capture lock (767s, held by pid 14442)
· waiting for capture lock (778s, held by pid 14442)
· waiting for capture lock (789s, held by pid 14442)
· waiting for capture lock (799s, held by pid 14442)
· waiting for capture lock (809s, held by pid 14442)
· waiting for capture lock (820s, held by pid 14442)
· waiting for capture lock (831s, held by pid 14442)
· waiting for capture lock (841s, held by pid 14442)
· waiting for capture lock (852s, held by pid 14442)
· waiting for capture lock (862s, held by pid 14442)
· waiting for capture lock (873s, held by pid 14442)
· waiting for capture lock (884s, held by pid 14442)
· waiting for capture lock (894s, held by pid 14442)
· waiting for capture lock (904s, held by pid 14442)
· waiting for capture lock (915s, held by pid 14442)
· waiting for capture lock (925s, held by pid 14442)
· waiting for capture lock (936s, held by pid 14442)
· waiting for capture lock (947s, held by pid 14442)
· waiting for capture lock (957s, held by pid 14442)
· waiting for capture lock (967s, held by pid 14442)
· waiting for capture lock (977s, held by pid 14442)
· waiting for capture lock (988s, held by pid 14442)
· waiting for capture lock (999s, held by pid 14442)
· waiting for capture lock (1009s, held by pid 14442)
· waiting for capture lock (1020s, held by pid 14442)
· waiting for capture lock (1030s, held by pid 14442)
· waiting for capture lock (1040s, held by pid 14442)
· waiting for capture lock (1050s, held by pid 14442)
· waiting for capture lock (1061s, held by pid 14442)
· waiting for capture lock (1071s, held by pid 14442)
· waiting for capture lock (1082s, held by pid 14442)
· waiting for capture lock (1092s, held by pid 14442)
· waiting for capture lock (1103s, held by pid 14442)
· waiting for capture lock (1114s, held by pid 14442)
· waiting for capture lock (1124s, held by pid 14442)
· waiting for capture lock (1134s, held by pid 14442)
· waiting for capture lock (1145s, held by pid 14442)
· waiting for capture lock (1156s, held by pid 14442)
· waiting for capture lock (1166s, held by pid 14442)
· waiting for capture lock (1177s, held by pid 14442)
· waiting for capture lock (1187s, held by pid 14442)
· waiting for capture lock (1199s, held by pid 14442)
· waiting for capture lock (1209s, held by pid 14442)
· waiting for capture lock (1219s, held by pid 14442)
· waiting for capture lock (1230s, held by pid 14442)
· waiting for capture lock (1240s, held by pid 14442)
· waiting for capture lock (1251s, held by pid 14442)
· waiting for capture lock (1262s, held by pid 14442)
· waiting for capture lock (1272s, held by pid 14442)
· waiting for capture lock (1283s, held by pid 14442)
· waiting for capture lock (1294s, held by pid 14442)
· waiting for capture lock (1304s, held by pid 14442)
· waiting for capture lock (1314s, held by pid 14442)
· waiting for capture lock (1324s, held by pid 14442)
· waiting for capture lock (1335s, held by pid 14442)
· waiting for capture lock (1345s, held by pid 14442)
· waiting for capture lock (1356s, held by pid 14442)
· waiting for capture lock (1366s, held by pid 14442)
· waiting for capture lock (1376s, held by pid 14442)
· waiting for capture lock (1387s, held by pid 14442)
· waiting for capture lock (1398s, held by pid 14442)
· waiting for capture lock (1408s, held by pid 14442)
· waiting for capture lock (1419s, held by pid 14442)
· waiting for capture lock (1429s, held by pid 14442)
· waiting for capture lock (1440s, held by pid 14442)
· waiting for capture lock (1450s, held by pid 14442)
· waiting for capture lock (1460s, held by pid 14442)
· waiting for capture lock (1471s, held by pid 14442)
· waiting for capture lock (1482s, held by pid 14442)
· waiting for capture lock (1493s, held by pid 14442)
· waiting for capture lock (1503s, held by pid 14442)
· waiting for capture lock (1514s, held by pid 14442)
· waiting for capture lock (1524s, held by pid 14442)
· waiting for capture lock (1535s, held by pid 14442)
· waiting for capture lock (1545s, held by pid 14442)
· waiting for capture lock (1555s, held by pid 14442)
· waiting for capture lock (1566s, held by pid 14442)
· waiting for capture lock (1576s, held by pid 14442)
· waiting for capture lock (1587s, held by pid 14442)
· waiting for capture lock (1597s, held by pid 14442)
· waiting for capture lock (1608s, held by pid 14442)
· waiting for capture lock (1619s, held by pid 14442)
· waiting for capture lock (1630s, held by pid 14442)
· waiting for capture lock (1641s, held by pid 14442)
· waiting for capture lock (1651s, held by pid 14442)
· waiting for capture lock (1662s, held by pid 14442)
· waiting for capture lock (1672s, held by pid 14442)
· waiting for capture lock (1683s, held by pid 14442)
· waiting for capture lock (1693s, held by pid 14442)
· waiting for capture lock (1703s, held by pid 14442)
· waiting for capture lock (1714s, held by pid 14442)
· waiting for capture lock (1724s, held by pid 14442)
· waiting for capture lock (1735s, held by pid 14442)
· waiting for capture lock (1745s, held by pid 14442)
· waiting for capture lock (1755s, held by pid 14442)
· waiting for capture lock (1766s, held by pid 14442)
· waiting for capture lock (1777s, held by pid 14442)
· waiting for capture lock (1787s, held by pid 14442)
· waiting for capture lock (1797s, held by pid 14442)
· waiting for capture lock (1807s, held by pid 14442)
· waiting for capture lock (1818s, held by pid 14442)
· waiting for capture lock (1828s, held by pid 14442)
· waiting for capture lock (1839s, held by pid 14442)
· waiting for capture lock (1849s, held by pid 14442)
· waiting for capture lock (1859s, held by pid 14442)
· waiting for capture lock (1869s, held by pid 14442)
· waiting for capture lock (1880s, held by pid 14442)
· waiting for capture lock (1891s, held by pid 14442)
· waiting for capture lock (1902s, held by pid 14442)
· waiting for capture lock (1913s, held by pid 14442)
· waiting for capture lock (1923s, held by pid 14442)
· waiting for capture lock (1934s, held by pid 14442)
· waiting for capture lock (1944s, held by pid 14442)
· waiting for capture lock (1954s, held by pid 14442)
· waiting for capture lock (1965s, held by pid 14442)
· waiting for capture lock (1975s, held by pid 14442)
· waiting for capture lock (1986s, held by pid 14442)
· waiting for capture lock (1996s, held by pid 14442)
· waiting for capture lock (2007s, held by pid 14442)
· waiting for capture lock (2017s, held by pid 14442)
· waiting for capture lock (2028s, held by pid 14442)
· waiting for capture lock (2039s, held by pid 14442)
· waiting for capture lock (2049s, held by pid 14442)
· waiting for capture lock (2059s, held by pid 14442)
· waiting for capture lock (2070s, held by pid 14442)
· waiting for capture lock (2080s, held by pid 14442)
· waiting for capture lock (2091s, held by pid 14442)
· waiting for capture lock (2101s, held by pid 14442)
· waiting for capture lock (2111s, held by pid 14442)
· waiting for capture lock (2122s, held by pid 14442)
· waiting for capture lock (2132s, held by pid 14442)
· waiting for capture lock (2143s, held by pid 14442)
· waiting for capture lock (2153s, held by pid 14442)
· waiting for capture lock (2164s, held by pid 14442)
· waiting for capture lock (2175s, held by pid 14442)
· waiting for capture lock (2186s, held by pid 14442)
· waiting for capture lock (2197s, held by pid 14442)
· waiting for capture lock (2207s, held by pid 14442)
· waiting for capture lock (2217s, held by pid 14442)
· waiting for capture lock (2228s, held by pid 14442)
· waiting for capture lock (2238s, held by pid 14442)
· waiting for capture lock (2249s, held by pid 14442)
· waiting for capture lock (2259s, held by pid 14442)
· waiting for capture lock (2269s, held by pid 14442)
· waiting for capture lock (2279s, held by pid 14442)
boot A  (base, 16 shots): BASE arm installed verified under the lock — src 18a2e1e292b8ac2b
  hero.base  sha 7fb6ee372a7eb73a  slots=6 uLocalToon=null
  kaykit.base  sha 84187f79e1008692  slots=6 uLocalToon=null
  temple.base  sha b8cbc697e444f04b  slots=6 uLocalToon=null
  sly-closeup.base  sha efba5934bb555d35  slots=6 uLocalToon=null
  sly-startle.base  sha 9569ddf1eda9c043  slots=6 uLocalToon=null
  sly-perch.base  sha 179005a37b1f1ca0  slots=6 uLocalToon=null
  sly-arm.base  sha eb7462f355b1f5f9  slots=6 uLocalToon=null
  courtyard.base  sha cd0c8efa092219a5  slots=6 uLocalToon=null
  dunes.base  sha 22025449f4a5f3f0  slots=4 uLocalToon=null
  interior.base  sha 70a39f4197038a6f  slots=6 uLocalToon=null
  night.base  sha 21abe96b624f99c9  slots=6 uLocalToon=null
  traversal.base  sha 2b0652a194b6b746  slots=6 uLocalToon=null
  combat.base  sha 6d3b1fea189e02c5  slots=6 uLocalToon=null
  guard.base  sha 23dbea03a3a628d0  slots=6 uLocalToon=null
  sly-profile.base  sha 8aec03935955b096  slots=6 uLocalToon=null
  sly-key.base  sha 59c62b3581c98ec7  slots=6 uLocalToon=null
boot A  (base, 16 shots): HEAD restored before lock release — src f9a77726b2a5ece0
· waiting for capture lock (10s, held by pid 27769)
· waiting for capture lock (21s, held by pid 27769)
· waiting for capture lock (31s, held by pid 27769)
· waiting for capture lock (42s, held by pid 27769)
· waiting for capture lock (53s, held by pid 27769)
· waiting for capture lock (63s, held by pid 27769)
· waiting for capture lock (74s, held by pid 27769)
· waiting for capture lock (84s, held by pid 27769)
· waiting for capture lock (95s, held by pid 27769)
· waiting for capture lock (106s, held by pid 27769)
· waiting for capture lock (116s, held by pid 27769)
· waiting for capture lock (127s, held by pid 27769)
· waiting for capture lock (138s, held by pid 27769)
· waiting for capture lock (149s, held by pid 27769)
· waiting for capture lock (159s, held by pid 27769)
· waiting for capture lock (170s, held by pid 27769)
· waiting for capture lock (180s, held by pid 27769)
· waiting for capture lock (191s, held by pid 27769)
· waiting for capture lock (201s, held by pid 27769)
· waiting for capture lock (212s, held by pid 27769)
· waiting for capture lock (222s, held by pid 27769)
· waiting for capture lock (232s, held by pid 27769)
· waiting for capture lock (243s, held by pid 27769)
· waiting for capture lock (253s, held by pid 27769)
· waiting for capture lock (263s, held by pid 27769)
· waiting for capture lock (273s, held by pid 27769)
· waiting for capture lock (284s, held by pid 27769)
· waiting for capture lock (295s, held by pid 27769)
· waiting for capture lock (306s, held by pid 27769)
· waiting for capture lock (316s, held by pid 27769)
· waiting for capture lock (326s, held by pid 27769)
· waiting for capture lock (337s, held by pid 27769)
· waiting for capture lock (347s, held by pid 27769)
· waiting for capture lock (358s, held by pid 27769)
· waiting for capture lock (368s, held by pid 27769)
· waiting for capture lock (379s, held by pid 27769)
· waiting for capture lock (390s, held by pid 27769)
· waiting for capture lock (400s, held by pid 27769)
· waiting for capture lock (410s, held by pid 27769)
· waiting for capture lock (421s, held by pid 27769)
· waiting for capture lock (431s, held by pid 27769)
· waiting for capture lock (442s, held by pid 27769)
· waiting for capture lock (452s, held by pid 27769)
· waiting for capture lock (462s, held by pid 27769)
· waiting for capture lock (472s, held by pid 27769)
· waiting for capture lock (483s, held by pid 27769)
· waiting for capture lock (493s, held by pid 27769)
· waiting for capture lock (504s, held by pid 27769)
· waiting for capture lock (514s, held by pid 27769)
· waiting for capture lock (525s, held by pid 27769)
· waiting for capture lock (535s, held by pid 27769)
· waiting for capture lock (546s, held by pid 27769)
· waiting for capture lock (556s, held by pid 27769)
· waiting for capture lock (567s, held by pid 27769)
· waiting for capture lock (577s, held by pid 27769)
· waiting for capture lock (588s, held by pid 27769)
· waiting for capture lock (598s, held by pid 27769)
· waiting for capture lock (608s, held by pid 27769)
· waiting for capture lock (619s, held by pid 27769)
· waiting for capture lock (629s, held by pid 27769)
· waiting for capture lock (640s, held by pid 27769)
· waiting for capture lock (651s, held by pid 27769)
· waiting for capture lock (661s, held by pid 27769)
· waiting for capture lock (672s, held by pid 27769)
· waiting for capture lock (683s, held by pid 27769)
· waiting for capture lock (693s, held by pid 27769)
· waiting for capture lock (704s, held by pid 27769)
· waiting for capture lock (714s, held by pid 27769)
· waiting for capture lock (724s, held by pid 27769)
· waiting for capture lock (735s, held by pid 27769)
· waiting for capture lock (745s, held by pid 27769)
· waiting for capture lock (756s, held by pid 27769)
· waiting for capture lock (766s, held by pid 27769)
· waiting for capture lock (777s, held by pid 27769)
· waiting for capture lock (788s, held by pid 27769)
· waiting for capture lock (799s, held by pid 27769)
· waiting for capture lock (809s, held by pid 27769)
· waiting for capture lock (820s, held by pid 27769)
· waiting for capture lock (830s, held by pid 27769)
· waiting for capture lock (840s, held by pid 27769)
· waiting for capture lock (850s, held by pid 27769)
· waiting for capture lock (861s, held by pid 27769)
· waiting for capture lock (871s, held by pid 27769)
· waiting for capture lock (882s, held by pid 27769)
· waiting for capture lock (892s, held by pid 27769)
· waiting for capture lock (903s, held by pid 27769)
· waiting for capture lock (913s, held by pid 27769)
· waiting for capture lock (924s, held by pid 27769)
· waiting for capture lock (934s, held by pid 27769)
· waiting for capture lock (944s, held by pid 27769)
· waiting for capture lock (955s, held by pid 27769)
· waiting for capture lock (965s, held by pid 27769)
· waiting for capture lock (975s, held by pid 27769)
· waiting for capture lock (985s, held by pid 27769)
· waiting for capture lock (996s, held by pid 27769)
· waiting for capture lock (1007s, held by pid 27769)
· waiting for capture lock (1017s, held by pid 27769)
· waiting for capture lock (1028s, held by pid 27769)
· waiting for capture lock (1038s, held by pid 27769)
· waiting for capture lock (1048s, held by pid 27769)
· waiting for capture lock (1059s, held by pid 27769)
· waiting for capture lock (1069s, held by pid 27769)
· waiting for capture lock (1080s, held by pid 27769)
· waiting for capture lock (1091s, held by pid 27769)
· waiting for capture lock (1101s, held by pid 27769)
· waiting for capture lock (1111s, held by pid 27769)
· waiting for capture lock (1122s, held by pid 27769)
· waiting for capture lock (1132s, held by pid 27769)
· waiting for capture lock (1142s, held by pid 27769)
· waiting for capture lock (1152s, held by pid 27769)
· waiting for capture lock (1163s, held by pid 27769)
· waiting for capture lock (1173s, held by pid 27769)
· waiting for capture lock (1184s, held by pid 27769)
· waiting for capture lock (1195s, held by pid 27769)
· waiting for capture lock (1205s, held by pid 27769)
· waiting for capture lock (1215s, held by pid 27769)
· waiting for capture lock (1225s, held by pid 27769)
· waiting for capture lock (1236s, held by pid 27769)
· waiting for capture lock (1247s, held by pid 27769)
· waiting for capture lock (1257s, held by pid 27769)
· waiting for capture lock (1268s, held by pid 27769)
· waiting for capture lock (1278s, held by pid 27769)
· waiting for capture lock (1288s, held by pid 27769)
· waiting for capture lock (1299s, held by pid 27769)
· waiting for capture lock (1309s, held by pid 27769)
· waiting for capture lock (1319s, held by pid 27769)
· waiting for capture lock (1330s, held by pid 27769)
· waiting for capture lock (1341s, held by pid 27769)
· waiting for capture lock (1351s, held by pid 27769)
· waiting for capture lock (1362s, held by pid 27769)
· waiting for capture lock (1372s, held by pid 27769)
· waiting for capture lock (1383s, held by pid 27769)
· waiting for capture lock (1393s, held by pid 27769)
· waiting for capture lock (1404s, held by pid 27769)
· waiting for capture lock (1414s, held by pid 27769)
· waiting for capture lock (1425s, held by pid 27769)
· waiting for capture lock (1435s, held by pid 27769)
· waiting for capture lock (1446s, held by pid 27769)
· waiting for capture lock (1457s, held by pid 27769)
· waiting for capture lock (1467s, held by pid 27769)
· waiting for capture lock (1477s, held by pid 27769)
· waiting for capture lock (1488s, held by pid 27769)
· waiting for capture lock (1499s, held by pid 27769)
· waiting for capture lock (1509s, held by pid 27769)
· waiting for capture lock (1519s, held by pid 27769)
· waiting for capture lock (1530s, held by pid 27769)
· waiting for capture lock (1540s, held by pid 27769)
· waiting for capture lock (1551s, held by pid 27769)
· waiting for capture lock (1562s, held by pid 27769)
· waiting for capture lock (1572s, held by pid 27769)
· waiting for capture lock (1583s, held by pid 27769)
· waiting for capture lock (1594s, held by pid 27769)
· waiting for capture lock (1604s, held by pid 27769)
· waiting for capture lock (1614s, held by pid 27769)
· waiting for capture lock (1625s, held by pid 27769)
· waiting for capture lock (1636s, held by pid 27769)
· waiting for capture lock (1646s, held by pid 27769)
· waiting for capture lock (1656s, held by pid 27769)
· waiting for capture lock (1666s, held by pid 27769)
· waiting for capture lock (1677s, held by pid 27769)
