BASE 926f0ee verified: src delta is exactly the three registered files.
HEAD f4056f4364af; frames -> /home/user/Demo/progress/records/torchlight1
· waiting for capture lock (10s, held by pid 24041)
· waiting for capture lock (20s, held by pid 24041)
· waiting for capture lock (31s, held by pid 24041)
· waiting for capture lock (42s, held by pid 24041)
· waiting for capture lock (52s, held by pid 24041)
· waiting for capture lock (62s, held by pid 24041)
· waiting for capture lock (72s, held by pid 24041)
· waiting for capture lock (83s, held by pid 24041)
· waiting for capture lock (93s, held by pid 24041)
· waiting for capture lock (104s, held by pid 24041)
· waiting for capture lock (114s, held by pid 24041)
· waiting for capture lock (125s, held by pid 24041)
· waiting for capture lock (135s, held by pid 24041)
· waiting for capture lock (145s, held by pid 24041)
· waiting for capture lock (157s, held by pid 24041)
· waiting for capture lock (167s, held by pid 24041)
· waiting for capture lock (178s, held by pid 24041)
· waiting for capture lock (189s, held by pid 24041)
· waiting for capture lock (200s, held by pid 24041)
· waiting for capture lock (210s, held by pid 24041)
· waiting for capture lock (221s, held by pid 24041)
· waiting for capture lock (231s, held by pid 24041)
· waiting for capture lock (241s, held by pid 24041)
· waiting for capture lock (252s, held by pid 24041)
· waiting for capture lock (262s, held by pid 24041)
· waiting for capture lock (272s, held by pid 24041)
· waiting for capture lock (282s, held by pid 24041)
· waiting for capture lock (293s, held by pid 24041)
· waiting for capture lock (304s, held by pid 24041)
· waiting for capture lock (314s, held by pid 24041)
· waiting for capture lock (325s, held by pid 24041)
· waiting for capture lock (335s, held by pid 24041)
· waiting for capture lock (346s, held by pid 24041)
· waiting for capture lock (356s, held by pid 24041)
· waiting for capture lock (366s, held by pid 24041)
· waiting for capture lock (377s, held by pid 24041)
· waiting for capture lock (388s, held by pid 24041)
· waiting for capture lock (398s, held by pid 24041)
· waiting for capture lock (408s, held by pid 24041)
· waiting for capture lock (418s, held by pid 24041)
· waiting for capture lock (429s, held by pid 24041)
· waiting for capture lock (439s, held by pid 24041)
· waiting for capture lock (450s, held by pid 24041)
· waiting for capture lock (461s, held by pid 24041)
· waiting for capture lock (472s, held by pid 24041)
· waiting for capture lock (483s, held by pid 24041)
· waiting for capture lock (493s, held by pid 24041)
· waiting for capture lock (503s, held by pid 24041)
· waiting for capture lock (513s, held by pid 24041)
· waiting for capture lock (523s, held by pid 24041)
· waiting for capture lock (534s, held by pid 24041)
· waiting for capture lock (544s, held by pid 24041)
· waiting for capture lock (554s, held by pid 24041)
· waiting for capture lock (565s, held by pid 24041)
· waiting for capture lock (575s, held by pid 24041)
· waiting for capture lock (586s, held by pid 24041)
· waiting for capture lock (597s, held by pid 24041)
· waiting for capture lock (607s, held by pid 24041)
· waiting for capture lock (617s, held by pid 24041)
· waiting for capture lock (627s, held by pid 24041)
· waiting for capture lock (638s, held by pid 24041)
· waiting for capture lock (648s, held by pid 24041)
· waiting for capture lock (659s, held by pid 24041)
· waiting for capture lock (669s, held by pid 24041)
· waiting for capture lock (680s, held by pid 24041)
· waiting for capture lock (690s, held by pid 24041)
· waiting for capture lock (700s, held by pid 24041)
· waiting for capture lock (711s, held by pid 24041)
· waiting for capture lock (721s, held by pid 24041)
· waiting for capture lock (732s, held by pid 24041)
· waiting for capture lock (743s, held by pid 24041)
· waiting for capture lock (753s, held by pid 24041)
· waiting for capture lock (764s, held by pid 24041)
· waiting for capture lock (775s, held by pid 24041)
· waiting for capture lock (785s, held by pid 24041)
· waiting for capture lock (796s, held by pid 24041)
· waiting for capture lock (806s, held by pid 24041)
· waiting for capture lock (816s, held by pid 24041)
· waiting for capture lock (828s, held by pid 24041)
· waiting for capture lock (838s, held by pid 24041)
· waiting for capture lock (849s, held by pid 24041)
· waiting for capture lock (859s, held by pid 24041)
· waiting for capture lock (871s, held by pid 24041)
· waiting for capture lock (881s, held by pid 24041)
· waiting for capture lock (892s, held by pid 24041)
· waiting for capture lock (903s, held by pid 24041)
· waiting for capture lock (913s, held by pid 24041)
· waiting for capture lock (923s, held by pid 24041)
· waiting for capture lock (933s, held by pid 24041)
· waiting for capture lock (944s, held by pid 24041)
· waiting for capture lock (954s, held by pid 24041)
· waiting for capture lock (965s, held by pid 24041)
· waiting for capture lock (976s, held by pid 24041)
· waiting for capture lock (987s, held by pid 24041)
· waiting for capture lock (997s, held by pid 24041)
· waiting for capture lock (1007s, held by pid 24041)
· waiting for capture lock (1018s, held by pid 24041)
· waiting for capture lock (1029s, held by pid 24041)
· waiting for capture lock (1039s, held by pid 24041)
· waiting for capture lock (1050s, held by pid 24041)
· waiting for capture lock (1061s, held by pid 24041)
· waiting for capture lock (1071s, held by pid 24041)
· waiting for capture lock (1082s, held by pid 24041)
· waiting for capture lock (1092s, held by pid 24041)
· waiting for capture lock (1103s, held by pid 24041)
· waiting for capture lock (1113s, held by pid 24041)
· waiting for capture lock (1124s, held by pid 24041)
· waiting for capture lock (1134s, held by pid 24041)
· waiting for capture lock (1145s, held by pid 25647)
· waiting for capture lock (1156s, held by pid 25647)
· waiting for capture lock (1167s, held by pid 25647)
· waiting for capture lock (1178s, held by pid 25647)
· waiting for capture lock (1188s, held by pid 25647)
· waiting for capture lock (1199s, held by pid 25647)
· waiting for capture lock (1209s, held by pid 25647)
· waiting for capture lock (1219s, held by pid 25647)
· waiting for capture lock (1230s, held by pid 25647)
· waiting for capture lock (1241s, held by pid 25647)
· waiting for capture lock (1251s, held by pid 25647)
· waiting for capture lock (1261s, held by pid 25647)
· waiting for capture lock (1272s, held by pid 25647)
· waiting for capture lock (1283s, held by pid 25647)
· waiting for capture lock (1294s, held by pid 25647)
· waiting for capture lock (1305s, held by pid 25647)
· waiting for capture lock (1315s, held by pid 25647)
· waiting for capture lock (1326s, held by pid 25647)
· waiting for capture lock (1336s, held by pid 25647)
· waiting for capture lock (1346s, held by pid 25647)
· waiting for capture lock (1356s, held by pid 25647)
· waiting for capture lock (1367s, held by pid 25647)
· waiting for capture lock (1377s, held by pid 25647)
· waiting for capture lock (1388s, held by pid 25647)
· waiting for capture lock (1399s, held by pid 25647)
· waiting for capture lock (1410s, held by pid 25647)
· waiting for capture lock (1420s, held by pid 25647)
· waiting for capture lock (1430s, held by pid 25647)
· waiting for capture lock (1441s, held by pid 25647)
· waiting for capture lock (1452s, held by pid 25647)
· waiting for capture lock (1462s, held by pid 25647)
· waiting for capture lock (1472s, held by pid 25647)
· waiting for capture lock (1483s, held by pid 25647)
· waiting for capture lock (1494s, held by pid 25647)
· waiting for capture lock (1505s, held by pid 25647)
· waiting for capture lock (1515s, held by pid 25647)
· waiting for capture lock (1526s, held by pid 25647)
· waiting for capture lock (1536s, held by pid 25647)
· waiting for capture lock (1547s, held by pid 25647)
· waiting for capture lock (1558s, held by pid 25647)
· waiting for capture lock (1568s, held by pid 25647)
· waiting for capture lock (1578s, held by pid 25647)
· waiting for capture lock (1588s, held by pid 25647)
· waiting for capture lock (1599s, held by pid 25647)
· waiting for capture lock (1609s, held by pid 25647)
· waiting for capture lock (1620s, held by pid 25647)
· waiting for capture lock (1630s, held by pid 25647)
· waiting for capture lock (1641s, held by pid 25647)
· waiting for capture lock (1652s, held by pid 25647)
· waiting for capture lock (1663s, held by pid 25647)
· waiting for capture lock (1674s, held by pid 25647)
· waiting for capture lock (1684s, held by pid 25647)
· waiting for capture lock (1695s, held by pid 25647)
· waiting for capture lock (1705s, held by pid 25647)
· waiting for capture lock (1716s, held by pid 25647)
· waiting for capture lock (1727s, held by pid 25647)
· waiting for capture lock (1738s, held by pid 25647)
· waiting for capture lock (1748s, held by pid 25647)
· waiting for capture lock (1759s, held by pid 25647)
· waiting for capture lock (1769s, held by pid 25647)
· waiting for capture lock (1779s, held by pid 25647)
· waiting for capture lock (1790s, held by pid 25647)
· waiting for capture lock (1800s, held by pid 25647)
· waiting for capture lock (1810s, held by pid 25647)
· waiting for capture lock (1821s, held by pid 25647)
· waiting for capture lock (1832s, held by pid 25647)
· waiting for capture lock (1842s, held by pid 25647)
· waiting for capture lock (1853s, held by pid 25647)
· waiting for capture lock (1863s, held by pid 25647)
· waiting for capture lock (1874s, held by pid 25647)
· waiting for capture lock (1884s, held by pid 25647)
· waiting for capture lock (1895s, held by pid 25647)
· waiting for capture lock (1905s, held by pid 25647)
· waiting for capture lock (1915s, held by pid 25647)
· waiting for capture lock (1926s, held by pid 25647)
· waiting for capture lock (1936s, held by pid 25647)
· waiting for capture lock (1947s, held by pid 25647)
· waiting for capture lock (1957s, held by pid 25647)
· waiting for capture lock (1967s, held by pid 25647)
· waiting for capture lock (1978s, held by pid 25647)
· waiting for capture lock (1988s, held by pid 25647)
· waiting for capture lock (1999s, held by pid 25647)
· waiting for capture lock (2009s, held by pid 25647)
· waiting for capture lock (2021s, held by pid 25647)
· waiting for capture lock (2031s, held by pid 25647)
· waiting for capture lock (2042s, held by pid 25647)
· waiting for capture lock (2052s, held by pid 25647)
· waiting for capture lock (2063s, held by pid 25647)
· waiting for capture lock (2073s, held by pid 25647)
· waiting for capture lock (2084s, held by pid 25647)
· waiting for capture lock (2094s, held by pid 25647)
· waiting for capture lock (2105s, held by pid 25647)
· waiting for capture lock (2115s, held by pid 25647)
· waiting for capture lock (2125s, held by pid 25647)
· waiting for capture lock (2136s, held by pid 25647)
· waiting for capture lock (2147s, held by pid 25647)
· waiting for capture lock (2157s, held by pid 25647)
· waiting for capture lock (2167s, held by pid 25647)
· waiting for capture lock (2178s, held by pid 25647)
· waiting for capture lock (2188s, held by pid 25647)
· waiting for capture lock (2198s, held by pid 25647)
· waiting for capture lock (2208s, held by pid 25647)
· waiting for capture lock (2219s, held by pid 25647)
· waiting for capture lock (2229s, held by pid 25647)
· waiting for capture lock (2239s, held by pid 25647)
· waiting for capture lock (2250s, held by pid 25647)
· waiting for capture lock (2260s, held by pid 25647)
· waiting for capture lock (2270s, held by pid 25647)
· waiting for capture lock (2281s, held by pid 25647)
· waiting for capture lock (2291s, held by pid 25647)
· waiting for capture lock (2302s, held by pid 25647)
· waiting for capture lock (2312s, held by pid 25647)
· waiting for capture lock (2323s, held by pid 25647)
· waiting for capture lock (2334s, held by pid 25647)
· waiting for capture lock (2344s, held by pid 25647)
· waiting for capture lock (2354s, held by pid 25647)
· waiting for capture lock (2365s, held by pid 25647)
· waiting for capture lock (2375s, held by pid 25647)
· waiting for capture lock (2386s, held by pid 25647)
· waiting for capture lock (2396s, held by pid 25647)
· waiting for capture lock (2407s, held by pid 25647)
· waiting for capture lock (2417s, held by pid 25647)
· waiting for capture lock (2427s, held by pid 25647)
· waiting for capture lock (2438s, held by pid 25647)
· waiting for capture lock (2449s, held by pid 25647)
· waiting for capture lock (2460s, held by pid 25647)
· waiting for capture lock (2471s, held by pid 25647)
· waiting for capture lock (2481s, held by pid 25647)
· waiting for capture lock (2491s, held by pid 25647)
· waiting for capture lock (2502s, held by pid 25647)
· waiting for capture lock (2513s, held by pid 25647)
· waiting for capture lock (2523s, held by pid 25647)
· waiting for capture lock (2533s, held by pid 25647)
· waiting for capture lock (2544s, held by pid 25647)
· waiting for capture lock (2555s, held by pid 25647)
· waiting for capture lock (2566s, held by pid 25647)
· waiting for capture lock (2576s, held by pid 25647)
· waiting for capture lock (2587s, held by pid 25647)
· waiting for capture lock (2597s, held by pid 25647)
· waiting for capture lock (2607s, held by pid 25647)
· waiting for capture lock (2617s, held by pid 25647)
· waiting for capture lock (2628s, held by pid 25647)
· waiting for capture lock (2639s, held by pid 11696)
· waiting for capture lock (2649s, held by pid 11696)
· waiting for capture lock (2660s, held by pid 11696)
· waiting for capture lock (2671s, held by pid 11696)
· waiting for capture lock (2681s, held by pid 11696)
· waiting for capture lock (2692s, held by pid 11696)
· waiting for capture lock (2702s, held by pid 11696)
· waiting for capture lock (2712s, held by pid 11696)
· waiting for capture lock (2723s, held by pid 11696)
· waiting for capture lock (2734s, held by pid 11696)
· waiting for capture lock (2744s, held by pid 11696)
· waiting for capture lock (2754s, held by pid 11696)
· waiting for capture lock (2764s, held by pid 11696)
· waiting for capture lock (2775s, held by pid 11696)
· waiting for capture lock (2786s, held by pid 11696)
· waiting for capture lock (2797s, held by pid 11696)
· waiting for capture lock (2807s, held by pid 11696)
· waiting for capture lock (2818s, held by pid 11696)
· waiting for capture lock (2828s, held by pid 11696)
· waiting for capture lock (2838s, held by pid 11696)
· waiting for capture lock (2848s, held by pid 11696)
· waiting for capture lock (2859s, held by pid 11696)
· waiting for capture lock (2869s, held by pid 11696)
· waiting for capture lock (2880s, held by pid 11696)
· waiting for capture lock (2890s, held by pid 11696)
· waiting for capture lock (2901s, held by pid 11696)
· waiting for capture lock (2911s, held by pid 11696)
· waiting for capture lock (2922s, held by pid 11696)
· waiting for capture lock (2932s, held by pid 11696)
· waiting for capture lock (2942s, held by pid 11696)
· waiting for capture lock (2952s, held by pid 11696)
· waiting for capture lock (2962s, held by pid 11696)
· waiting for capture lock (2973s, held by pid 11696)
· waiting for capture lock (2984s, held by pid 11696)
· waiting for capture lock (2995s, held by pid 11696)
· waiting for capture lock (3006s, held by pid 11696)
· waiting for capture lock (3017s, held by pid 11696)
· waiting for capture lock (3028s, held by pid 11696)
· waiting for capture lock (3038s, held by pid 11696)
· waiting for capture lock (3049s, held by pid 11696)
· waiting for capture lock (3060s, held by pid 11696)
· waiting for capture lock (3070s, held by pid 11696)
· waiting for capture lock (3080s, held by pid 11696)
· waiting for capture lock (3090s, held by pid 11696)
· waiting for capture lock (3101s, held by pid 11696)
· waiting for capture lock (3111s, held by pid 11696)
· waiting for capture lock (3122s, held by pid 11696)
· waiting for capture lock (3132s, held by pid 11696)
· waiting for capture lock (3142s, held by pid 11696)
· waiting for capture lock (3152s, held by pid 11696)
· waiting for capture lock (3163s, held by pid 11696)
· waiting for capture lock (3174s, held by pid 11696)
· waiting for capture lock (3185s, held by pid 11696)
· waiting for capture lock (3195s, held by pid 11696)
· waiting for capture lock (3206s, held by pid 11696)
· waiting for capture lock (3217s, held by pid 11696)
· waiting for capture lock (3227s, held by pid 11696)
· waiting for capture lock (3238s, held by pid 11696)
· waiting for capture lock (3248s, held by pid 11696)
· waiting for capture lock (3259s, held by pid 11696)
· waiting for capture lock (3270s, held by pid 11696)
· waiting for capture lock (3281s, held by pid 11696)
· waiting for capture lock (3292s, held by pid 11696)
· waiting for capture lock (3302s, held by pid 11696)
· waiting for capture lock (3313s, held by pid 11696)
· waiting for capture lock (3323s, held by pid 11696)
· waiting for capture lock (3334s, held by pid 11696)
· waiting for capture lock (3344s, held by pid 11696)
· waiting for capture lock (3355s, held by pid 11696)
· waiting for capture lock (3366s, held by pid 11696)
· waiting for capture lock (3376s, held by pid 11696)
· waiting for capture lock (3387s, held by pid 11696)
· waiting for capture lock (3398s, held by pid 11696)
· waiting for capture lock (3408s, held by pid 11696)
· waiting for capture lock (3419s, held by pid 11696)
boot A  (base, 16 shots): BASE arm installed under the lock — src 677f577dff2a772a
BASE 926f0ee verified: src delta is exactly the three registered files.
expected src hashes: base 18a2e1e292b8ac2b  cand f9a77726b2a5ece0
HEAD 30a02bd20a77; frames -> /home/user/Demo/progress/records/torchlight1
· waiting for capture lock (11s, held by pid 25087)
· waiting for capture lock (21s, held by pid 25087)
· waiting for capture lock (31s, held by pid 25087)
· waiting for capture lock (42s, held by pid 25087)
· waiting for capture lock (53s, held by pid 25087)
· waiting for capture lock (64s, held by pid 25087)
· waiting for capture lock (74s, held by pid 25087)
· waiting for capture lock (85s, held by pid 25087)
· waiting for capture lock (95s, held by pid 25087)
· waiting for capture lock (106s, held by pid 25087)
· waiting for capture lock (116s, held by pid 25087)
· waiting for capture lock (127s, held by pid 25087)
· waiting for capture lock (137s, held by pid 25087)
· waiting for capture lock (147s, held by pid 25087)
· waiting for capture lock (158s, held by pid 25087)
· waiting for capture lock (168s, held by pid 25087)
· waiting for capture lock (178s, held by pid 25087)
· waiting for capture lock (189s, held by pid 25087)
· waiting for capture lock (199s, held by pid 25087)
· waiting for capture lock (209s, held by pid 25087)
· waiting for capture lock (220s, held by pid 25087)
· waiting for capture lock (230s, held by pid 25087)
· waiting for capture lock (240s, held by pid 25087)
· waiting for capture lock (251s, held by pid 25087)
· waiting for capture lock (262s, held by pid 25087)
· waiting for capture lock (272s, held by pid 25087)
· waiting for capture lock (283s, held by pid 25087)
· waiting for capture lock (294s, held by pid 25087)
· waiting for capture lock (304s, held by pid 25087)
· waiting for capture lock (315s, held by pid 25087)
· waiting for capture lock (325s, held by pid 25087)
· waiting for capture lock (336s, held by pid 25087)
· waiting for capture lock (347s, held by pid 25087)
· waiting for capture lock (358s, held by pid 25087)
· waiting for capture lock (368s, held by pid 25087)
· waiting for capture lock (379s, held by pid 25087)
· waiting for capture lock (389s, held by pid 25087)
· waiting for capture lock (399s, held by pid 25087)
· waiting for capture lock (410s, held by pid 25087)
· waiting for capture lock (421s, held by pid 25087)
· waiting for capture lock (431s, held by pid 25087)
· waiting for capture lock (442s, held by pid 25087)
· waiting for capture lock (452s, held by pid 25087)
· waiting for capture lock (463s, held by pid 25087)
· waiting for capture lock (474s, held by pid 25087)
· waiting for capture lock (484s, held by pid 25087)
· waiting for capture lock (494s, held by pid 25087)
· waiting for capture lock (505s, held by pid 25087)
· waiting for capture lock (516s, held by pid 25087)
· waiting for capture lock (526s, held by pid 25087)
· waiting for capture lock (537s, held by pid 25087)
· waiting for capture lock (548s, held by pid 25087)
· waiting for capture lock (558s, held by pid 25087)
· waiting for capture lock (569s, held by pid 25087)
· waiting for capture lock (579s, held by pid 25087)
· waiting for capture lock (590s, held by pid 25087)
· waiting for capture lock (600s, held by pid 25087)
· waiting for capture lock (611s, held by pid 25087)
· waiting for capture lock (622s, held by pid 25087)
· waiting for capture lock (633s, held by pid 25087)
· waiting for capture lock (644s, held by pid 25087)
· waiting for capture lock (654s, held by pid 25087)
· waiting for capture lock (665s, held by pid 25087)
· waiting for capture lock (676s, held by pid 25087)
· waiting for capture lock (686s, held by pid 25087)
· waiting for capture lock (697s, held by pid 25087)
· waiting for capture lock (707s, held by pid 25087)
· waiting for capture lock (718s, held by pid 25087)
· waiting for capture lock (729s, held by pid 25087)
· waiting for capture lock (739s, held by pid 25087)
· waiting for capture lock (750s, held by pid 25087)
· waiting for capture lock (760s, held by pid 25087)
· waiting for capture lock (771s, held by pid 25087)
· waiting for capture lock (781s, held by pid 25087)
· waiting for capture lock (792s, held by pid 25087)
· waiting for capture lock (802s, held by pid 25087)
· waiting for capture lock (813s, held by pid 25087)
· waiting for capture lock (823s, held by pid 25087)
· waiting for capture lock (834s, held by pid 25087)
· waiting for capture lock (845s, held by pid 25087)
· waiting for capture lock (855s, held by pid 25087)
· waiting for capture lock (866s, held by pid 25087)
· waiting for capture lock (877s, held by pid 25087)
· waiting for capture lock (887s, held by pid 25087)
· waiting for capture lock (898s, held by pid 25087)
· waiting for capture lock (908s, held by pid 25087)
· waiting for capture lock (919s, held by pid 25087)
· waiting for capture lock (929s, held by pid 25087)
· waiting for capture lock (939s, held by pid 25087)
· waiting for capture lock (950s, held by pid 25087)
· waiting for capture lock (961s, held by pid 25087)
· waiting for capture lock (971s, held by pid 25087)
· waiting for capture lock (982s, held by pid 25087)
· waiting for capture lock (993s, held by pid 25087)
· waiting for capture lock (1004s, held by pid 25087)
· waiting for capture lock (1014s, held by pid 25087)
· waiting for capture lock (1025s, held by pid 25087)
· waiting for capture lock (1035s, held by pid 25087)
· waiting for capture lock (1046s, held by pid 25087)
· waiting for capture lock (1056s, held by pid 25087)
· waiting for capture lock (1067s, held by pid 25087)
· waiting for capture lock (1078s, held by pid 25087)
· waiting for capture lock (1088s, held by pid 25087)
· waiting for capture lock (1098s, held by pid 25087)
· waiting for capture lock (1108s, held by pid 25087)
· waiting for capture lock (1118s, held by pid 25087)
· waiting for capture lock (1128s, held by pid 25087)
· waiting for capture lock (1139s, held by pid 25087)
· waiting for capture lock (1150s, held by pid 25087)
· waiting for capture lock (1160s, held by pid 25087)
· waiting for capture lock (1171s, held by pid 25087)
· waiting for capture lock (1181s, held by pid 25087)
· waiting for capture lock (1192s, held by pid 25087)
· waiting for capture lock (1203s, held by pid 25087)
· waiting for capture lock (1213s, held by pid 25087)
· waiting for capture lock (1223s, held by pid 25087)
· waiting for capture lock (1234s, held by pid 30311)
· waiting for capture lock (1245s, held by pid 30311)
· waiting for capture lock (1256s, held by pid 30311)
· waiting for capture lock (1266s, held by pid 30311)
· waiting for capture lock (1276s, held by pid 30311)
· waiting for capture lock (1287s, held by pid 30311)
· waiting for capture lock (1298s, held by pid 30311)
· waiting for capture lock (1308s, held by pid 30311)
· waiting for capture lock (1319s, held by pid 30311)
· waiting for capture lock (1330s, held by pid 30311)
· waiting for capture lock (1340s, held by pid 30311)
· waiting for capture lock (1351s, held by pid 30311)
· waiting for capture lock (1361s, held by pid 30311)
· waiting for capture lock (1371s, held by pid 30311)
· waiting for capture lock (1382s, held by pid 30311)
· waiting for capture lock (1392s, held by pid 30311)
· waiting for capture lock (1403s, held by pid 30311)
· waiting for capture lock (1414s, held by pid 30311)
· waiting for capture lock (1424s, held by pid 30311)
· waiting for capture lock (1435s, held by pid 30311)
· waiting for capture lock (1446s, held by pid 30311)
· waiting for capture lock (1457s, held by pid 30311)
· waiting for capture lock (1467s, held by pid 30311)
· waiting for capture lock (1477s, held by pid 30311)
· waiting for capture lock (1488s, held by pid 30311)
· waiting for capture lock (1498s, held by pid 30311)
· waiting for capture lock (1509s, held by pid 30311)
· waiting for capture lock (1519s, held by pid 30311)
· waiting for capture lock (1530s, held by pid 30311)
· waiting for capture lock (1541s, held by pid 30311)
· waiting for capture lock (1552s, held by pid 30311)
· waiting for capture lock (1562s, held by pid 30311)
· waiting for capture lock (1573s, held by pid 30311)
· waiting for capture lock (1583s, held by pid 30311)
· waiting for capture lock (1593s, held by pid 30311)
· waiting for capture lock (1603s, held by pid 30311)
· waiting for capture lock (1614s, held by pid 30311)
· waiting for capture lock (1624s, held by pid 30311)
· waiting for capture lock (1635s, held by pid 30311)
· waiting for capture lock (1646s, held by pid 30311)
· waiting for capture lock (1656s, held by pid 30311)
· waiting for capture lock (1666s, held by pid 30311)
· waiting for capture lock (1677s, held by pid 30311)
· waiting for capture lock (1687s, held by pid 30311)
· waiting for capture lock (1698s, held by pid 30311)
· waiting for capture lock (1709s, held by pid 30311)
· waiting for capture lock (1720s, held by pid 30311)
· waiting for capture lock (1730s, held by pid 30311)
· waiting for capture lock (1741s, held by pid 30311)
· waiting for capture lock (1751s, held by pid 30311)
· waiting for capture lock (1761s, held by pid 30311)
· waiting for capture lock (1771s, held by pid 30311)
· waiting for capture lock (1782s, held by pid 30311)
· waiting for capture lock (1792s, held by pid 30311)
· waiting for capture lock (1802s, held by pid 30311)
· waiting for capture lock (1814s, held by pid 30311)
· waiting for capture lock (1824s, held by pid 30311)
· waiting for capture lock (1834s, held by pid 30311)
· waiting for capture lock (1844s, held by pid 30311)
· waiting for capture lock (1855s, held by pid 30311)
· waiting for capture lock (1865s, held by pid 30311)
· waiting for capture lock (1876s, held by pid 30311)
· waiting for capture lock (1886s, held by pid 30311)
· waiting for capture lock (1897s, held by pid 30311)
· waiting for capture lock (1908s, held by pid 30311)
· waiting for capture lock (1918s, held by pid 30311)
· waiting for capture lock (1929s, held by pid 30311)
· waiting for capture lock (1940s, held by pid 30311)
· waiting for capture lock (1950s, held by pid 30311)
· waiting for capture lock (1960s, held by pid 30311)
· waiting for capture lock (1970s, held by pid 30311)
· waiting for capture lock (1981s, held by pid 30311)
· waiting for capture lock (1992s, held by pid 30311)
· waiting for capture lock (2002s, held by pid 30311)
· waiting for capture lock (2013s, held by pid 30311)
· waiting for capture lock (2023s, held by pid 30311)
· waiting for capture lock (2033s, held by pid 30311)
· waiting for capture lock (2043s, held by pid 30311)
· waiting for capture lock (2053s, held by pid 30311)
· waiting for capture lock (2064s, held by pid 30311)
· waiting for capture lock (2074s, held by pid 30311)
· waiting for capture lock (2085s, held by pid 30311)
· waiting for capture lock (2095s, held by pid 30311)
· waiting for capture lock (2105s, held by pid 30311)
· waiting for capture lock (2116s, held by pid 30311)
· waiting for capture lock (2127s, held by pid 30311)
· waiting for capture lock (2137s, held by pid 30311)
· waiting for capture lock (2147s, held by pid 4092)
· waiting for capture lock (2158s, held by pid 4092)
· waiting for capture lock (2168s, held by pid 4092)
· waiting for capture lock (2179s, held by pid 4092)
· waiting for capture lock (2189s, held by pid 4092)
· waiting for capture lock (2200s, held by pid 4092)
· waiting for capture lock (2211s, held by pid 4092)
· waiting for capture lock (2221s, held by pid 4092)
· waiting for capture lock (2231s, held by pid 4092)
· waiting for capture lock (2242s, held by pid 4092)
· waiting for capture lock (2252s, held by pid 4092)
· waiting for capture lock (2263s, held by pid 4092)
· waiting for capture lock (2273s, held by pid 4092)
· waiting for capture lock (2283s, held by pid 4092)
· waiting for capture lock (2293s, held by pid 4092)
· waiting for capture lock (2304s, held by pid 4092)
· waiting for capture lock (2314s, held by pid 4092)
· waiting for capture lock (2325s, held by pid 4092)
· waiting for capture lock (2335s, held by pid 4092)
· waiting for capture lock (2346s, held by pid 4092)
· waiting for capture lock (2357s, held by pid 4092)
· waiting for capture lock (2367s, held by pid 4092)
· waiting for capture lock (2378s, held by pid 4092)
· waiting for capture lock (2388s, held by pid 4092)
· waiting for capture lock (2399s, held by pid 4092)
· waiting for capture lock (2409s, held by pid 4092)
· waiting for capture lock (2420s, held by pid 4092)
· waiting for capture lock (2431s, held by pid 4092)
· waiting for capture lock (2442s, held by pid 4092)
· waiting for capture lock (2453s, held by pid 4092)
· waiting for capture lock (2463s, held by pid 4092)
· waiting for capture lock (2474s, held by pid 4092)
· waiting for capture lock (2484s, held by pid 4092)
· waiting for capture lock (2494s, held by pid 4092)
· waiting for capture lock (2505s, held by pid 4092)
· waiting for capture lock (2515s, held by pid 4092)
· waiting for capture lock (2525s, held by pid 4092)
· waiting for capture lock (2536s, held by pid 4092)
· waiting for capture lock (2546s, held by pid 4092)
· waiting for capture lock (2557s, held by pid 4092)
· waiting for capture lock (2568s, held by pid 4092)
· waiting for capture lock (2579s, held by pid 4092)
· waiting for capture lock (2589s, held by pid 4092)
· waiting for capture lock (2600s, held by pid 4092)
· waiting for capture lock (2611s, held by pid 4092)
· waiting for capture lock (2621s, held by pid 4092)
· waiting for capture lock (2631s, held by pid 4092)
· waiting for capture lock (2642s, held by pid 4092)
· waiting for capture lock (2652s, held by pid 4092)
· waiting for capture lock (2662s, held by pid 4092)
· waiting for capture lock (2673s, held by pid 4092)
· waiting for capture lock (2683s, held by pid 4092)
· waiting for capture lock (2693s, held by pid 4092)
· waiting for capture lock (2704s, held by pid 4092)
· waiting for capture lock (2715s, held by pid 4092)
· waiting for capture lock (2725s, held by pid 4092)
· waiting for capture lock (2736s, held by pid 4092)
· waiting for capture lock (2746s, held by pid 4092)
· waiting for capture lock (2757s, held by pid 4092)
· waiting for capture lock (2767s, held by pid 4092)
· waiting for capture lock (2778s, held by pid 4092)
· waiting for capture lock (2788s, held by pid 4092)
· waiting for capture lock (2799s, held by pid 4092)
· waiting for capture lock (2809s, held by pid 4092)
· waiting for capture lock (2819s, held by pid 4092)
· waiting for capture lock (2830s, held by pid 4092)
· waiting for capture lock (2840s, held by pid 4092)
· waiting for capture lock (2851s, held by pid 4092)
· waiting for capture lock (2861s, held by pid 4092)
· waiting for capture lock (2872s, held by pid 4092)
· waiting for capture lock (2883s, held by pid 4092)
· waiting for capture lock (2894s, held by pid 4092)
· waiting for capture lock (2904s, held by pid 4092)
· waiting for capture lock (2915s, held by pid 4092)
· waiting for capture lock (2926s, held by pid 4092)
· waiting for capture lock (2936s, held by pid 4092)
· waiting for capture lock (2946s, held by pid 4092)
· waiting for capture lock (2957s, held by pid 4092)
· waiting for capture lock (2968s, held by pid 4092)
· waiting for capture lock (2978s, held by pid 4092)
· waiting for capture lock (2989s, held by pid 4092)
· waiting for capture lock (3000s, held by pid 4092)
· waiting for capture lock (3010s, held by pid 4092)
· waiting for capture lock (3020s, held by pid 4092)
· waiting for capture lock (3031s, held by pid 4092)
· waiting for capture lock (3042s, held by pid 4092)
· waiting for capture lock (3052s, held by pid 4092)
· waiting for capture lock (3062s, held by pid 4092)
· waiting for capture lock (3072s, held by pid 4092)
· waiting for capture lock (3083s, held by pid 4092)
· waiting for capture lock (3093s, held by pid 4092)
· waiting for capture lock (3103s, held by pid 4092)
· waiting for capture lock (3114s, held by pid 4092)
· waiting for capture lock (3124s, held by pid 4092)
· waiting for capture lock (3134s, held by pid 4092)
· waiting for capture lock (3144s, held by pid 4092)
· waiting for capture lock (3155s, held by pid 4092)
· waiting for capture lock (3166s, held by pid 4092)
· waiting for capture lock (3176s, held by pid 4092)
· waiting for capture lock (3186s, held by pid 4092)
· waiting for capture lock (3197s, held by pid 4092)
· waiting for capture lock (3208s, held by pid 4092)
· waiting for capture lock (3218s, held by pid 4092)
· waiting for capture lock (3228s, held by pid 4092)
· waiting for capture lock (3239s, held by pid 4092)
· waiting for capture lock (3250s, held by pid 4092)
· waiting for capture lock (3260s, held by pid 4092)
· waiting for capture lock (3271s, held by pid 4092)
· waiting for capture lock (3281s, held by pid 4092)
· waiting for capture lock (3292s, held by pid 4092)
· waiting for capture lock (3302s, held by pid 4092)
· waiting for capture lock (3313s, held by pid 4092)
· waiting for capture lock (3324s, held by pid 4092)
· waiting for capture lock (3335s, held by pid 4092)
· waiting for capture lock (3345s, held by pid 4092)
· waiting for capture lock (3356s, held by pid 4092)
· waiting for capture lock (3366s, held by pid 4092)
· waiting for capture lock (3377s, held by pid 4092)
· waiting for capture lock (3387s, held by pid 4092)
· waiting for capture lock (3398s, held by pid 4092)
· waiting for capture lock (3409s, held by pid 4092)
· waiting for capture lock (3419s, held by pid 4092)
· waiting for capture lock (3430s, held by pid 4092)
· waiting for capture lock (3440s, held by pid 4092)
· waiting for capture lock (3451s, held by pid 4092)
· waiting for capture lock (3461s, held by pid 4092)
· waiting for capture lock (3471s, held by pid 4092)
· waiting for capture lock (3481s, held by pid 4092)
· waiting for capture lock (3492s, held by pid 4092)
· waiting for capture lock (3502s, held by pid 4092)
· waiting for capture lock (3512s, held by pid 4092)
· waiting for capture lock (3523s, held by pid 4092)
· waiting for capture lock (3534s, held by pid 4092)
· waiting for capture lock (3545s, held by pid 4092)
· waiting for capture lock (3555s, held by pid 4092)
· waiting for capture lock (3565s, held by pid 4092)
· waiting for capture lock (3576s, held by pid 4092)
· waiting for capture lock (3586s, held by pid 4092)
· waiting for capture lock (3597s, held by pid 4092)
